ARM GAS  /tmp/ccTHdUEG.s 			page 1


   1              		.cpu cortex-m4
   2              		.arch armv7e-m
   3              		.fpu fpv4-sp-d16
   4              		.eabi_attribute 27, 1
   5              		.eabi_attribute 28, 1
   6              		.eabi_attribute 20, 1
   7              		.eabi_attribute 21, 1
   8              		.eabi_attribute 23, 3
   9              		.eabi_attribute 24, 1
  10              		.eabi_attribute 25, 1
  11              		.eabi_attribute 26, 1
  12              		.eabi_attribute 30, 1
  13              		.eabi_attribute 34, 1
  14              		.eabi_attribute 18, 4
  15              		.file	"gpio.c"
  16              		.text
  17              	.Ltext0:
  18              		.cfi_sections	.debug_frame
  19              		.file 1 "Core/Src/gpio.c"
  20              		.section	.text.MX_GPIO_Init,"ax",%progbits
  21              		.align	1
  22              		.global	MX_GPIO_Init
  23              		.syntax unified
  24              		.thumb
  25              		.thumb_func
  27              	MX_GPIO_Init:
  28              	.LFB134:
   1:Core/Src/gpio.c **** /* USER CODE BEGIN Header */
   2:Core/Src/gpio.c **** /**
   3:Core/Src/gpio.c ****   ******************************************************************************
   4:Core/Src/gpio.c ****   * @file    gpio.c
   5:Core/Src/gpio.c ****   * @brief   This file provides code for the configuration
   6:Core/Src/gpio.c ****   *          of all used GPIO pins.
   7:Core/Src/gpio.c ****   ******************************************************************************
   8:Core/Src/gpio.c ****   * @attention
   9:Core/Src/gpio.c ****   *
  10:Core/Src/gpio.c ****   * Copyright (c) 2026 STMicroelectronics.
  11:Core/Src/gpio.c ****   * All rights reserved.
  12:Core/Src/gpio.c ****   *
  13:Core/Src/gpio.c ****   * This software is licensed under terms that can be found in the LICENSE file
  14:Core/Src/gpio.c ****   * in the root directory of this software component.
  15:Core/Src/gpio.c ****   * If no LICENSE file comes with this software, it is provided AS-IS.
  16:Core/Src/gpio.c ****   *
  17:Core/Src/gpio.c ****   ******************************************************************************
  18:Core/Src/gpio.c ****   */
  19:Core/Src/gpio.c **** /* USER CODE END Header */
  20:Core/Src/gpio.c **** 
  21:Core/Src/gpio.c **** /* Includes ------------------------------------------------------------------*/
  22:Core/Src/gpio.c **** #include "gpio.h"
  23:Core/Src/gpio.c **** 
  24:Core/Src/gpio.c **** /* USER CODE BEGIN 0 */
  25:Core/Src/gpio.c **** 
  26:Core/Src/gpio.c **** /* USER CODE END 0 */
  27:Core/Src/gpio.c **** 
  28:Core/Src/gpio.c **** /*----------------------------------------------------------------------------*/
  29:Core/Src/gpio.c **** /* Configure GPIO                                                             */
  30:Core/Src/gpio.c **** /*----------------------------------------------------------------------------*/
ARM GAS  /tmp/ccTHdUEG.s 			page 2


  31:Core/Src/gpio.c **** /* USER CODE BEGIN 1 */
  32:Core/Src/gpio.c **** 
  33:Core/Src/gpio.c **** /* USER CODE END 1 */
  34:Core/Src/gpio.c **** 
  35:Core/Src/gpio.c **** /** Configure pins as
  36:Core/Src/gpio.c ****         * Analog
  37:Core/Src/gpio.c ****         * Input
  38:Core/Src/gpio.c ****         * Output
  39:Core/Src/gpio.c ****         * EVENT_OUT
  40:Core/Src/gpio.c ****         * EXTI
  41:Core/Src/gpio.c **** */
  42:Core/Src/gpio.c **** void MX_GPIO_Init(void)
  43:Core/Src/gpio.c **** {
  29              		.loc 1 43 1 view -0
  30              		.cfi_startproc
  31              		@ args = 0, pretend = 0, frame = 40
  32              		@ frame_needed = 0, uses_anonymous_args = 0
  33 0000 F0B5     		push	{r4, r5, r6, r7, lr}
  34              	.LCFI0:
  35              		.cfi_def_cfa_offset 20
  36              		.cfi_offset 4, -20
  37              		.cfi_offset 5, -16
  38              		.cfi_offset 6, -12
  39              		.cfi_offset 7, -8
  40              		.cfi_offset 14, -4
  41 0002 8BB0     		sub	sp, sp, #44
  42              	.LCFI1:
  43              		.cfi_def_cfa_offset 64
  44:Core/Src/gpio.c **** 
  45:Core/Src/gpio.c ****   GPIO_InitTypeDef GPIO_InitStruct = {0};
  44              		.loc 1 45 3 view .LVU1
  45              		.loc 1 45 20 is_stmt 0 view .LVU2
  46 0004 0024     		movs	r4, #0
  47 0006 0594     		str	r4, [sp, #20]
  48 0008 0694     		str	r4, [sp, #24]
  49 000a 0794     		str	r4, [sp, #28]
  50 000c 0894     		str	r4, [sp, #32]
  51 000e 0994     		str	r4, [sp, #36]
  46:Core/Src/gpio.c **** 
  47:Core/Src/gpio.c ****   /* GPIO Ports Clock Enable */
  48:Core/Src/gpio.c ****   __HAL_RCC_GPIOC_CLK_ENABLE();
  52              		.loc 1 48 3 is_stmt 1 view .LVU3
  53              	.LBB2:
  54              		.loc 1 48 3 view .LVU4
  55              		.loc 1 48 3 view .LVU5
  56 0010 324B     		ldr	r3, .L3
  57 0012 5A69     		ldr	r2, [r3, #20]
  58 0014 42F40022 		orr	r2, r2, #524288
  59 0018 5A61     		str	r2, [r3, #20]
  60              		.loc 1 48 3 view .LVU6
  61 001a 5A69     		ldr	r2, [r3, #20]
  62 001c 02F40022 		and	r2, r2, #524288
  63 0020 0192     		str	r2, [sp, #4]
  64              		.loc 1 48 3 view .LVU7
  65 0022 019A     		ldr	r2, [sp, #4]
  66              	.LBE2:
  67              		.loc 1 48 3 view .LVU8
ARM GAS  /tmp/ccTHdUEG.s 			page 3


  49:Core/Src/gpio.c ****   __HAL_RCC_GPIOF_CLK_ENABLE();
  68              		.loc 1 49 3 view .LVU9
  69              	.LBB3:
  70              		.loc 1 49 3 view .LVU10
  71              		.loc 1 49 3 view .LVU11
  72 0024 5A69     		ldr	r2, [r3, #20]
  73 0026 42F48002 		orr	r2, r2, #4194304
  74 002a 5A61     		str	r2, [r3, #20]
  75              		.loc 1 49 3 view .LVU12
  76 002c 5A69     		ldr	r2, [r3, #20]
  77 002e 02F48002 		and	r2, r2, #4194304
  78 0032 0292     		str	r2, [sp, #8]
  79              		.loc 1 49 3 view .LVU13
  80 0034 029A     		ldr	r2, [sp, #8]
  81              	.LBE3:
  82              		.loc 1 49 3 view .LVU14
  50:Core/Src/gpio.c ****   __HAL_RCC_GPIOA_CLK_ENABLE();
  83              		.loc 1 50 3 view .LVU15
  84              	.LBB4:
  85              		.loc 1 50 3 view .LVU16
  86              		.loc 1 50 3 view .LVU17
  87 0036 5A69     		ldr	r2, [r3, #20]
  88 0038 42F40032 		orr	r2, r2, #131072
  89 003c 5A61     		str	r2, [r3, #20]
  90              		.loc 1 50 3 view .LVU18
  91 003e 5A69     		ldr	r2, [r3, #20]
  92 0040 02F40032 		and	r2, r2, #131072
  93 0044 0392     		str	r2, [sp, #12]
  94              		.loc 1 50 3 view .LVU19
  95 0046 039A     		ldr	r2, [sp, #12]
  96              	.LBE4:
  97              		.loc 1 50 3 view .LVU20
  51:Core/Src/gpio.c ****   __HAL_RCC_GPIOB_CLK_ENABLE();
  98              		.loc 1 51 3 view .LVU21
  99              	.LBB5:
 100              		.loc 1 51 3 view .LVU22
 101              		.loc 1 51 3 view .LVU23
 102 0048 5A69     		ldr	r2, [r3, #20]
 103 004a 42F48022 		orr	r2, r2, #262144
 104 004e 5A61     		str	r2, [r3, #20]
 105              		.loc 1 51 3 view .LVU24
 106 0050 5B69     		ldr	r3, [r3, #20]
 107 0052 03F48023 		and	r3, r3, #262144
 108 0056 0493     		str	r3, [sp, #16]
 109              		.loc 1 51 3 view .LVU25
 110 0058 049B     		ldr	r3, [sp, #16]
 111              	.LBE5:
 112              		.loc 1 51 3 view .LVU26
  52:Core/Src/gpio.c **** 
  53:Core/Src/gpio.c ****   /*Configure GPIO pin Output Level */
  54:Core/Src/gpio.c ****   HAL_GPIO_WritePin(LD2_GPIO_Port, LD2_Pin, GPIO_PIN_RESET);
 113              		.loc 1 54 3 view .LVU27
 114 005a 2246     		mov	r2, r4
 115 005c 2021     		movs	r1, #32
 116 005e 4FF09040 		mov	r0, #1207959552
 117 0062 FFF7FEFF 		bl	HAL_GPIO_WritePin
 118              	.LVL0:
ARM GAS  /tmp/ccTHdUEG.s 			page 4


  55:Core/Src/gpio.c **** 
  56:Core/Src/gpio.c ****   /*Configure GPIO pin Output Level */
  57:Core/Src/gpio.c ****   HAL_GPIO_WritePin(GPIOB, GPIO_PIN_2|GPIO_PIN_12, GPIO_PIN_RESET);
 119              		.loc 1 57 3 view .LVU28
 120 0066 1E4D     		ldr	r5, .L3+4
 121 0068 2246     		mov	r2, r4
 122 006a 41F20401 		movw	r1, #4100
 123 006e 2846     		mov	r0, r5
 124 0070 FFF7FEFF 		bl	HAL_GPIO_WritePin
 125              	.LVL1:
  58:Core/Src/gpio.c **** 
  59:Core/Src/gpio.c ****   /*Configure GPIO pin : PtPin */
  60:Core/Src/gpio.c ****   GPIO_InitStruct.Pin = B1_Pin;
 126              		.loc 1 60 3 view .LVU29
 127              		.loc 1 60 23 is_stmt 0 view .LVU30
 128 0074 4FF40053 		mov	r3, #8192
 129 0078 0593     		str	r3, [sp, #20]
  61:Core/Src/gpio.c ****   GPIO_InitStruct.Mode = GPIO_MODE_IT_FALLING;
 130              		.loc 1 61 3 is_stmt 1 view .LVU31
 131              		.loc 1 61 24 is_stmt 0 view .LVU32
 132 007a 4FF40413 		mov	r3, #2162688
 133 007e 0693     		str	r3, [sp, #24]
  62:Core/Src/gpio.c ****   GPIO_InitStruct.Pull = GPIO_NOPULL;
 134              		.loc 1 62 3 is_stmt 1 view .LVU33
 135              		.loc 1 62 24 is_stmt 0 view .LVU34
 136 0080 0794     		str	r4, [sp, #28]
  63:Core/Src/gpio.c ****   HAL_GPIO_Init(B1_GPIO_Port, &GPIO_InitStruct);
 137              		.loc 1 63 3 is_stmt 1 view .LVU35
 138 0082 05A9     		add	r1, sp, #20
 139 0084 1748     		ldr	r0, .L3+8
 140 0086 FFF7FEFF 		bl	HAL_GPIO_Init
 141              	.LVL2:
  64:Core/Src/gpio.c **** 
  65:Core/Src/gpio.c ****   /*Configure GPIO pin : PtPin */
  66:Core/Src/gpio.c ****   GPIO_InitStruct.Pin = LD2_Pin;
 142              		.loc 1 66 3 view .LVU36
 143              		.loc 1 66 23 is_stmt 0 view .LVU37
 144 008a 2023     		movs	r3, #32
 145 008c 0593     		str	r3, [sp, #20]
  67:Core/Src/gpio.c ****   GPIO_InitStruct.Mode = GPIO_MODE_OUTPUT_PP;
 146              		.loc 1 67 3 is_stmt 1 view .LVU38
 147              		.loc 1 67 24 is_stmt 0 view .LVU39
 148 008e 0126     		movs	r6, #1
 149 0090 0696     		str	r6, [sp, #24]
  68:Core/Src/gpio.c ****   GPIO_InitStruct.Pull = GPIO_NOPULL;
 150              		.loc 1 68 3 is_stmt 1 view .LVU40
 151              		.loc 1 68 24 is_stmt 0 view .LVU41
 152 0092 0794     		str	r4, [sp, #28]
  69:Core/Src/gpio.c ****   GPIO_InitStruct.Speed = GPIO_SPEED_FREQ_LOW;
 153              		.loc 1 69 3 is_stmt 1 view .LVU42
 154              		.loc 1 69 25 is_stmt 0 view .LVU43
 155 0094 0894     		str	r4, [sp, #32]
  70:Core/Src/gpio.c ****   HAL_GPIO_Init(LD2_GPIO_Port, &GPIO_InitStruct);
 156              		.loc 1 70 3 is_stmt 1 view .LVU44
 157 0096 05A9     		add	r1, sp, #20
 158 0098 4FF09040 		mov	r0, #1207959552
 159 009c FFF7FEFF 		bl	HAL_GPIO_Init
ARM GAS  /tmp/ccTHdUEG.s 			page 5


 160              	.LVL3:
  71:Core/Src/gpio.c **** 
  72:Core/Src/gpio.c ****   /*Configure GPIO pin : PB1 */
  73:Core/Src/gpio.c ****   GPIO_InitStruct.Pin = GPIO_PIN_1;
 161              		.loc 1 73 3 view .LVU45
 162              		.loc 1 73 23 is_stmt 0 view .LVU46
 163 00a0 0227     		movs	r7, #2
 164 00a2 0597     		str	r7, [sp, #20]
  74:Core/Src/gpio.c ****   GPIO_InitStruct.Mode = GPIO_MODE_INPUT;
 165              		.loc 1 74 3 is_stmt 1 view .LVU47
 166              		.loc 1 74 24 is_stmt 0 view .LVU48
 167 00a4 0694     		str	r4, [sp, #24]
  75:Core/Src/gpio.c ****   GPIO_InitStruct.Pull = GPIO_PULLDOWN;
 168              		.loc 1 75 3 is_stmt 1 view .LVU49
 169              		.loc 1 75 24 is_stmt 0 view .LVU50
 170 00a6 0797     		str	r7, [sp, #28]
  76:Core/Src/gpio.c ****   HAL_GPIO_Init(GPIOB, &GPIO_InitStruct);
 171              		.loc 1 76 3 is_stmt 1 view .LVU51
 172 00a8 05A9     		add	r1, sp, #20
 173 00aa 2846     		mov	r0, r5
 174 00ac FFF7FEFF 		bl	HAL_GPIO_Init
 175              	.LVL4:
  77:Core/Src/gpio.c **** 
  78:Core/Src/gpio.c ****   /*Configure GPIO pin : PB2 */
  79:Core/Src/gpio.c ****   GPIO_InitStruct.Pin = GPIO_PIN_2;
 176              		.loc 1 79 3 view .LVU52
 177              		.loc 1 79 23 is_stmt 0 view .LVU53
 178 00b0 0423     		movs	r3, #4
 179 00b2 0593     		str	r3, [sp, #20]
  80:Core/Src/gpio.c ****   GPIO_InitStruct.Mode = GPIO_MODE_OUTPUT_PP;
 180              		.loc 1 80 3 is_stmt 1 view .LVU54
 181              		.loc 1 80 24 is_stmt 0 view .LVU55
 182 00b4 0696     		str	r6, [sp, #24]
  81:Core/Src/gpio.c ****   GPIO_InitStruct.Pull = GPIO_PULLUP;
 183              		.loc 1 81 3 is_stmt 1 view .LVU56
 184              		.loc 1 81 24 is_stmt 0 view .LVU57
 185 00b6 0796     		str	r6, [sp, #28]
  82:Core/Src/gpio.c ****   GPIO_InitStruct.Speed = GPIO_SPEED_FREQ_LOW;
 186              		.loc 1 82 3 is_stmt 1 view .LVU58
 187              		.loc 1 82 25 is_stmt 0 view .LVU59
 188 00b8 0894     		str	r4, [sp, #32]
  83:Core/Src/gpio.c ****   HAL_GPIO_Init(GPIOB, &GPIO_InitStruct);
 189              		.loc 1 83 3 is_stmt 1 view .LVU60
 190 00ba 05A9     		add	r1, sp, #20
 191 00bc 2846     		mov	r0, r5
 192 00be FFF7FEFF 		bl	HAL_GPIO_Init
 193              	.LVL5:
  84:Core/Src/gpio.c **** 
  85:Core/Src/gpio.c ****   /*Configure GPIO pin : PB12 */
  86:Core/Src/gpio.c ****   GPIO_InitStruct.Pin = GPIO_PIN_12;
 194              		.loc 1 86 3 view .LVU61
 195              		.loc 1 86 23 is_stmt 0 view .LVU62
 196 00c2 4FF48053 		mov	r3, #4096
 197 00c6 0593     		str	r3, [sp, #20]
  87:Core/Src/gpio.c ****   GPIO_InitStruct.Mode = GPIO_MODE_OUTPUT_PP;
 198              		.loc 1 87 3 is_stmt 1 view .LVU63
 199              		.loc 1 87 24 is_stmt 0 view .LVU64
ARM GAS  /tmp/ccTHdUEG.s 			page 6


 200 00c8 0696     		str	r6, [sp, #24]
  88:Core/Src/gpio.c ****   GPIO_InitStruct.Pull = GPIO_PULLDOWN;
 201              		.loc 1 88 3 is_stmt 1 view .LVU65
 202              		.loc 1 88 24 is_stmt 0 view .LVU66
 203 00ca 0797     		str	r7, [sp, #28]
  89:Core/Src/gpio.c ****   GPIO_InitStruct.Speed = GPIO_SPEED_FREQ_LOW;
 204              		.loc 1 89 3 is_stmt 1 view .LVU67
 205              		.loc 1 89 25 is_stmt 0 view .LVU68
 206 00cc 0894     		str	r4, [sp, #32]
  90:Core/Src/gpio.c ****   HAL_GPIO_Init(GPIOB, &GPIO_InitStruct);
 207              		.loc 1 90 3 is_stmt 1 view .LVU69
 208 00ce 05A9     		add	r1, sp, #20
 209 00d0 2846     		mov	r0, r5
 210 00d2 FFF7FEFF 		bl	HAL_GPIO_Init
 211              	.LVL6:
  91:Core/Src/gpio.c **** 
  92:Core/Src/gpio.c **** }
 212              		.loc 1 92 1 is_stmt 0 view .LVU70
 213 00d6 0BB0     		add	sp, sp, #44
 214              	.LCFI2:
 215              		.cfi_def_cfa_offset 20
 216              		@ sp needed
 217 00d8 F0BD     		pop	{r4, r5, r6, r7, pc}
 218              	.L4:
 219 00da 00BF     		.align	2
 220              	.L3:
 221 00dc 00100240 		.word	1073876992
 222 00e0 00040048 		.word	1207960576
 223 00e4 00080048 		.word	1207961600
 224              		.cfi_endproc
 225              	.LFE134:
 227              		.text
 228              	.Letext0:
 229              		.file 2 "/usr/lib/gcc/arm-none-eabi/13.2.1/include/stdint.h"
 230              		.file 3 "Drivers/CMSIS/Device/ST/STM32F3xx/Include/stm32f303xe.h"
 231              		.file 4 "/usr/lib/gcc/arm-none-eabi/13.2.1/include/stddef.h"
 232              		.file 5 "Drivers/STM32F3xx_HAL_Driver/Inc/stm32f3xx_hal_gpio.h"
 233              		.file 6 "micro_ros_stm32cubemx_utils/microros_static_library/libmicroros/microros_include/rmw/time
 234              		.file 7 "micro_ros_stm32cubemx_utils/microros_static_library/libmicroros/microros_include/rmw/type
 235              		.file 8 "micro_ros_stm32cubemx_utils/microros_static_library/libmicroros/microros_include/rmw/qos_
 236              		.file 9 "micro_ros_stm32cubemx_utils/microros_static_library/libmicroros/microros_include/rcl_acti
ARM GAS  /tmp/ccTHdUEG.s 			page 7


DEFINED SYMBOLS
                            *ABS*:00000000 gpio.c
     /tmp/ccTHdUEG.s:21     .text.MX_GPIO_Init:00000000 $t
     /tmp/ccTHdUEG.s:27     .text.MX_GPIO_Init:00000000 MX_GPIO_Init
     /tmp/ccTHdUEG.s:221    .text.MX_GPIO_Init:000000dc $d

UNDEFINED SYMBOLS
HAL_GPIO_WritePin
HAL_GPIO_Init
