ARM GAS  /tmp/ccjcYLzX.s 			page 1


   1              		.cpu cortex-m4
   2              		.arch armv7e-m
   3              		.fpu fpv4-sp-d16
   4              		.eabi_attribute 27, 1
   5              		.eabi_attribute 28, 1
   6              		.eabi_attribute 20, 1
   7              		.eabi_attribute 21, 1
   8              		.eabi_attribute 23, 3
   9              		.eabi_attribute 24, 1
  10              		.eabi_attribute 25, 1
  11              		.eabi_attribute 26, 1
  12              		.eabi_attribute 30, 1
  13              		.eabi_attribute 34, 1
  14              		.eabi_attribute 18, 4
  15              		.file	"main.c"
  16              		.text
  17              	.Ltext0:
  18              		.cfi_sections	.debug_frame
  19              		.file 1 "Core/Src/main.c"
  20              		.section	.text.HAL_TIM_PeriodElapsedCallback,"ax",%progbits
  21              		.align	1
  22              		.global	HAL_TIM_PeriodElapsedCallback
  23              		.syntax unified
  24              		.thumb
  25              		.thumb_func
  27              	HAL_TIM_PeriodElapsedCallback:
  28              	.LVL0:
  29              	.LFB140:
   1:Core/Src/main.c **** /* USER CODE BEGIN Header */
   2:Core/Src/main.c **** /**
   3:Core/Src/main.c ****   ******************************************************************************
   4:Core/Src/main.c ****   * @file           : main.c
   5:Core/Src/main.c ****   * @brief          : Main program body
   6:Core/Src/main.c ****   ******************************************************************************
   7:Core/Src/main.c ****   * @attention
   8:Core/Src/main.c ****   *
   9:Core/Src/main.c ****   * Copyright (c) 2026 STMicroelectronics.
  10:Core/Src/main.c ****   * All rights reserved.
  11:Core/Src/main.c ****   *
  12:Core/Src/main.c ****   * This software is licensed under terms that can be found in the LICENSE file
  13:Core/Src/main.c ****   * in the root directory of this software component.
  14:Core/Src/main.c ****   * If no LICENSE file comes with this software, it is provided AS-IS.
  15:Core/Src/main.c ****   *
  16:Core/Src/main.c ****   ******************************************************************************
  17:Core/Src/main.c ****   */
  18:Core/Src/main.c **** /* USER CODE END Header */
  19:Core/Src/main.c **** /* Includes ------------------------------------------------------------------*/
  20:Core/Src/main.c **** #include "main.h"
  21:Core/Src/main.c **** #include "cmsis_os.h"
  22:Core/Src/main.c **** #include "dma.h"
  23:Core/Src/main.c **** #include "spi.h"
  24:Core/Src/main.c **** #include "usart.h"
  25:Core/Src/main.c **** #include "gpio.h"
  26:Core/Src/main.c **** #include <stdbool.h>
  27:Core/Src/main.c **** 
  28:Core/Src/main.c **** /* Private includes ----------------------------------------------------------*/
  29:Core/Src/main.c **** /* USER CODE BEGIN Includes */
ARM GAS  /tmp/ccjcYLzX.s 			page 2


  30:Core/Src/main.c **** 
  31:Core/Src/main.c **** /* USER CODE END Includes */
  32:Core/Src/main.c **** 
  33:Core/Src/main.c **** /* Private typedef -----------------------------------------------------------*/
  34:Core/Src/main.c **** /* USER CODE BEGIN PTD */
  35:Core/Src/main.c **** 
  36:Core/Src/main.c **** /* USER CODE END PTD */
  37:Core/Src/main.c **** 
  38:Core/Src/main.c **** /* Private define ------------------------------------------------------------*/
  39:Core/Src/main.c **** /* USER CODE BEGIN PD */
  40:Core/Src/main.c **** 
  41:Core/Src/main.c **** /* USER CODE END PD */
  42:Core/Src/main.c **** 
  43:Core/Src/main.c **** /* Private macro -------------------------------------------------------------*/
  44:Core/Src/main.c **** /* USER CODE BEGIN PM */
  45:Core/Src/main.c **** 
  46:Core/Src/main.c **** /* USER CODE END PM */
  47:Core/Src/main.c **** 
  48:Core/Src/main.c **** /* Private variables ---------------------------------------------------------*/
  49:Core/Src/main.c **** 
  50:Core/Src/main.c **** /* USER CODE BEGIN PV */
  51:Core/Src/main.c **** 
  52:Core/Src/main.c **** /* USER CODE END PV */
  53:Core/Src/main.c **** 
  54:Core/Src/main.c **** /* Private function prototypes -----------------------------------------------*/
  55:Core/Src/main.c **** void SystemClock_Config(void);
  56:Core/Src/main.c **** void MX_FREERTOS_Init(void);
  57:Core/Src/main.c **** /* USER CODE BEGIN PFP */
  58:Core/Src/main.c **** 
  59:Core/Src/main.c **** /* USER CODE END PFP */
  60:Core/Src/main.c **** 
  61:Core/Src/main.c **** /* Private user code ---------------------------------------------------------*/
  62:Core/Src/main.c **** /* USER CODE BEGIN 0 */
  63:Core/Src/main.c **** 
  64:Core/Src/main.c **** /* USER CODE END 0 */
  65:Core/Src/main.c **** 
  66:Core/Src/main.c **** /**
  67:Core/Src/main.c ****   * @brief  The application entry point.
  68:Core/Src/main.c ****   * @retval int
  69:Core/Src/main.c ****   */
  70:Core/Src/main.c **** int main(void)
  71:Core/Src/main.c **** {
  72:Core/Src/main.c **** 
  73:Core/Src/main.c ****   /* USER CODE BEGIN 1 */
  74:Core/Src/main.c **** 
  75:Core/Src/main.c ****   /* USER CODE END 1 */
  76:Core/Src/main.c **** 
  77:Core/Src/main.c ****   /* MCU Configuration--------------------------------------------------------*/
  78:Core/Src/main.c **** 
  79:Core/Src/main.c ****   /* Reset of all peripherals, Initializes the Flash interface and the Systick. */
  80:Core/Src/main.c ****   HAL_Init();
  81:Core/Src/main.c **** 
  82:Core/Src/main.c ****   /* USER CODE BEGIN Init */
  83:Core/Src/main.c **** 
  84:Core/Src/main.c ****   /* USER CODE END Init */
  85:Core/Src/main.c **** 
  86:Core/Src/main.c ****   /* Configure the system clock */
ARM GAS  /tmp/ccjcYLzX.s 			page 3


  87:Core/Src/main.c ****   SystemClock_Config();
  88:Core/Src/main.c **** 
  89:Core/Src/main.c ****   /* USER CODE BEGIN SysInit */
  90:Core/Src/main.c **** 
  91:Core/Src/main.c ****   /* USER CODE END SysInit */
  92:Core/Src/main.c **** 
  93:Core/Src/main.c ****   /* Initialize all configured peripherals */
  94:Core/Src/main.c ****   MX_GPIO_Init();
  95:Core/Src/main.c ****   MX_DMA_Init();
  96:Core/Src/main.c ****   MX_USART2_UART_Init();
  97:Core/Src/main.c ****   MX_SPI2_Init();
  98:Core/Src/main.c ****   /* USER CODE BEGIN 2 */
  99:Core/Src/main.c **** 
 100:Core/Src/main.c ****   /* USER CODE END 2 */
 101:Core/Src/main.c **** 
 102:Core/Src/main.c ****   /* Init scheduler */
 103:Core/Src/main.c ****   osKernelInitialize();
 104:Core/Src/main.c **** 
 105:Core/Src/main.c ****   /* Call init function for freertos objects (in cmsis_os2.c) */
 106:Core/Src/main.c ****   MX_FREERTOS_Init();
 107:Core/Src/main.c **** 
 108:Core/Src/main.c ****   /* Start scheduler */
 109:Core/Src/main.c ****   osKernelStart();
 110:Core/Src/main.c **** 
 111:Core/Src/main.c ****   /* We should never get here as control is now taken by the scheduler */
 112:Core/Src/main.c **** 
 113:Core/Src/main.c ****   /* Infinite loop */
 114:Core/Src/main.c ****   /* USER CODE BEGIN WHILE */
 115:Core/Src/main.c ****   while (1)
 116:Core/Src/main.c ****   {
 117:Core/Src/main.c ****     /* USER CODE END WHILE */
 118:Core/Src/main.c **** 
 119:Core/Src/main.c ****     /* USER CODE BEGIN 3 */
 120:Core/Src/main.c ****   }
 121:Core/Src/main.c ****   /* USER CODE END 3 */
 122:Core/Src/main.c **** }
 123:Core/Src/main.c **** 
 124:Core/Src/main.c **** /**
 125:Core/Src/main.c ****   * @brief System Clock Configuration
 126:Core/Src/main.c ****   * @retval None
 127:Core/Src/main.c ****   */
 128:Core/Src/main.c **** void SystemClock_Config(void)
 129:Core/Src/main.c **** {
 130:Core/Src/main.c ****   RCC_OscInitTypeDef RCC_OscInitStruct = {0};
 131:Core/Src/main.c ****   RCC_ClkInitTypeDef RCC_ClkInitStruct = {0};
 132:Core/Src/main.c ****   RCC_PeriphCLKInitTypeDef PeriphClkInit = {0};
 133:Core/Src/main.c **** 
 134:Core/Src/main.c ****   /** Initializes the RCC Oscillators according to the specified parameters
 135:Core/Src/main.c ****   * in the RCC_OscInitTypeDef structure.
 136:Core/Src/main.c ****   */
 137:Core/Src/main.c ****   RCC_OscInitStruct.OscillatorType = RCC_OSCILLATORTYPE_HSE;
 138:Core/Src/main.c ****   RCC_OscInitStruct.HSEState = RCC_HSE_ON;
 139:Core/Src/main.c ****   RCC_OscInitStruct.HSIState = RCC_HSI_ON;
 140:Core/Src/main.c ****   RCC_OscInitStruct.PLL.PLLState = RCC_PLL_ON;
 141:Core/Src/main.c ****   RCC_OscInitStruct.PLL.PLLSource = RCC_PLLSOURCE_HSE;
 142:Core/Src/main.c ****   RCC_OscInitStruct.PLL.PLLMUL = RCC_PLL_MUL9;
 143:Core/Src/main.c ****   RCC_OscInitStruct.PLL.PREDIV = RCC_PREDIV_DIV1;
ARM GAS  /tmp/ccjcYLzX.s 			page 4


 144:Core/Src/main.c ****   if (HAL_RCC_OscConfig(&RCC_OscInitStruct) != HAL_OK)
 145:Core/Src/main.c ****   {
 146:Core/Src/main.c ****     Error_Handler();
 147:Core/Src/main.c ****   }
 148:Core/Src/main.c **** 
 149:Core/Src/main.c ****   /** Initializes the CPU, AHB and APB buses clocks
 150:Core/Src/main.c ****   */
 151:Core/Src/main.c ****   RCC_ClkInitStruct.ClockType = RCC_CLOCKTYPE_HCLK|RCC_CLOCKTYPE_SYSCLK
 152:Core/Src/main.c ****                               |RCC_CLOCKTYPE_PCLK1|RCC_CLOCKTYPE_PCLK2;
 153:Core/Src/main.c ****   RCC_ClkInitStruct.SYSCLKSource = RCC_SYSCLKSOURCE_PLLCLK;
 154:Core/Src/main.c ****   RCC_ClkInitStruct.AHBCLKDivider = RCC_SYSCLK_DIV1;
 155:Core/Src/main.c ****   RCC_ClkInitStruct.APB1CLKDivider = RCC_HCLK_DIV2;
 156:Core/Src/main.c ****   RCC_ClkInitStruct.APB2CLKDivider = RCC_HCLK_DIV1;
 157:Core/Src/main.c **** 
 158:Core/Src/main.c ****   if (HAL_RCC_ClockConfig(&RCC_ClkInitStruct, FLASH_LATENCY_2) != HAL_OK)
 159:Core/Src/main.c ****   {
 160:Core/Src/main.c ****     Error_Handler();
 161:Core/Src/main.c ****   }
 162:Core/Src/main.c ****   PeriphClkInit.PeriphClockSelection = RCC_PERIPHCLK_USART2;
 163:Core/Src/main.c ****   PeriphClkInit.Usart2ClockSelection = RCC_USART2CLKSOURCE_PCLK1;
 164:Core/Src/main.c ****   if (HAL_RCCEx_PeriphCLKConfig(&PeriphClkInit) != HAL_OK)
 165:Core/Src/main.c ****   {
 166:Core/Src/main.c ****     Error_Handler();
 167:Core/Src/main.c ****   }
 168:Core/Src/main.c **** }
 169:Core/Src/main.c **** 
 170:Core/Src/main.c **** /* USER CODE BEGIN 4 */
 171:Core/Src/main.c **** 
 172:Core/Src/main.c **** 
 173:Core/Src/main.c **** /* USER CODE END 4 */
 174:Core/Src/main.c **** 
 175:Core/Src/main.c **** /* USER CODE BEGIN Header_StartDefaultTask */
 176:Core/Src/main.c **** /**
 177:Core/Src/main.c ****   * @brief  Function implementing the defaultTask thread.
 178:Core/Src/main.c ****   * @param  argument: Not used
 179:Core/Src/main.c ****   * @retval None
 180:Core/Src/main.c ****   */
 181:Core/Src/main.c **** /* USER CODE END Header_StartDefaultTask */
 182:Core/Src/main.c **** 
 183:Core/Src/main.c **** 
 184:Core/Src/main.c **** /**
 185:Core/Src/main.c ****   * @brief  Period elapsed callback in non blocking mode
 186:Core/Src/main.c ****   * @note   This function is called  when TIM1 interrupt took place, inside
 187:Core/Src/main.c ****   * HAL_TIM_IRQHandler(). It makes a direct call to HAL_IncTick() to increment
 188:Core/Src/main.c ****   * a global variable "uwTick" used as application time base.
 189:Core/Src/main.c ****   * @param  htim : TIM handle
 190:Core/Src/main.c ****   * @retval None
 191:Core/Src/main.c ****   */
 192:Core/Src/main.c **** void HAL_TIM_PeriodElapsedCallback(TIM_HandleTypeDef *htim)
 193:Core/Src/main.c **** {
  30              		.loc 1 193 1 view -0
  31              		.cfi_startproc
  32              		@ args = 0, pretend = 0, frame = 0
  33              		@ frame_needed = 0, uses_anonymous_args = 0
  34              		.loc 1 193 1 is_stmt 0 view .LVU1
  35 0000 08B5     		push	{r3, lr}
  36              	.LCFI0:
ARM GAS  /tmp/ccjcYLzX.s 			page 5


  37              		.cfi_def_cfa_offset 8
  38              		.cfi_offset 3, -8
  39              		.cfi_offset 14, -4
 194:Core/Src/main.c ****   /* USER CODE BEGIN Callback 0 */
 195:Core/Src/main.c **** 
 196:Core/Src/main.c ****   /* USER CODE END Callback 0 */
 197:Core/Src/main.c ****   if (htim->Instance == TIM1) {
  40              		.loc 1 197 3 is_stmt 1 view .LVU2
  41              		.loc 1 197 11 is_stmt 0 view .LVU3
  42 0002 0268     		ldr	r2, [r0]
  43              		.loc 1 197 6 view .LVU4
  44 0004 034B     		ldr	r3, .L5
  45 0006 9A42     		cmp	r2, r3
  46 0008 00D0     		beq	.L4
  47              	.LVL1:
  48              	.L1:
 198:Core/Src/main.c ****     HAL_IncTick();
 199:Core/Src/main.c ****   }
 200:Core/Src/main.c ****   /* USER CODE BEGIN Callback 1 */
 201:Core/Src/main.c **** 
 202:Core/Src/main.c ****   /* USER CODE END Callback 1 */
 203:Core/Src/main.c **** }
  49              		.loc 1 203 1 view .LVU5
  50 000a 08BD     		pop	{r3, pc}
  51              	.LVL2:
  52              	.L4:
 198:Core/Src/main.c ****     HAL_IncTick();
  53              		.loc 1 198 5 is_stmt 1 view .LVU6
  54 000c FFF7FEFF 		bl	HAL_IncTick
  55              	.LVL3:
  56              		.loc 1 203 1 is_stmt 0 view .LVU7
  57 0010 FBE7     		b	.L1
  58              	.L6:
  59 0012 00BF     		.align	2
  60              	.L5:
  61 0014 002C0140 		.word	1073818624
  62              		.cfi_endproc
  63              	.LFE140:
  65              		.section	.text.Error_Handler,"ax",%progbits
  66              		.align	1
  67              		.global	Error_Handler
  68              		.syntax unified
  69              		.thumb
  70              		.thumb_func
  72              	Error_Handler:
  73              	.LFB141:
 204:Core/Src/main.c **** 
 205:Core/Src/main.c **** /**
 206:Core/Src/main.c ****   * @brief  This function is executed in case of error occurrence.
 207:Core/Src/main.c ****   * @retval None
 208:Core/Src/main.c ****   */
 209:Core/Src/main.c **** void Error_Handler(void)
 210:Core/Src/main.c **** {
  74              		.loc 1 210 1 is_stmt 1 view -0
  75              		.cfi_startproc
  76              		@ Volatile: function does not return.
  77              		@ args = 0, pretend = 0, frame = 0
ARM GAS  /tmp/ccjcYLzX.s 			page 6


  78              		@ frame_needed = 0, uses_anonymous_args = 0
  79              		@ link register save eliminated.
 211:Core/Src/main.c ****   /* USER CODE BEGIN Error_Handler_Debug */
 212:Core/Src/main.c ****   /* User can add his own implementation to report the HAL error return state */
 213:Core/Src/main.c ****   __disable_irq();
  80              		.loc 1 213 3 view .LVU9
  81              	.LBB4:
  82              	.LBI4:
  83              		.file 2 "Drivers/CMSIS/Include/cmsis_gcc.h"
   1:Drivers/CMSIS/Include/cmsis_gcc.h **** /**************************************************************************//**
   2:Drivers/CMSIS/Include/cmsis_gcc.h ****  * @file     cmsis_gcc.h
   3:Drivers/CMSIS/Include/cmsis_gcc.h ****  * @brief    CMSIS compiler GCC header file
   4:Drivers/CMSIS/Include/cmsis_gcc.h ****  * @version  V5.0.4
   5:Drivers/CMSIS/Include/cmsis_gcc.h ****  * @date     09. April 2018
   6:Drivers/CMSIS/Include/cmsis_gcc.h ****  ******************************************************************************/
   7:Drivers/CMSIS/Include/cmsis_gcc.h **** /*
   8:Drivers/CMSIS/Include/cmsis_gcc.h ****  * Copyright (c) 2009-2018 Arm Limited. All rights reserved.
   9:Drivers/CMSIS/Include/cmsis_gcc.h ****  *
  10:Drivers/CMSIS/Include/cmsis_gcc.h ****  * SPDX-License-Identifier: Apache-2.0
  11:Drivers/CMSIS/Include/cmsis_gcc.h ****  *
  12:Drivers/CMSIS/Include/cmsis_gcc.h ****  * Licensed under the Apache License, Version 2.0 (the License); you may
  13:Drivers/CMSIS/Include/cmsis_gcc.h ****  * not use this file except in compliance with the License.
  14:Drivers/CMSIS/Include/cmsis_gcc.h ****  * You may obtain a copy of the License at
  15:Drivers/CMSIS/Include/cmsis_gcc.h ****  *
  16:Drivers/CMSIS/Include/cmsis_gcc.h ****  * www.apache.org/licenses/LICENSE-2.0
  17:Drivers/CMSIS/Include/cmsis_gcc.h ****  *
  18:Drivers/CMSIS/Include/cmsis_gcc.h ****  * Unless required by applicable law or agreed to in writing, software
  19:Drivers/CMSIS/Include/cmsis_gcc.h ****  * distributed under the License is distributed on an AS IS BASIS, WITHOUT
  20:Drivers/CMSIS/Include/cmsis_gcc.h ****  * WARRANTIES OR CONDITIONS OF ANY KIND, either express or implied.
  21:Drivers/CMSIS/Include/cmsis_gcc.h ****  * See the License for the specific language governing permissions and
  22:Drivers/CMSIS/Include/cmsis_gcc.h ****  * limitations under the License.
  23:Drivers/CMSIS/Include/cmsis_gcc.h ****  */
  24:Drivers/CMSIS/Include/cmsis_gcc.h **** 
  25:Drivers/CMSIS/Include/cmsis_gcc.h **** #ifndef __CMSIS_GCC_H
  26:Drivers/CMSIS/Include/cmsis_gcc.h **** #define __CMSIS_GCC_H
  27:Drivers/CMSIS/Include/cmsis_gcc.h **** 
  28:Drivers/CMSIS/Include/cmsis_gcc.h **** /* ignore some GCC warnings */
  29:Drivers/CMSIS/Include/cmsis_gcc.h **** #pragma GCC diagnostic push
  30:Drivers/CMSIS/Include/cmsis_gcc.h **** #pragma GCC diagnostic ignored "-Wsign-conversion"
  31:Drivers/CMSIS/Include/cmsis_gcc.h **** #pragma GCC diagnostic ignored "-Wconversion"
  32:Drivers/CMSIS/Include/cmsis_gcc.h **** #pragma GCC diagnostic ignored "-Wunused-parameter"
  33:Drivers/CMSIS/Include/cmsis_gcc.h **** 
  34:Drivers/CMSIS/Include/cmsis_gcc.h **** /* Fallback for __has_builtin */
  35:Drivers/CMSIS/Include/cmsis_gcc.h **** #ifndef __has_builtin
  36:Drivers/CMSIS/Include/cmsis_gcc.h ****   #define __has_builtin(x) (0)
  37:Drivers/CMSIS/Include/cmsis_gcc.h **** #endif
  38:Drivers/CMSIS/Include/cmsis_gcc.h **** 
  39:Drivers/CMSIS/Include/cmsis_gcc.h **** /* CMSIS compiler specific defines */
  40:Drivers/CMSIS/Include/cmsis_gcc.h **** #ifndef   __ASM
  41:Drivers/CMSIS/Include/cmsis_gcc.h ****   #define __ASM                                  __asm
  42:Drivers/CMSIS/Include/cmsis_gcc.h **** #endif
  43:Drivers/CMSIS/Include/cmsis_gcc.h **** #ifndef   __INLINE
  44:Drivers/CMSIS/Include/cmsis_gcc.h ****   #define __INLINE                               inline
  45:Drivers/CMSIS/Include/cmsis_gcc.h **** #endif
  46:Drivers/CMSIS/Include/cmsis_gcc.h **** #ifndef   __STATIC_INLINE
  47:Drivers/CMSIS/Include/cmsis_gcc.h ****   #define __STATIC_INLINE                        static inline
  48:Drivers/CMSIS/Include/cmsis_gcc.h **** #endif
ARM GAS  /tmp/ccjcYLzX.s 			page 7


  49:Drivers/CMSIS/Include/cmsis_gcc.h **** #ifndef   __STATIC_FORCEINLINE                 
  50:Drivers/CMSIS/Include/cmsis_gcc.h ****   #define __STATIC_FORCEINLINE                   __attribute__((always_inline)) static inline
  51:Drivers/CMSIS/Include/cmsis_gcc.h **** #endif                                           
  52:Drivers/CMSIS/Include/cmsis_gcc.h **** #ifndef   __NO_RETURN
  53:Drivers/CMSIS/Include/cmsis_gcc.h ****   #define __NO_RETURN                            __attribute__((__noreturn__))
  54:Drivers/CMSIS/Include/cmsis_gcc.h **** #endif
  55:Drivers/CMSIS/Include/cmsis_gcc.h **** #ifndef   __USED
  56:Drivers/CMSIS/Include/cmsis_gcc.h ****   #define __USED                                 __attribute__((used))
  57:Drivers/CMSIS/Include/cmsis_gcc.h **** #endif
  58:Drivers/CMSIS/Include/cmsis_gcc.h **** #ifndef   __WEAK
  59:Drivers/CMSIS/Include/cmsis_gcc.h ****   #define __WEAK                                 __attribute__((weak))
  60:Drivers/CMSIS/Include/cmsis_gcc.h **** #endif
  61:Drivers/CMSIS/Include/cmsis_gcc.h **** #ifndef   __PACKED
  62:Drivers/CMSIS/Include/cmsis_gcc.h ****   #define __PACKED                               __attribute__((packed, aligned(1)))
  63:Drivers/CMSIS/Include/cmsis_gcc.h **** #endif
  64:Drivers/CMSIS/Include/cmsis_gcc.h **** #ifndef   __PACKED_STRUCT
  65:Drivers/CMSIS/Include/cmsis_gcc.h ****   #define __PACKED_STRUCT                        struct __attribute__((packed, aligned(1)))
  66:Drivers/CMSIS/Include/cmsis_gcc.h **** #endif
  67:Drivers/CMSIS/Include/cmsis_gcc.h **** #ifndef   __PACKED_UNION
  68:Drivers/CMSIS/Include/cmsis_gcc.h ****   #define __PACKED_UNION                         union __attribute__((packed, aligned(1)))
  69:Drivers/CMSIS/Include/cmsis_gcc.h **** #endif
  70:Drivers/CMSIS/Include/cmsis_gcc.h **** #ifndef   __UNALIGNED_UINT32        /* deprecated */
  71:Drivers/CMSIS/Include/cmsis_gcc.h ****   #pragma GCC diagnostic push
  72:Drivers/CMSIS/Include/cmsis_gcc.h ****   #pragma GCC diagnostic ignored "-Wpacked"
  73:Drivers/CMSIS/Include/cmsis_gcc.h ****   #pragma GCC diagnostic ignored "-Wattributes"
  74:Drivers/CMSIS/Include/cmsis_gcc.h ****   struct __attribute__((packed)) T_UINT32 { uint32_t v; };
  75:Drivers/CMSIS/Include/cmsis_gcc.h ****   #pragma GCC diagnostic pop
  76:Drivers/CMSIS/Include/cmsis_gcc.h ****   #define __UNALIGNED_UINT32(x)                  (((struct T_UINT32 *)(x))->v)
  77:Drivers/CMSIS/Include/cmsis_gcc.h **** #endif
  78:Drivers/CMSIS/Include/cmsis_gcc.h **** #ifndef   __UNALIGNED_UINT16_WRITE
  79:Drivers/CMSIS/Include/cmsis_gcc.h ****   #pragma GCC diagnostic push
  80:Drivers/CMSIS/Include/cmsis_gcc.h ****   #pragma GCC diagnostic ignored "-Wpacked"
  81:Drivers/CMSIS/Include/cmsis_gcc.h ****   #pragma GCC diagnostic ignored "-Wattributes"
  82:Drivers/CMSIS/Include/cmsis_gcc.h ****   __PACKED_STRUCT T_UINT16_WRITE { uint16_t v; };
  83:Drivers/CMSIS/Include/cmsis_gcc.h ****   #pragma GCC diagnostic pop
  84:Drivers/CMSIS/Include/cmsis_gcc.h ****   #define __UNALIGNED_UINT16_WRITE(addr, val)    (void)((((struct T_UINT16_WRITE *)(void *)(addr))-
  85:Drivers/CMSIS/Include/cmsis_gcc.h **** #endif
  86:Drivers/CMSIS/Include/cmsis_gcc.h **** #ifndef   __UNALIGNED_UINT16_READ
  87:Drivers/CMSIS/Include/cmsis_gcc.h ****   #pragma GCC diagnostic push
  88:Drivers/CMSIS/Include/cmsis_gcc.h ****   #pragma GCC diagnostic ignored "-Wpacked"
  89:Drivers/CMSIS/Include/cmsis_gcc.h ****   #pragma GCC diagnostic ignored "-Wattributes"
  90:Drivers/CMSIS/Include/cmsis_gcc.h ****   __PACKED_STRUCT T_UINT16_READ { uint16_t v; };
  91:Drivers/CMSIS/Include/cmsis_gcc.h ****   #pragma GCC diagnostic pop
  92:Drivers/CMSIS/Include/cmsis_gcc.h ****   #define __UNALIGNED_UINT16_READ(addr)          (((const struct T_UINT16_READ *)(const void *)(add
  93:Drivers/CMSIS/Include/cmsis_gcc.h **** #endif
  94:Drivers/CMSIS/Include/cmsis_gcc.h **** #ifndef   __UNALIGNED_UINT32_WRITE
  95:Drivers/CMSIS/Include/cmsis_gcc.h ****   #pragma GCC diagnostic push
  96:Drivers/CMSIS/Include/cmsis_gcc.h ****   #pragma GCC diagnostic ignored "-Wpacked"
  97:Drivers/CMSIS/Include/cmsis_gcc.h ****   #pragma GCC diagnostic ignored "-Wattributes"
  98:Drivers/CMSIS/Include/cmsis_gcc.h ****   __PACKED_STRUCT T_UINT32_WRITE { uint32_t v; };
  99:Drivers/CMSIS/Include/cmsis_gcc.h ****   #pragma GCC diagnostic pop
 100:Drivers/CMSIS/Include/cmsis_gcc.h ****   #define __UNALIGNED_UINT32_WRITE(addr, val)    (void)((((struct T_UINT32_WRITE *)(void *)(addr))-
 101:Drivers/CMSIS/Include/cmsis_gcc.h **** #endif
 102:Drivers/CMSIS/Include/cmsis_gcc.h **** #ifndef   __UNALIGNED_UINT32_READ
 103:Drivers/CMSIS/Include/cmsis_gcc.h ****   #pragma GCC diagnostic push
 104:Drivers/CMSIS/Include/cmsis_gcc.h ****   #pragma GCC diagnostic ignored "-Wpacked"
 105:Drivers/CMSIS/Include/cmsis_gcc.h ****   #pragma GCC diagnostic ignored "-Wattributes"
ARM GAS  /tmp/ccjcYLzX.s 			page 8


 106:Drivers/CMSIS/Include/cmsis_gcc.h ****   __PACKED_STRUCT T_UINT32_READ { uint32_t v; };
 107:Drivers/CMSIS/Include/cmsis_gcc.h ****   #pragma GCC diagnostic pop
 108:Drivers/CMSIS/Include/cmsis_gcc.h ****   #define __UNALIGNED_UINT32_READ(addr)          (((const struct T_UINT32_READ *)(const void *)(add
 109:Drivers/CMSIS/Include/cmsis_gcc.h **** #endif
 110:Drivers/CMSIS/Include/cmsis_gcc.h **** #ifndef   __ALIGNED
 111:Drivers/CMSIS/Include/cmsis_gcc.h ****   #define __ALIGNED(x)                           __attribute__((aligned(x)))
 112:Drivers/CMSIS/Include/cmsis_gcc.h **** #endif
 113:Drivers/CMSIS/Include/cmsis_gcc.h **** #ifndef   __RESTRICT
 114:Drivers/CMSIS/Include/cmsis_gcc.h ****   #define __RESTRICT                             __restrict
 115:Drivers/CMSIS/Include/cmsis_gcc.h **** #endif
 116:Drivers/CMSIS/Include/cmsis_gcc.h **** 
 117:Drivers/CMSIS/Include/cmsis_gcc.h **** 
 118:Drivers/CMSIS/Include/cmsis_gcc.h **** /* ###########################  Core Function Access  ########################### */
 119:Drivers/CMSIS/Include/cmsis_gcc.h **** /** \ingroup  CMSIS_Core_FunctionInterface
 120:Drivers/CMSIS/Include/cmsis_gcc.h ****     \defgroup CMSIS_Core_RegAccFunctions CMSIS Core Register Access Functions
 121:Drivers/CMSIS/Include/cmsis_gcc.h ****   @{
 122:Drivers/CMSIS/Include/cmsis_gcc.h ****  */
 123:Drivers/CMSIS/Include/cmsis_gcc.h **** 
 124:Drivers/CMSIS/Include/cmsis_gcc.h **** /**
 125:Drivers/CMSIS/Include/cmsis_gcc.h ****   \brief   Enable IRQ Interrupts
 126:Drivers/CMSIS/Include/cmsis_gcc.h ****   \details Enables IRQ interrupts by clearing the I-bit in the CPSR.
 127:Drivers/CMSIS/Include/cmsis_gcc.h ****            Can only be executed in Privileged modes.
 128:Drivers/CMSIS/Include/cmsis_gcc.h ****  */
 129:Drivers/CMSIS/Include/cmsis_gcc.h **** __STATIC_FORCEINLINE void __enable_irq(void)
 130:Drivers/CMSIS/Include/cmsis_gcc.h **** {
 131:Drivers/CMSIS/Include/cmsis_gcc.h ****   __ASM volatile ("cpsie i" : : : "memory");
 132:Drivers/CMSIS/Include/cmsis_gcc.h **** }
 133:Drivers/CMSIS/Include/cmsis_gcc.h **** 
 134:Drivers/CMSIS/Include/cmsis_gcc.h **** 
 135:Drivers/CMSIS/Include/cmsis_gcc.h **** /**
 136:Drivers/CMSIS/Include/cmsis_gcc.h ****   \brief   Disable IRQ Interrupts
 137:Drivers/CMSIS/Include/cmsis_gcc.h ****   \details Disables IRQ interrupts by setting the I-bit in the CPSR.
 138:Drivers/CMSIS/Include/cmsis_gcc.h ****            Can only be executed in Privileged modes.
 139:Drivers/CMSIS/Include/cmsis_gcc.h ****  */
 140:Drivers/CMSIS/Include/cmsis_gcc.h **** __STATIC_FORCEINLINE void __disable_irq(void)
  84              		.loc 2 140 27 view .LVU10
  85              	.LBB5:
 141:Drivers/CMSIS/Include/cmsis_gcc.h **** {
 142:Drivers/CMSIS/Include/cmsis_gcc.h ****   __ASM volatile ("cpsid i" : : : "memory");
  86              		.loc 2 142 3 view .LVU11
  87              		.syntax unified
  88              	@ 142 "Drivers/CMSIS/Include/cmsis_gcc.h" 1
  89 0000 72B6     		cpsid i
  90              	@ 0 "" 2
  91              		.thumb
  92              		.syntax unified
  93              	.L8:
  94              	.LBE5:
  95              	.LBE4:
 214:Core/Src/main.c ****   while (1)
  96              		.loc 1 214 3 view .LVU12
 215:Core/Src/main.c ****   {
 216:Core/Src/main.c ****   }
  97              		.loc 1 216 3 view .LVU13
 214:Core/Src/main.c ****   while (1)
  98              		.loc 1 214 9 view .LVU14
  99 0002 FEE7     		b	.L8
ARM GAS  /tmp/ccjcYLzX.s 			page 9


 100              		.cfi_endproc
 101              	.LFE141:
 103              		.section	.text.SystemClock_Config,"ax",%progbits
 104              		.align	1
 105              		.global	SystemClock_Config
 106              		.syntax unified
 107              		.thumb
 108              		.thumb_func
 110              	SystemClock_Config:
 111              	.LFB139:
 129:Core/Src/main.c ****   RCC_OscInitTypeDef RCC_OscInitStruct = {0};
 112              		.loc 1 129 1 view -0
 113              		.cfi_startproc
 114              		@ args = 0, pretend = 0, frame = 152
 115              		@ frame_needed = 0, uses_anonymous_args = 0
 116 0000 00B5     		push	{lr}
 117              	.LCFI1:
 118              		.cfi_def_cfa_offset 4
 119              		.cfi_offset 14, -4
 120 0002 A7B0     		sub	sp, sp, #156
 121              	.LCFI2:
 122              		.cfi_def_cfa_offset 160
 130:Core/Src/main.c ****   RCC_ClkInitTypeDef RCC_ClkInitStruct = {0};
 123              		.loc 1 130 3 view .LVU16
 130:Core/Src/main.c ****   RCC_ClkInitTypeDef RCC_ClkInitStruct = {0};
 124              		.loc 1 130 22 is_stmt 0 view .LVU17
 125 0004 2822     		movs	r2, #40
 126 0006 0021     		movs	r1, #0
 127 0008 1CA8     		add	r0, sp, #112
 128 000a FFF7FEFF 		bl	memset
 129              	.LVL4:
 131:Core/Src/main.c ****   RCC_PeriphCLKInitTypeDef PeriphClkInit = {0};
 130              		.loc 1 131 3 is_stmt 1 view .LVU18
 131:Core/Src/main.c ****   RCC_PeriphCLKInitTypeDef PeriphClkInit = {0};
 131              		.loc 1 131 22 is_stmt 0 view .LVU19
 132 000e 0021     		movs	r1, #0
 133 0010 1791     		str	r1, [sp, #92]
 134 0012 1891     		str	r1, [sp, #96]
 135 0014 1991     		str	r1, [sp, #100]
 136 0016 1A91     		str	r1, [sp, #104]
 137 0018 1B91     		str	r1, [sp, #108]
 132:Core/Src/main.c **** 
 138              		.loc 1 132 3 is_stmt 1 view .LVU20
 132:Core/Src/main.c **** 
 139              		.loc 1 132 28 is_stmt 0 view .LVU21
 140 001a 5822     		movs	r2, #88
 141 001c 01A8     		add	r0, sp, #4
 142 001e FFF7FEFF 		bl	memset
 143              	.LVL5:
 137:Core/Src/main.c ****   RCC_OscInitStruct.HSEState = RCC_HSE_ON;
 144              		.loc 1 137 3 is_stmt 1 view .LVU22
 137:Core/Src/main.c ****   RCC_OscInitStruct.HSEState = RCC_HSE_ON;
 145              		.loc 1 137 36 is_stmt 0 view .LVU23
 146 0022 0122     		movs	r2, #1
 147 0024 1C92     		str	r2, [sp, #112]
 138:Core/Src/main.c ****   RCC_OscInitStruct.HSIState = RCC_HSI_ON;
 148              		.loc 1 138 3 is_stmt 1 view .LVU24
ARM GAS  /tmp/ccjcYLzX.s 			page 10


 138:Core/Src/main.c ****   RCC_OscInitStruct.HSIState = RCC_HSI_ON;
 149              		.loc 1 138 30 is_stmt 0 view .LVU25
 150 0026 4FF48033 		mov	r3, #65536
 151 002a 1D93     		str	r3, [sp, #116]
 139:Core/Src/main.c ****   RCC_OscInitStruct.PLL.PLLState = RCC_PLL_ON;
 152              		.loc 1 139 3 is_stmt 1 view .LVU26
 139:Core/Src/main.c ****   RCC_OscInitStruct.PLL.PLLState = RCC_PLL_ON;
 153              		.loc 1 139 30 is_stmt 0 view .LVU27
 154 002c 1F92     		str	r2, [sp, #124]
 140:Core/Src/main.c ****   RCC_OscInitStruct.PLL.PLLSource = RCC_PLLSOURCE_HSE;
 155              		.loc 1 140 3 is_stmt 1 view .LVU28
 140:Core/Src/main.c ****   RCC_OscInitStruct.PLL.PLLSource = RCC_PLLSOURCE_HSE;
 156              		.loc 1 140 34 is_stmt 0 view .LVU29
 157 002e 0222     		movs	r2, #2
 158 0030 2292     		str	r2, [sp, #136]
 141:Core/Src/main.c ****   RCC_OscInitStruct.PLL.PLLMUL = RCC_PLL_MUL9;
 159              		.loc 1 141 3 is_stmt 1 view .LVU30
 141:Core/Src/main.c ****   RCC_OscInitStruct.PLL.PLLMUL = RCC_PLL_MUL9;
 160              		.loc 1 141 35 is_stmt 0 view .LVU31
 161 0032 2393     		str	r3, [sp, #140]
 142:Core/Src/main.c ****   RCC_OscInitStruct.PLL.PREDIV = RCC_PREDIV_DIV1;
 162              		.loc 1 142 3 is_stmt 1 view .LVU32
 142:Core/Src/main.c ****   RCC_OscInitStruct.PLL.PREDIV = RCC_PREDIV_DIV1;
 163              		.loc 1 142 32 is_stmt 0 view .LVU33
 164 0034 4FF4E013 		mov	r3, #1835008
 165 0038 2493     		str	r3, [sp, #144]
 143:Core/Src/main.c ****   if (HAL_RCC_OscConfig(&RCC_OscInitStruct) != HAL_OK)
 166              		.loc 1 143 3 is_stmt 1 view .LVU34
 144:Core/Src/main.c ****   {
 167              		.loc 1 144 3 view .LVU35
 144:Core/Src/main.c ****   {
 168              		.loc 1 144 7 is_stmt 0 view .LVU36
 169 003a 1CA8     		add	r0, sp, #112
 170 003c FFF7FEFF 		bl	HAL_RCC_OscConfig
 171              	.LVL6:
 144:Core/Src/main.c ****   {
 172              		.loc 1 144 6 discriminator 1 view .LVU37
 173 0040 C0B9     		cbnz	r0, .L14
 151:Core/Src/main.c ****                               |RCC_CLOCKTYPE_PCLK1|RCC_CLOCKTYPE_PCLK2;
 174              		.loc 1 151 3 is_stmt 1 view .LVU38
 151:Core/Src/main.c ****                               |RCC_CLOCKTYPE_PCLK1|RCC_CLOCKTYPE_PCLK2;
 175              		.loc 1 151 31 is_stmt 0 view .LVU39
 176 0042 0F23     		movs	r3, #15
 177 0044 1793     		str	r3, [sp, #92]
 153:Core/Src/main.c ****   RCC_ClkInitStruct.AHBCLKDivider = RCC_SYSCLK_DIV1;
 178              		.loc 1 153 3 is_stmt 1 view .LVU40
 153:Core/Src/main.c ****   RCC_ClkInitStruct.AHBCLKDivider = RCC_SYSCLK_DIV1;
 179              		.loc 1 153 34 is_stmt 0 view .LVU41
 180 0046 0221     		movs	r1, #2
 181 0048 1891     		str	r1, [sp, #96]
 154:Core/Src/main.c ****   RCC_ClkInitStruct.APB1CLKDivider = RCC_HCLK_DIV2;
 182              		.loc 1 154 3 is_stmt 1 view .LVU42
 154:Core/Src/main.c ****   RCC_ClkInitStruct.APB1CLKDivider = RCC_HCLK_DIV2;
 183              		.loc 1 154 35 is_stmt 0 view .LVU43
 184 004a 0023     		movs	r3, #0
 185 004c 1993     		str	r3, [sp, #100]
 155:Core/Src/main.c ****   RCC_ClkInitStruct.APB2CLKDivider = RCC_HCLK_DIV1;
ARM GAS  /tmp/ccjcYLzX.s 			page 11


 186              		.loc 1 155 3 is_stmt 1 view .LVU44
 155:Core/Src/main.c ****   RCC_ClkInitStruct.APB2CLKDivider = RCC_HCLK_DIV1;
 187              		.loc 1 155 36 is_stmt 0 view .LVU45
 188 004e 4FF48062 		mov	r2, #1024
 189 0052 1A92     		str	r2, [sp, #104]
 156:Core/Src/main.c **** 
 190              		.loc 1 156 3 is_stmt 1 view .LVU46
 156:Core/Src/main.c **** 
 191              		.loc 1 156 36 is_stmt 0 view .LVU47
 192 0054 1B93     		str	r3, [sp, #108]
 158:Core/Src/main.c ****   {
 193              		.loc 1 158 3 is_stmt 1 view .LVU48
 158:Core/Src/main.c ****   {
 194              		.loc 1 158 7 is_stmt 0 view .LVU49
 195 0056 17A8     		add	r0, sp, #92
 196 0058 FFF7FEFF 		bl	HAL_RCC_ClockConfig
 197              	.LVL7:
 158:Core/Src/main.c ****   {
 198              		.loc 1 158 6 discriminator 1 view .LVU50
 199 005c 60B9     		cbnz	r0, .L15
 162:Core/Src/main.c ****   PeriphClkInit.Usart2ClockSelection = RCC_USART2CLKSOURCE_PCLK1;
 200              		.loc 1 162 3 is_stmt 1 view .LVU51
 162:Core/Src/main.c ****   PeriphClkInit.Usart2ClockSelection = RCC_USART2CLKSOURCE_PCLK1;
 201              		.loc 1 162 38 is_stmt 0 view .LVU52
 202 005e 0223     		movs	r3, #2
 203 0060 0193     		str	r3, [sp, #4]
 163:Core/Src/main.c ****   if (HAL_RCCEx_PeriphCLKConfig(&PeriphClkInit) != HAL_OK)
 204              		.loc 1 163 3 is_stmt 1 view .LVU53
 163:Core/Src/main.c ****   if (HAL_RCCEx_PeriphCLKConfig(&PeriphClkInit) != HAL_OK)
 205              		.loc 1 163 38 is_stmt 0 view .LVU54
 206 0062 0023     		movs	r3, #0
 207 0064 0493     		str	r3, [sp, #16]
 164:Core/Src/main.c ****   {
 208              		.loc 1 164 3 is_stmt 1 view .LVU55
 164:Core/Src/main.c ****   {
 209              		.loc 1 164 7 is_stmt 0 view .LVU56
 210 0066 01A8     		add	r0, sp, #4
 211 0068 FFF7FEFF 		bl	HAL_RCCEx_PeriphCLKConfig
 212              	.LVL8:
 164:Core/Src/main.c ****   {
 213              		.loc 1 164 6 discriminator 1 view .LVU57
 214 006c 30B9     		cbnz	r0, .L16
 168:Core/Src/main.c **** 
 215              		.loc 1 168 1 view .LVU58
 216 006e 27B0     		add	sp, sp, #156
 217              	.LCFI3:
 218              		.cfi_remember_state
 219              		.cfi_def_cfa_offset 4
 220              		@ sp needed
 221 0070 5DF804FB 		ldr	pc, [sp], #4
 222              	.L14:
 223              	.LCFI4:
 224              		.cfi_restore_state
 146:Core/Src/main.c ****   }
 225              		.loc 1 146 5 is_stmt 1 view .LVU59
 226 0074 FFF7FEFF 		bl	Error_Handler
 227              	.LVL9:
ARM GAS  /tmp/ccjcYLzX.s 			page 12


 228              	.L15:
 160:Core/Src/main.c ****   }
 229              		.loc 1 160 5 view .LVU60
 230 0078 FFF7FEFF 		bl	Error_Handler
 231              	.LVL10:
 232              	.L16:
 166:Core/Src/main.c ****   }
 233              		.loc 1 166 5 view .LVU61
 234 007c FFF7FEFF 		bl	Error_Handler
 235              	.LVL11:
 236              		.cfi_endproc
 237              	.LFE139:
 239              		.section	.text.main,"ax",%progbits
 240              		.align	1
 241              		.global	main
 242              		.syntax unified
 243              		.thumb
 244              		.thumb_func
 246              	main:
 247              	.LFB138:
  71:Core/Src/main.c **** 
 248              		.loc 1 71 1 view -0
 249              		.cfi_startproc
 250              		@ Volatile: function does not return.
 251              		@ args = 0, pretend = 0, frame = 0
 252              		@ frame_needed = 0, uses_anonymous_args = 0
 253 0000 08B5     		push	{r3, lr}
 254              	.LCFI5:
 255              		.cfi_def_cfa_offset 8
 256              		.cfi_offset 3, -8
 257              		.cfi_offset 14, -4
  80:Core/Src/main.c **** 
 258              		.loc 1 80 3 view .LVU63
 259 0002 FFF7FEFF 		bl	HAL_Init
 260              	.LVL12:
  87:Core/Src/main.c **** 
 261              		.loc 1 87 3 view .LVU64
 262 0006 FFF7FEFF 		bl	SystemClock_Config
 263              	.LVL13:
  94:Core/Src/main.c ****   MX_DMA_Init();
 264              		.loc 1 94 3 view .LVU65
 265 000a FFF7FEFF 		bl	MX_GPIO_Init
 266              	.LVL14:
  95:Core/Src/main.c ****   MX_USART2_UART_Init();
 267              		.loc 1 95 3 view .LVU66
 268 000e FFF7FEFF 		bl	MX_DMA_Init
 269              	.LVL15:
  96:Core/Src/main.c ****   MX_SPI2_Init();
 270              		.loc 1 96 3 view .LVU67
 271 0012 FFF7FEFF 		bl	MX_USART2_UART_Init
 272              	.LVL16:
  97:Core/Src/main.c ****   /* USER CODE BEGIN 2 */
 273              		.loc 1 97 3 view .LVU68
 274 0016 FFF7FEFF 		bl	MX_SPI2_Init
 275              	.LVL17:
 103:Core/Src/main.c **** 
 276              		.loc 1 103 3 view .LVU69
ARM GAS  /tmp/ccjcYLzX.s 			page 13


 277 001a FFF7FEFF 		bl	osKernelInitialize
 278              	.LVL18:
 106:Core/Src/main.c **** 
 279              		.loc 1 106 3 view .LVU70
 280 001e FFF7FEFF 		bl	MX_FREERTOS_Init
 281              	.LVL19:
 109:Core/Src/main.c **** 
 282              		.loc 1 109 3 view .LVU71
 283 0022 FFF7FEFF 		bl	osKernelStart
 284              	.LVL20:
 285              	.L18:
 115:Core/Src/main.c ****   {
 286              		.loc 1 115 3 view .LVU72
 120:Core/Src/main.c ****   /* USER CODE END 3 */
 287              		.loc 1 120 3 view .LVU73
 115:Core/Src/main.c ****   {
 288              		.loc 1 115 9 view .LVU74
 289 0026 FEE7     		b	.L18
 290              		.cfi_endproc
 291              	.LFE138:
 293              		.text
 294              	.Letext0:
 295              		.file 3 "/usr/lib/gcc/arm-none-eabi/13.2.1/include/stdint.h"
 296              		.file 4 "Drivers/CMSIS/Device/ST/STM32F3xx/Include/stm32f303xe.h"
 297              		.file 5 "/usr/lib/gcc/arm-none-eabi/13.2.1/include/stddef.h"
 298              		.file 6 "Drivers/STM32F3xx_HAL_Driver/Inc/stm32f3xx_hal_def.h"
 299              		.file 7 "Drivers/STM32F3xx_HAL_Driver/Inc/stm32f3xx_hal_rcc.h"
 300              		.file 8 "Drivers/STM32F3xx_HAL_Driver/Inc/stm32f3xx_hal_rcc_ex.h"
 301              		.file 9 "Drivers/STM32F3xx_HAL_Driver/Inc/stm32f3xx_hal_dma.h"
 302              		.file 10 "Drivers/STM32F3xx_HAL_Driver/Inc/stm32f3xx_hal_tim.h"
 303              		.file 11 "micro_ros_stm32cubemx_utils/microros_static_library/libmicroros/microros_include/rmw/tim
 304              		.file 12 "micro_ros_stm32cubemx_utils/microros_static_library/libmicroros/microros_include/rmw/typ
 305              		.file 13 "micro_ros_stm32cubemx_utils/microros_static_library/libmicroros/microros_include/rmw/qos
 306              		.file 14 "micro_ros_stm32cubemx_utils/microros_static_library/libmicroros/microros_include/rcl_act
 307              		.file 15 "Middlewares/Third_Party/FreeRTOS/Source/CMSIS_RTOS_V2/cmsis_os2.h"
 308              		.file 16 "Drivers/STM32F3xx_HAL_Driver/Inc/stm32f3xx_hal.h"
 309              		.file 17 "Core/Inc/spi.h"
 310              		.file 18 "Core/Inc/usart.h"
 311              		.file 19 "Core/Inc/dma.h"
 312              		.file 20 "Core/Inc/gpio.h"
 313              		.file 21 "<built-in>"
ARM GAS  /tmp/ccjcYLzX.s 			page 14


DEFINED SYMBOLS
                            *ABS*:00000000 main.c
     /tmp/ccjcYLzX.s:21     .text.HAL_TIM_PeriodElapsedCallback:00000000 $t
     /tmp/ccjcYLzX.s:27     .text.HAL_TIM_PeriodElapsedCallback:00000000 HAL_TIM_PeriodElapsedCallback
     /tmp/ccjcYLzX.s:61     .text.HAL_TIM_PeriodElapsedCallback:00000014 $d
     /tmp/ccjcYLzX.s:66     .text.Error_Handler:00000000 $t
     /tmp/ccjcYLzX.s:72     .text.Error_Handler:00000000 Error_Handler
     /tmp/ccjcYLzX.s:104    .text.SystemClock_Config:00000000 $t
     /tmp/ccjcYLzX.s:110    .text.SystemClock_Config:00000000 SystemClock_Config
     /tmp/ccjcYLzX.s:240    .text.main:00000000 $t
     /tmp/ccjcYLzX.s:246    .text.main:00000000 main

UNDEFINED SYMBOLS
HAL_IncTick
memset
HAL_RCC_OscConfig
HAL_RCC_ClockConfig
HAL_RCCEx_PeriphCLKConfig
HAL_Init
MX_GPIO_Init
MX_DMA_Init
MX_USART2_UART_Init
MX_SPI2_Init
osKernelInitialize
MX_FREERTOS_Init
osKernelStart
