ARM GAS  /tmp/ccThIXjz.s 			page 1


   1              		.cpu cortex-m4
   2              		.arch armv7e-m
   3              		.fpu fpv4-sp-d16
   4              		.eabi_attribute 27, 1
   5              		.eabi_attribute 28, 1
   6              		.eabi_attribute 20, 1
   7              		.eabi_attribute 21, 1
   8              		.eabi_attribute 23, 3
   9              		.eabi_attribute 24, 1
  10              		.eabi_attribute 25, 1
  11              		.eabi_attribute 26, 1
  12              		.eabi_attribute 30, 1
  13              		.eabi_attribute 34, 1
  14              		.eabi_attribute 18, 4
  15              		.file	"usart.c"
  16              		.text
  17              	.Ltext0:
  18              		.cfi_sections	.debug_frame
  19              		.file 1 "Core/Src/usart.c"
  20              		.section	.text.MX_USART2_UART_Init,"ax",%progbits
  21              		.align	1
  22              		.global	MX_USART2_UART_Init
  23              		.syntax unified
  24              		.thumb
  25              		.thumb_func
  27              	MX_USART2_UART_Init:
  28              	.LFB134:
   1:Core/Src/usart.c **** /* USER CODE BEGIN Header */
   2:Core/Src/usart.c **** /**
   3:Core/Src/usart.c ****   ******************************************************************************
   4:Core/Src/usart.c ****   * @file    usart.c
   5:Core/Src/usart.c ****   * @brief   This file provides code for the configuration
   6:Core/Src/usart.c ****   *          of the USART instances.
   7:Core/Src/usart.c ****   ******************************************************************************
   8:Core/Src/usart.c ****   * @attention
   9:Core/Src/usart.c ****   *
  10:Core/Src/usart.c ****   * Copyright (c) 2026 STMicroelectronics.
  11:Core/Src/usart.c ****   * All rights reserved.
  12:Core/Src/usart.c ****   *
  13:Core/Src/usart.c ****   * This software is licensed under terms that can be found in the LICENSE file
  14:Core/Src/usart.c ****   * in the root directory of this software component.
  15:Core/Src/usart.c ****   * If no LICENSE file comes with this software, it is provided AS-IS.
  16:Core/Src/usart.c ****   *
  17:Core/Src/usart.c ****   ******************************************************************************
  18:Core/Src/usart.c ****   */
  19:Core/Src/usart.c **** /* USER CODE END Header */
  20:Core/Src/usart.c **** /* Includes ------------------------------------------------------------------*/
  21:Core/Src/usart.c **** #include "usart.h"
  22:Core/Src/usart.c **** 
  23:Core/Src/usart.c **** /* USER CODE BEGIN 0 */
  24:Core/Src/usart.c **** 
  25:Core/Src/usart.c **** /* USER CODE END 0 */
  26:Core/Src/usart.c **** 
  27:Core/Src/usart.c **** UART_HandleTypeDef huart2;
  28:Core/Src/usart.c **** DMA_HandleTypeDef hdma_usart2_rx;
  29:Core/Src/usart.c **** DMA_HandleTypeDef hdma_usart2_tx;
  30:Core/Src/usart.c **** 
ARM GAS  /tmp/ccThIXjz.s 			page 2


  31:Core/Src/usart.c **** /* USART2 init function */
  32:Core/Src/usart.c **** 
  33:Core/Src/usart.c **** void MX_USART2_UART_Init(void)
  34:Core/Src/usart.c **** {
  29              		.loc 1 34 1 view -0
  30              		.cfi_startproc
  31              		@ args = 0, pretend = 0, frame = 0
  32              		@ frame_needed = 0, uses_anonymous_args = 0
  33 0000 08B5     		push	{r3, lr}
  34              	.LCFI0:
  35              		.cfi_def_cfa_offset 8
  36              		.cfi_offset 3, -8
  37              		.cfi_offset 14, -4
  35:Core/Src/usart.c **** 
  36:Core/Src/usart.c ****   /* USER CODE BEGIN USART2_Init 0 */
  37:Core/Src/usart.c **** 
  38:Core/Src/usart.c ****   /* USER CODE END USART2_Init 0 */
  39:Core/Src/usart.c **** 
  40:Core/Src/usart.c ****   /* USER CODE BEGIN USART2_Init 1 */
  41:Core/Src/usart.c **** 
  42:Core/Src/usart.c ****   /* USER CODE END USART2_Init 1 */
  43:Core/Src/usart.c ****   huart2.Instance = USART2;
  38              		.loc 1 43 3 view .LVU1
  39              		.loc 1 43 19 is_stmt 0 view .LVU2
  40 0002 0B48     		ldr	r0, .L5
  41 0004 0B4B     		ldr	r3, .L5+4
  42 0006 0360     		str	r3, [r0]
  44:Core/Src/usart.c ****   huart2.Init.BaudRate = 115200;
  43              		.loc 1 44 3 is_stmt 1 view .LVU3
  44              		.loc 1 44 24 is_stmt 0 view .LVU4
  45 0008 4FF4E133 		mov	r3, #115200
  46 000c 4360     		str	r3, [r0, #4]
  45:Core/Src/usart.c ****   huart2.Init.WordLength = UART_WORDLENGTH_8B;
  47              		.loc 1 45 3 is_stmt 1 view .LVU5
  48              		.loc 1 45 26 is_stmt 0 view .LVU6
  49 000e 0023     		movs	r3, #0
  50 0010 8360     		str	r3, [r0, #8]
  46:Core/Src/usart.c ****   huart2.Init.StopBits = UART_STOPBITS_1;
  51              		.loc 1 46 3 is_stmt 1 view .LVU7
  52              		.loc 1 46 24 is_stmt 0 view .LVU8
  53 0012 C360     		str	r3, [r0, #12]
  47:Core/Src/usart.c ****   huart2.Init.Parity = UART_PARITY_NONE;
  54              		.loc 1 47 3 is_stmt 1 view .LVU9
  55              		.loc 1 47 22 is_stmt 0 view .LVU10
  56 0014 0361     		str	r3, [r0, #16]
  48:Core/Src/usart.c ****   huart2.Init.Mode = UART_MODE_TX_RX;
  57              		.loc 1 48 3 is_stmt 1 view .LVU11
  58              		.loc 1 48 20 is_stmt 0 view .LVU12
  59 0016 0C22     		movs	r2, #12
  60 0018 4261     		str	r2, [r0, #20]
  49:Core/Src/usart.c ****   huart2.Init.HwFlowCtl = UART_HWCONTROL_NONE;
  61              		.loc 1 49 3 is_stmt 1 view .LVU13
  62              		.loc 1 49 25 is_stmt 0 view .LVU14
  63 001a 8361     		str	r3, [r0, #24]
  50:Core/Src/usart.c ****   huart2.Init.OverSampling = UART_OVERSAMPLING_16;
  64              		.loc 1 50 3 is_stmt 1 view .LVU15
  65              		.loc 1 50 28 is_stmt 0 view .LVU16
ARM GAS  /tmp/ccThIXjz.s 			page 3


  66 001c C361     		str	r3, [r0, #28]
  51:Core/Src/usart.c ****   huart2.Init.OneBitSampling = UART_ONE_BIT_SAMPLE_DISABLE;
  67              		.loc 1 51 3 is_stmt 1 view .LVU17
  68              		.loc 1 51 30 is_stmt 0 view .LVU18
  69 001e 0362     		str	r3, [r0, #32]
  52:Core/Src/usart.c ****   huart2.AdvancedInit.AdvFeatureInit = UART_ADVFEATURE_NO_INIT;
  70              		.loc 1 52 3 is_stmt 1 view .LVU19
  71              		.loc 1 52 38 is_stmt 0 view .LVU20
  72 0020 4362     		str	r3, [r0, #36]
  53:Core/Src/usart.c ****   if (HAL_UART_Init(&huart2) != HAL_OK)
  73              		.loc 1 53 3 is_stmt 1 view .LVU21
  74              		.loc 1 53 7 is_stmt 0 view .LVU22
  75 0022 FFF7FEFF 		bl	HAL_UART_Init
  76              	.LVL0:
  77              		.loc 1 53 6 discriminator 1 view .LVU23
  78 0026 00B9     		cbnz	r0, .L4
  79              	.L1:
  54:Core/Src/usart.c ****   {
  55:Core/Src/usart.c ****     Error_Handler();
  56:Core/Src/usart.c ****   }
  57:Core/Src/usart.c ****   /* USER CODE BEGIN USART2_Init 2 */
  58:Core/Src/usart.c **** 
  59:Core/Src/usart.c ****   /* USER CODE END USART2_Init 2 */
  60:Core/Src/usart.c **** 
  61:Core/Src/usart.c **** }
  80              		.loc 1 61 1 view .LVU24
  81 0028 08BD     		pop	{r3, pc}
  82              	.L4:
  55:Core/Src/usart.c ****   }
  83              		.loc 1 55 5 is_stmt 1 view .LVU25
  84 002a FFF7FEFF 		bl	Error_Handler
  85              	.LVL1:
  86              		.loc 1 61 1 is_stmt 0 view .LVU26
  87 002e FBE7     		b	.L1
  88              	.L6:
  89              		.align	2
  90              	.L5:
  91 0030 00000000 		.word	huart2
  92 0034 00440040 		.word	1073759232
  93              		.cfi_endproc
  94              	.LFE134:
  96              		.section	.text.HAL_UART_MspInit,"ax",%progbits
  97              		.align	1
  98              		.global	HAL_UART_MspInit
  99              		.syntax unified
 100              		.thumb
 101              		.thumb_func
 103              	HAL_UART_MspInit:
 104              	.LVL2:
 105              	.LFB135:
  62:Core/Src/usart.c **** 
  63:Core/Src/usart.c **** void HAL_UART_MspInit(UART_HandleTypeDef* uartHandle)
  64:Core/Src/usart.c **** {
 106              		.loc 1 64 1 is_stmt 1 view -0
 107              		.cfi_startproc
 108              		@ args = 0, pretend = 0, frame = 32
 109              		@ frame_needed = 0, uses_anonymous_args = 0
ARM GAS  /tmp/ccThIXjz.s 			page 4


 110              		.loc 1 64 1 is_stmt 0 view .LVU28
 111 0000 10B5     		push	{r4, lr}
 112              	.LCFI1:
 113              		.cfi_def_cfa_offset 8
 114              		.cfi_offset 4, -8
 115              		.cfi_offset 14, -4
 116 0002 88B0     		sub	sp, sp, #32
 117              	.LCFI2:
 118              		.cfi_def_cfa_offset 40
  65:Core/Src/usart.c **** 
  66:Core/Src/usart.c ****   GPIO_InitTypeDef GPIO_InitStruct = {0};
 119              		.loc 1 66 3 is_stmt 1 view .LVU29
 120              		.loc 1 66 20 is_stmt 0 view .LVU30
 121 0004 0023     		movs	r3, #0
 122 0006 0393     		str	r3, [sp, #12]
 123 0008 0493     		str	r3, [sp, #16]
 124 000a 0593     		str	r3, [sp, #20]
 125 000c 0693     		str	r3, [sp, #24]
 126 000e 0793     		str	r3, [sp, #28]
  67:Core/Src/usart.c ****   if(uartHandle->Instance==USART2)
 127              		.loc 1 67 3 is_stmt 1 view .LVU31
 128              		.loc 1 67 16 is_stmt 0 view .LVU32
 129 0010 0268     		ldr	r2, [r0]
 130              		.loc 1 67 5 view .LVU33
 131 0012 2F4B     		ldr	r3, .L15
 132 0014 9A42     		cmp	r2, r3
 133 0016 01D0     		beq	.L12
 134              	.LVL3:
 135              	.L7:
  68:Core/Src/usart.c ****   {
  69:Core/Src/usart.c ****   /* USER CODE BEGIN USART2_MspInit 0 */
  70:Core/Src/usart.c **** 
  71:Core/Src/usart.c ****   /* USER CODE END USART2_MspInit 0 */
  72:Core/Src/usart.c ****     /* USART2 clock enable */
  73:Core/Src/usart.c ****     __HAL_RCC_USART2_CLK_ENABLE();
  74:Core/Src/usart.c **** 
  75:Core/Src/usart.c ****     __HAL_RCC_GPIOA_CLK_ENABLE();
  76:Core/Src/usart.c ****     /**USART2 GPIO Configuration
  77:Core/Src/usart.c ****     PA2     ------> USART2_TX
  78:Core/Src/usart.c ****     PA3     ------> USART2_RX
  79:Core/Src/usart.c ****     */
  80:Core/Src/usart.c ****     GPIO_InitStruct.Pin = USART_TX_Pin|USART_RX_Pin;
  81:Core/Src/usart.c ****     GPIO_InitStruct.Mode = GPIO_MODE_AF_PP;
  82:Core/Src/usart.c ****     GPIO_InitStruct.Pull = GPIO_NOPULL;
  83:Core/Src/usart.c ****     GPIO_InitStruct.Speed = GPIO_SPEED_FREQ_LOW;
  84:Core/Src/usart.c ****     GPIO_InitStruct.Alternate = GPIO_AF7_USART2;
  85:Core/Src/usart.c ****     HAL_GPIO_Init(GPIOA, &GPIO_InitStruct);
  86:Core/Src/usart.c **** 
  87:Core/Src/usart.c ****     /* USART2 DMA Init */
  88:Core/Src/usart.c ****     /* USART2_RX Init */
  89:Core/Src/usart.c ****     hdma_usart2_rx.Instance = DMA1_Channel6;
  90:Core/Src/usart.c ****     hdma_usart2_rx.Init.Direction = DMA_PERIPH_TO_MEMORY;
  91:Core/Src/usart.c ****     hdma_usart2_rx.Init.PeriphInc = DMA_PINC_DISABLE;
  92:Core/Src/usart.c ****     hdma_usart2_rx.Init.MemInc = DMA_MINC_ENABLE;
  93:Core/Src/usart.c ****     hdma_usart2_rx.Init.PeriphDataAlignment = DMA_PDATAALIGN_BYTE;
  94:Core/Src/usart.c ****     hdma_usart2_rx.Init.MemDataAlignment = DMA_MDATAALIGN_BYTE;
  95:Core/Src/usart.c ****     hdma_usart2_rx.Init.Mode = DMA_CIRCULAR;
ARM GAS  /tmp/ccThIXjz.s 			page 5


  96:Core/Src/usart.c ****     hdma_usart2_rx.Init.Priority = DMA_PRIORITY_VERY_HIGH;
  97:Core/Src/usart.c ****     if (HAL_DMA_Init(&hdma_usart2_rx) != HAL_OK)
  98:Core/Src/usart.c ****     {
  99:Core/Src/usart.c ****       Error_Handler();
 100:Core/Src/usart.c ****     }
 101:Core/Src/usart.c **** 
 102:Core/Src/usart.c ****     __HAL_LINKDMA(uartHandle,hdmarx,hdma_usart2_rx);
 103:Core/Src/usart.c **** 
 104:Core/Src/usart.c ****     /* USART2_TX Init */
 105:Core/Src/usart.c ****     hdma_usart2_tx.Instance = DMA1_Channel7;
 106:Core/Src/usart.c ****     hdma_usart2_tx.Init.Direction = DMA_MEMORY_TO_PERIPH;
 107:Core/Src/usart.c ****     hdma_usart2_tx.Init.PeriphInc = DMA_PINC_DISABLE;
 108:Core/Src/usart.c ****     hdma_usart2_tx.Init.MemInc = DMA_MINC_ENABLE;
 109:Core/Src/usart.c ****     hdma_usart2_tx.Init.PeriphDataAlignment = DMA_PDATAALIGN_BYTE;
 110:Core/Src/usart.c ****     hdma_usart2_tx.Init.MemDataAlignment = DMA_MDATAALIGN_BYTE;
 111:Core/Src/usart.c ****     hdma_usart2_tx.Init.Mode = DMA_NORMAL;
 112:Core/Src/usart.c ****     hdma_usart2_tx.Init.Priority = DMA_PRIORITY_VERY_HIGH;
 113:Core/Src/usart.c ****     if (HAL_DMA_Init(&hdma_usart2_tx) != HAL_OK)
 114:Core/Src/usart.c ****     {
 115:Core/Src/usart.c ****       Error_Handler();
 116:Core/Src/usart.c ****     }
 117:Core/Src/usart.c **** 
 118:Core/Src/usart.c ****     __HAL_LINKDMA(uartHandle,hdmatx,hdma_usart2_tx);
 119:Core/Src/usart.c **** 
 120:Core/Src/usart.c ****     /* USART2 interrupt Init */
 121:Core/Src/usart.c ****     HAL_NVIC_SetPriority(USART2_IRQn, 5, 0);
 122:Core/Src/usart.c ****     HAL_NVIC_EnableIRQ(USART2_IRQn);
 123:Core/Src/usart.c ****   /* USER CODE BEGIN USART2_MspInit 1 */
 124:Core/Src/usart.c **** 
 125:Core/Src/usart.c ****   /* USER CODE END USART2_MspInit 1 */
 126:Core/Src/usart.c ****   }
 127:Core/Src/usart.c **** }
 136              		.loc 1 127 1 view .LVU34
 137 0018 08B0     		add	sp, sp, #32
 138              	.LCFI3:
 139              		.cfi_remember_state
 140              		.cfi_def_cfa_offset 8
 141              		@ sp needed
 142 001a 10BD     		pop	{r4, pc}
 143              	.LVL4:
 144              	.L12:
 145              	.LCFI4:
 146              		.cfi_restore_state
 147              		.loc 1 127 1 view .LVU35
 148 001c 0446     		mov	r4, r0
  73:Core/Src/usart.c **** 
 149              		.loc 1 73 5 is_stmt 1 view .LVU36
 150              	.LBB2:
  73:Core/Src/usart.c **** 
 151              		.loc 1 73 5 view .LVU37
  73:Core/Src/usart.c **** 
 152              		.loc 1 73 5 view .LVU38
 153 001e 03F5E633 		add	r3, r3, #117760
 154 0022 DA69     		ldr	r2, [r3, #28]
 155 0024 42F40032 		orr	r2, r2, #131072
 156 0028 DA61     		str	r2, [r3, #28]
  73:Core/Src/usart.c **** 
ARM GAS  /tmp/ccThIXjz.s 			page 6


 157              		.loc 1 73 5 view .LVU39
 158 002a DA69     		ldr	r2, [r3, #28]
 159 002c 02F40032 		and	r2, r2, #131072
 160 0030 0192     		str	r2, [sp, #4]
  73:Core/Src/usart.c **** 
 161              		.loc 1 73 5 view .LVU40
 162 0032 019A     		ldr	r2, [sp, #4]
 163              	.LBE2:
  73:Core/Src/usart.c **** 
 164              		.loc 1 73 5 view .LVU41
  75:Core/Src/usart.c ****     /**USART2 GPIO Configuration
 165              		.loc 1 75 5 view .LVU42
 166              	.LBB3:
  75:Core/Src/usart.c ****     /**USART2 GPIO Configuration
 167              		.loc 1 75 5 view .LVU43
  75:Core/Src/usart.c ****     /**USART2 GPIO Configuration
 168              		.loc 1 75 5 view .LVU44
 169 0034 5A69     		ldr	r2, [r3, #20]
 170 0036 42F40032 		orr	r2, r2, #131072
 171 003a 5A61     		str	r2, [r3, #20]
  75:Core/Src/usart.c ****     /**USART2 GPIO Configuration
 172              		.loc 1 75 5 view .LVU45
 173 003c 5B69     		ldr	r3, [r3, #20]
 174 003e 03F40033 		and	r3, r3, #131072
 175 0042 0293     		str	r3, [sp, #8]
  75:Core/Src/usart.c ****     /**USART2 GPIO Configuration
 176              		.loc 1 75 5 view .LVU46
 177 0044 029B     		ldr	r3, [sp, #8]
 178              	.LBE3:
  75:Core/Src/usart.c ****     /**USART2 GPIO Configuration
 179              		.loc 1 75 5 view .LVU47
  80:Core/Src/usart.c ****     GPIO_InitStruct.Mode = GPIO_MODE_AF_PP;
 180              		.loc 1 80 5 view .LVU48
  80:Core/Src/usart.c ****     GPIO_InitStruct.Mode = GPIO_MODE_AF_PP;
 181              		.loc 1 80 25 is_stmt 0 view .LVU49
 182 0046 0C23     		movs	r3, #12
 183 0048 0393     		str	r3, [sp, #12]
  81:Core/Src/usart.c ****     GPIO_InitStruct.Pull = GPIO_NOPULL;
 184              		.loc 1 81 5 is_stmt 1 view .LVU50
  81:Core/Src/usart.c ****     GPIO_InitStruct.Pull = GPIO_NOPULL;
 185              		.loc 1 81 26 is_stmt 0 view .LVU51
 186 004a 0223     		movs	r3, #2
 187 004c 0493     		str	r3, [sp, #16]
  82:Core/Src/usart.c ****     GPIO_InitStruct.Speed = GPIO_SPEED_FREQ_LOW;
 188              		.loc 1 82 5 is_stmt 1 view .LVU52
  83:Core/Src/usart.c ****     GPIO_InitStruct.Alternate = GPIO_AF7_USART2;
 189              		.loc 1 83 5 view .LVU53
  84:Core/Src/usart.c ****     HAL_GPIO_Init(GPIOA, &GPIO_InitStruct);
 190              		.loc 1 84 5 view .LVU54
  84:Core/Src/usart.c ****     HAL_GPIO_Init(GPIOA, &GPIO_InitStruct);
 191              		.loc 1 84 31 is_stmt 0 view .LVU55
 192 004e 0723     		movs	r3, #7
 193 0050 0793     		str	r3, [sp, #28]
  85:Core/Src/usart.c **** 
 194              		.loc 1 85 5 is_stmt 1 view .LVU56
 195 0052 03A9     		add	r1, sp, #12
 196 0054 4FF09040 		mov	r0, #1207959552
ARM GAS  /tmp/ccThIXjz.s 			page 7


 197              	.LVL5:
  85:Core/Src/usart.c **** 
 198              		.loc 1 85 5 is_stmt 0 view .LVU57
 199 0058 FFF7FEFF 		bl	HAL_GPIO_Init
 200              	.LVL6:
  89:Core/Src/usart.c ****     hdma_usart2_rx.Init.Direction = DMA_PERIPH_TO_MEMORY;
 201              		.loc 1 89 5 is_stmt 1 view .LVU58
  89:Core/Src/usart.c ****     hdma_usart2_rx.Init.Direction = DMA_PERIPH_TO_MEMORY;
 202              		.loc 1 89 29 is_stmt 0 view .LVU59
 203 005c 1D48     		ldr	r0, .L15+4
 204 005e 1E4B     		ldr	r3, .L15+8
 205 0060 0360     		str	r3, [r0]
  90:Core/Src/usart.c ****     hdma_usart2_rx.Init.PeriphInc = DMA_PINC_DISABLE;
 206              		.loc 1 90 5 is_stmt 1 view .LVU60
  90:Core/Src/usart.c ****     hdma_usart2_rx.Init.PeriphInc = DMA_PINC_DISABLE;
 207              		.loc 1 90 35 is_stmt 0 view .LVU61
 208 0062 0023     		movs	r3, #0
 209 0064 4360     		str	r3, [r0, #4]
  91:Core/Src/usart.c ****     hdma_usart2_rx.Init.MemInc = DMA_MINC_ENABLE;
 210              		.loc 1 91 5 is_stmt 1 view .LVU62
  91:Core/Src/usart.c ****     hdma_usart2_rx.Init.MemInc = DMA_MINC_ENABLE;
 211              		.loc 1 91 35 is_stmt 0 view .LVU63
 212 0066 8360     		str	r3, [r0, #8]
  92:Core/Src/usart.c ****     hdma_usart2_rx.Init.PeriphDataAlignment = DMA_PDATAALIGN_BYTE;
 213              		.loc 1 92 5 is_stmt 1 view .LVU64
  92:Core/Src/usart.c ****     hdma_usart2_rx.Init.PeriphDataAlignment = DMA_PDATAALIGN_BYTE;
 214              		.loc 1 92 32 is_stmt 0 view .LVU65
 215 0068 8022     		movs	r2, #128
 216 006a C260     		str	r2, [r0, #12]
  93:Core/Src/usart.c ****     hdma_usart2_rx.Init.MemDataAlignment = DMA_MDATAALIGN_BYTE;
 217              		.loc 1 93 5 is_stmt 1 view .LVU66
  93:Core/Src/usart.c ****     hdma_usart2_rx.Init.MemDataAlignment = DMA_MDATAALIGN_BYTE;
 218              		.loc 1 93 45 is_stmt 0 view .LVU67
 219 006c 0361     		str	r3, [r0, #16]
  94:Core/Src/usart.c ****     hdma_usart2_rx.Init.Mode = DMA_CIRCULAR;
 220              		.loc 1 94 5 is_stmt 1 view .LVU68
  94:Core/Src/usart.c ****     hdma_usart2_rx.Init.Mode = DMA_CIRCULAR;
 221              		.loc 1 94 42 is_stmt 0 view .LVU69
 222 006e 4361     		str	r3, [r0, #20]
  95:Core/Src/usart.c ****     hdma_usart2_rx.Init.Priority = DMA_PRIORITY_VERY_HIGH;
 223              		.loc 1 95 5 is_stmt 1 view .LVU70
  95:Core/Src/usart.c ****     hdma_usart2_rx.Init.Priority = DMA_PRIORITY_VERY_HIGH;
 224              		.loc 1 95 30 is_stmt 0 view .LVU71
 225 0070 2023     		movs	r3, #32
 226 0072 8361     		str	r3, [r0, #24]
  96:Core/Src/usart.c ****     if (HAL_DMA_Init(&hdma_usart2_rx) != HAL_OK)
 227              		.loc 1 96 5 is_stmt 1 view .LVU72
  96:Core/Src/usart.c ****     if (HAL_DMA_Init(&hdma_usart2_rx) != HAL_OK)
 228              		.loc 1 96 34 is_stmt 0 view .LVU73
 229 0074 4FF44053 		mov	r3, #12288
 230 0078 C361     		str	r3, [r0, #28]
  97:Core/Src/usart.c ****     {
 231              		.loc 1 97 5 is_stmt 1 view .LVU74
  97:Core/Src/usart.c ****     {
 232              		.loc 1 97 9 is_stmt 0 view .LVU75
 233 007a FFF7FEFF 		bl	HAL_DMA_Init
 234              	.LVL7:
ARM GAS  /tmp/ccThIXjz.s 			page 8


  97:Core/Src/usart.c ****     {
 235              		.loc 1 97 8 discriminator 1 view .LVU76
 236 007e 00BB     		cbnz	r0, .L13
 237              	.L9:
 102:Core/Src/usart.c **** 
 238              		.loc 1 102 5 is_stmt 1 view .LVU77
 102:Core/Src/usart.c **** 
 239              		.loc 1 102 5 view .LVU78
 240 0080 144B     		ldr	r3, .L15+4
 241 0082 6367     		str	r3, [r4, #116]
 102:Core/Src/usart.c **** 
 242              		.loc 1 102 5 view .LVU79
 243 0084 5C62     		str	r4, [r3, #36]
 102:Core/Src/usart.c **** 
 244              		.loc 1 102 5 view .LVU80
 105:Core/Src/usart.c ****     hdma_usart2_tx.Init.Direction = DMA_MEMORY_TO_PERIPH;
 245              		.loc 1 105 5 view .LVU81
 105:Core/Src/usart.c ****     hdma_usart2_tx.Init.Direction = DMA_MEMORY_TO_PERIPH;
 246              		.loc 1 105 29 is_stmt 0 view .LVU82
 247 0086 1548     		ldr	r0, .L15+12
 248 0088 154B     		ldr	r3, .L15+16
 249 008a 0360     		str	r3, [r0]
 106:Core/Src/usart.c ****     hdma_usart2_tx.Init.PeriphInc = DMA_PINC_DISABLE;
 250              		.loc 1 106 5 is_stmt 1 view .LVU83
 106:Core/Src/usart.c ****     hdma_usart2_tx.Init.PeriphInc = DMA_PINC_DISABLE;
 251              		.loc 1 106 35 is_stmt 0 view .LVU84
 252 008c 1023     		movs	r3, #16
 253 008e 4360     		str	r3, [r0, #4]
 107:Core/Src/usart.c ****     hdma_usart2_tx.Init.MemInc = DMA_MINC_ENABLE;
 254              		.loc 1 107 5 is_stmt 1 view .LVU85
 107:Core/Src/usart.c ****     hdma_usart2_tx.Init.MemInc = DMA_MINC_ENABLE;
 255              		.loc 1 107 35 is_stmt 0 view .LVU86
 256 0090 0023     		movs	r3, #0
 257 0092 8360     		str	r3, [r0, #8]
 108:Core/Src/usart.c ****     hdma_usart2_tx.Init.PeriphDataAlignment = DMA_PDATAALIGN_BYTE;
 258              		.loc 1 108 5 is_stmt 1 view .LVU87
 108:Core/Src/usart.c ****     hdma_usart2_tx.Init.PeriphDataAlignment = DMA_PDATAALIGN_BYTE;
 259              		.loc 1 108 32 is_stmt 0 view .LVU88
 260 0094 8022     		movs	r2, #128
 261 0096 C260     		str	r2, [r0, #12]
 109:Core/Src/usart.c ****     hdma_usart2_tx.Init.MemDataAlignment = DMA_MDATAALIGN_BYTE;
 262              		.loc 1 109 5 is_stmt 1 view .LVU89
 109:Core/Src/usart.c ****     hdma_usart2_tx.Init.MemDataAlignment = DMA_MDATAALIGN_BYTE;
 263              		.loc 1 109 45 is_stmt 0 view .LVU90
 264 0098 0361     		str	r3, [r0, #16]
 110:Core/Src/usart.c ****     hdma_usart2_tx.Init.Mode = DMA_NORMAL;
 265              		.loc 1 110 5 is_stmt 1 view .LVU91
 110:Core/Src/usart.c ****     hdma_usart2_tx.Init.Mode = DMA_NORMAL;
 266              		.loc 1 110 42 is_stmt 0 view .LVU92
 267 009a 4361     		str	r3, [r0, #20]
 111:Core/Src/usart.c ****     hdma_usart2_tx.Init.Priority = DMA_PRIORITY_VERY_HIGH;
 268              		.loc 1 111 5 is_stmt 1 view .LVU93
 111:Core/Src/usart.c ****     hdma_usart2_tx.Init.Priority = DMA_PRIORITY_VERY_HIGH;
 269              		.loc 1 111 30 is_stmt 0 view .LVU94
 270 009c 8361     		str	r3, [r0, #24]
 112:Core/Src/usart.c ****     if (HAL_DMA_Init(&hdma_usart2_tx) != HAL_OK)
 271              		.loc 1 112 5 is_stmt 1 view .LVU95
ARM GAS  /tmp/ccThIXjz.s 			page 9


 112:Core/Src/usart.c ****     if (HAL_DMA_Init(&hdma_usart2_tx) != HAL_OK)
 272              		.loc 1 112 34 is_stmt 0 view .LVU96
 273 009e 4FF44053 		mov	r3, #12288
 274 00a2 C361     		str	r3, [r0, #28]
 113:Core/Src/usart.c ****     {
 275              		.loc 1 113 5 is_stmt 1 view .LVU97
 113:Core/Src/usart.c ****     {
 276              		.loc 1 113 9 is_stmt 0 view .LVU98
 277 00a4 FFF7FEFF 		bl	HAL_DMA_Init
 278              	.LVL8:
 113:Core/Src/usart.c ****     {
 279              		.loc 1 113 8 discriminator 1 view .LVU99
 280 00a8 70B9     		cbnz	r0, .L14
 281              	.L10:
 118:Core/Src/usart.c **** 
 282              		.loc 1 118 5 is_stmt 1 view .LVU100
 118:Core/Src/usart.c **** 
 283              		.loc 1 118 5 view .LVU101
 284 00aa 0C4B     		ldr	r3, .L15+12
 285 00ac 2367     		str	r3, [r4, #112]
 118:Core/Src/usart.c **** 
 286              		.loc 1 118 5 view .LVU102
 287 00ae 5C62     		str	r4, [r3, #36]
 118:Core/Src/usart.c **** 
 288              		.loc 1 118 5 view .LVU103
 121:Core/Src/usart.c ****     HAL_NVIC_EnableIRQ(USART2_IRQn);
 289              		.loc 1 121 5 view .LVU104
 290 00b0 0022     		movs	r2, #0
 291 00b2 0521     		movs	r1, #5
 292 00b4 2620     		movs	r0, #38
 293 00b6 FFF7FEFF 		bl	HAL_NVIC_SetPriority
 294              	.LVL9:
 122:Core/Src/usart.c ****   /* USER CODE BEGIN USART2_MspInit 1 */
 295              		.loc 1 122 5 view .LVU105
 296 00ba 2620     		movs	r0, #38
 297 00bc FFF7FEFF 		bl	HAL_NVIC_EnableIRQ
 298              	.LVL10:
 299              		.loc 1 127 1 is_stmt 0 view .LVU106
 300 00c0 AAE7     		b	.L7
 301              	.L13:
  99:Core/Src/usart.c ****     }
 302              		.loc 1 99 7 is_stmt 1 view .LVU107
 303 00c2 FFF7FEFF 		bl	Error_Handler
 304              	.LVL11:
 305 00c6 DBE7     		b	.L9
 306              	.L14:
 115:Core/Src/usart.c ****     }
 307              		.loc 1 115 7 view .LVU108
 308 00c8 FFF7FEFF 		bl	Error_Handler
 309              	.LVL12:
 310 00cc EDE7     		b	.L10
 311              	.L16:
 312 00ce 00BF     		.align	2
 313              	.L15:
 314 00d0 00440040 		.word	1073759232
 315 00d4 00000000 		.word	hdma_usart2_rx
 316 00d8 6C000240 		.word	1073873004
ARM GAS  /tmp/ccThIXjz.s 			page 10


 317 00dc 00000000 		.word	hdma_usart2_tx
 318 00e0 80000240 		.word	1073873024
 319              		.cfi_endproc
 320              	.LFE135:
 322              		.section	.text.HAL_UART_MspDeInit,"ax",%progbits
 323              		.align	1
 324              		.global	HAL_UART_MspDeInit
 325              		.syntax unified
 326              		.thumb
 327              		.thumb_func
 329              	HAL_UART_MspDeInit:
 330              	.LVL13:
 331              	.LFB136:
 128:Core/Src/usart.c **** 
 129:Core/Src/usart.c **** void HAL_UART_MspDeInit(UART_HandleTypeDef* uartHandle)
 130:Core/Src/usart.c **** {
 332              		.loc 1 130 1 view -0
 333              		.cfi_startproc
 334              		@ args = 0, pretend = 0, frame = 0
 335              		@ frame_needed = 0, uses_anonymous_args = 0
 131:Core/Src/usart.c **** 
 132:Core/Src/usart.c ****   if(uartHandle->Instance==USART2)
 336              		.loc 1 132 3 view .LVU110
 337              		.loc 1 132 16 is_stmt 0 view .LVU111
 338 0000 0268     		ldr	r2, [r0]
 339              		.loc 1 132 5 view .LVU112
 340 0002 0D4B     		ldr	r3, .L24
 341 0004 9A42     		cmp	r2, r3
 342 0006 00D0     		beq	.L23
 343 0008 7047     		bx	lr
 344              	.L23:
 130:Core/Src/usart.c **** 
 345              		.loc 1 130 1 view .LVU113
 346 000a 10B5     		push	{r4, lr}
 347              	.LCFI5:
 348              		.cfi_def_cfa_offset 8
 349              		.cfi_offset 4, -8
 350              		.cfi_offset 14, -4
 351 000c 0446     		mov	r4, r0
 133:Core/Src/usart.c ****   {
 134:Core/Src/usart.c ****   /* USER CODE BEGIN USART2_MspDeInit 0 */
 135:Core/Src/usart.c **** 
 136:Core/Src/usart.c ****   /* USER CODE END USART2_MspDeInit 0 */
 137:Core/Src/usart.c ****     /* Peripheral clock disable */
 138:Core/Src/usart.c ****     __HAL_RCC_USART2_CLK_DISABLE();
 352              		.loc 1 138 5 is_stmt 1 view .LVU114
 353 000e 0B4A     		ldr	r2, .L24+4
 354 0010 D369     		ldr	r3, [r2, #28]
 355 0012 23F40033 		bic	r3, r3, #131072
 356 0016 D361     		str	r3, [r2, #28]
 139:Core/Src/usart.c **** 
 140:Core/Src/usart.c ****     /**USART2 GPIO Configuration
 141:Core/Src/usart.c ****     PA2     ------> USART2_TX
 142:Core/Src/usart.c ****     PA3     ------> USART2_RX
 143:Core/Src/usart.c ****     */
 144:Core/Src/usart.c ****     HAL_GPIO_DeInit(GPIOA, USART_TX_Pin|USART_RX_Pin);
 357              		.loc 1 144 5 view .LVU115
ARM GAS  /tmp/ccThIXjz.s 			page 11


 358 0018 0C21     		movs	r1, #12
 359 001a 4FF09040 		mov	r0, #1207959552
 360              	.LVL14:
 361              		.loc 1 144 5 is_stmt 0 view .LVU116
 362 001e FFF7FEFF 		bl	HAL_GPIO_DeInit
 363              	.LVL15:
 145:Core/Src/usart.c **** 
 146:Core/Src/usart.c ****     /* USART2 DMA DeInit */
 147:Core/Src/usart.c ****     HAL_DMA_DeInit(uartHandle->hdmarx);
 364              		.loc 1 147 5 is_stmt 1 view .LVU117
 365 0022 606F     		ldr	r0, [r4, #116]
 366 0024 FFF7FEFF 		bl	HAL_DMA_DeInit
 367              	.LVL16:
 148:Core/Src/usart.c ****     HAL_DMA_DeInit(uartHandle->hdmatx);
 368              		.loc 1 148 5 view .LVU118
 369 0028 206F     		ldr	r0, [r4, #112]
 370 002a FFF7FEFF 		bl	HAL_DMA_DeInit
 371              	.LVL17:
 149:Core/Src/usart.c **** 
 150:Core/Src/usart.c ****     /* USART2 interrupt Deinit */
 151:Core/Src/usart.c ****     HAL_NVIC_DisableIRQ(USART2_IRQn);
 372              		.loc 1 151 5 view .LVU119
 373 002e 2620     		movs	r0, #38
 374 0030 FFF7FEFF 		bl	HAL_NVIC_DisableIRQ
 375              	.LVL18:
 152:Core/Src/usart.c ****   /* USER CODE BEGIN USART2_MspDeInit 1 */
 153:Core/Src/usart.c **** 
 154:Core/Src/usart.c ****   /* USER CODE END USART2_MspDeInit 1 */
 155:Core/Src/usart.c ****   }
 156:Core/Src/usart.c **** }
 376              		.loc 1 156 1 is_stmt 0 view .LVU120
 377 0034 10BD     		pop	{r4, pc}
 378              	.LVL19:
 379              	.L25:
 380              		.loc 1 156 1 view .LVU121
 381 0036 00BF     		.align	2
 382              	.L24:
 383 0038 00440040 		.word	1073759232
 384 003c 00100240 		.word	1073876992
 385              		.cfi_endproc
 386              	.LFE136:
 388              		.global	hdma_usart2_tx
 389              		.section	.bss.hdma_usart2_tx,"aw",%nobits
 390              		.align	2
 393              	hdma_usart2_tx:
 394 0000 00000000 		.space	68
 394      00000000 
 394      00000000 
 394      00000000 
 394      00000000 
 395              		.global	hdma_usart2_rx
 396              		.section	.bss.hdma_usart2_rx,"aw",%nobits
 397              		.align	2
 400              	hdma_usart2_rx:
 401 0000 00000000 		.space	68
 401      00000000 
 401      00000000 
ARM GAS  /tmp/ccThIXjz.s 			page 12


 401      00000000 
 401      00000000 
 402              		.global	huart2
 403              		.section	.bss.huart2,"aw",%nobits
 404              		.align	2
 407              	huart2:
 408 0000 00000000 		.space	136
 408      00000000 
 408      00000000 
 408      00000000 
 408      00000000 
 409              		.text
 410              	.Letext0:
 411              		.file 2 "Drivers/CMSIS/Device/ST/STM32F3xx/Include/stm32f303xe.h"
 412              		.file 3 "/usr/lib/gcc/arm-none-eabi/13.2.1/include/stdint.h"
 413              		.file 4 "/usr/lib/gcc/arm-none-eabi/13.2.1/include/stddef.h"
 414              		.file 5 "Drivers/STM32F3xx_HAL_Driver/Inc/stm32f3xx_hal_def.h"
 415              		.file 6 "Drivers/STM32F3xx_HAL_Driver/Inc/stm32f3xx_hal_gpio.h"
 416              		.file 7 "Drivers/STM32F3xx_HAL_Driver/Inc/stm32f3xx_hal_dma.h"
 417              		.file 8 "Drivers/STM32F3xx_HAL_Driver/Inc/stm32f3xx_hal_uart.h"
 418              		.file 9 "micro_ros_stm32cubemx_utils/microros_static_library/libmicroros/microros_include/rmw/time
 419              		.file 10 "micro_ros_stm32cubemx_utils/microros_static_library/libmicroros/microros_include/rmw/typ
 420              		.file 11 "micro_ros_stm32cubemx_utils/microros_static_library/libmicroros/microros_include/rmw/qos
 421              		.file 12 "micro_ros_stm32cubemx_utils/microros_static_library/libmicroros/microros_include/rcl_act
 422              		.file 13 "Core/Inc/usart.h"
 423              		.file 14 "Drivers/STM32F3xx_HAL_Driver/Inc/stm32f3xx_hal_cortex.h"
 424              		.file 15 "Core/Inc/main.h"
ARM GAS  /tmp/ccThIXjz.s 			page 13


DEFINED SYMBOLS
                            *ABS*:00000000 usart.c
     /tmp/ccThIXjz.s:21     .text.MX_USART2_UART_Init:00000000 $t
     /tmp/ccThIXjz.s:27     .text.MX_USART2_UART_Init:00000000 MX_USART2_UART_Init
     /tmp/ccThIXjz.s:91     .text.MX_USART2_UART_Init:00000030 $d
     /tmp/ccThIXjz.s:407    .bss.huart2:00000000 huart2
     /tmp/ccThIXjz.s:97     .text.HAL_UART_MspInit:00000000 $t
     /tmp/ccThIXjz.s:103    .text.HAL_UART_MspInit:00000000 HAL_UART_MspInit
     /tmp/ccThIXjz.s:314    .text.HAL_UART_MspInit:000000d0 $d
     /tmp/ccThIXjz.s:400    .bss.hdma_usart2_rx:00000000 hdma_usart2_rx
     /tmp/ccThIXjz.s:393    .bss.hdma_usart2_tx:00000000 hdma_usart2_tx
     /tmp/ccThIXjz.s:323    .text.HAL_UART_MspDeInit:00000000 $t
     /tmp/ccThIXjz.s:329    .text.HAL_UART_MspDeInit:00000000 HAL_UART_MspDeInit
     /tmp/ccThIXjz.s:383    .text.HAL_UART_MspDeInit:00000038 $d
     /tmp/ccThIXjz.s:390    .bss.hdma_usart2_tx:00000000 $d
     /tmp/ccThIXjz.s:397    .bss.hdma_usart2_rx:00000000 $d
     /tmp/ccThIXjz.s:404    .bss.huart2:00000000 $d

UNDEFINED SYMBOLS
HAL_UART_Init
Error_Handler
HAL_GPIO_Init
HAL_DMA_Init
HAL_NVIC_SetPriority
HAL_NVIC_EnableIRQ
HAL_GPIO_DeInit
HAL_DMA_DeInit
HAL_NVIC_DisableIRQ
