running egg_info
creating ../../build/ultrasonic_nav/ultrasonic_nav.egg-info
writing ../../build/ultrasonic_nav/ultrasonic_nav.egg-info/PKG-INFO
writing dependency_links to ../../build/ultrasonic_nav/ultrasonic_nav.egg-info/dependency_links.txt
writing entry points to ../../build/ultrasonic_nav/ultrasonic_nav.egg-info/entry_points.txt
writing requirements to ../../build/ultrasonic_nav/ultrasonic_nav.egg-info/requires.txt
writing top-level names to ../../build/ultrasonic_nav/ultrasonic_nav.egg-info/top_level.txt
writing manifest file '../../build/ultrasonic_nav/ultrasonic_nav.egg-info/SOURCES.txt'
reading manifest file '../../build/ultrasonic_nav/ultrasonic_nav.egg-info/SOURCES.txt'
writing manifest file '../../build/ultrasonic_nav/ultrasonic_nav.egg-info/SOURCES.txt'
running build
running build_py
creating /home/aleks/Joe-thesis-2026-Sensor-integration/semubot_ros2_collision_avoidance_ws/build/ultrasonic_nav/build
creating /home/aleks/Joe-thesis-2026-Sensor-integration/semubot_ros2_collision_avoidance_ws/build/ultrasonic_nav/build/lib
creating /home/aleks/Joe-thesis-2026-Sensor-integration/semubot_ros2_collision_avoidance_ws/build/ultrasonic_nav/build/lib/ultrasonic_nav
copying ultrasonic_nav/__init__.py -> /home/aleks/Joe-thesis-2026-Sensor-integration/semubot_ros2_collision_avoidance_ws/build/ultrasonic_nav/build/lib/ultrasonic_nav
copying ultrasonic_nav/obstacle_avoidance_node.py -> /home/aleks/Joe-thesis-2026-Sensor-integration/semubot_ros2_collision_avoidance_ws/build/ultrasonic_nav/build/lib/ultrasonic_nav
running install
running install_lib
creating /home/aleks/Joe-thesis-2026-Sensor-integration/semubot_ros2_collision_avoidance_ws/install/ultrasonic_nav/lib/python3.12/site-packages/ultrasonic_nav
copying /home/aleks/Joe-thesis-2026-Sensor-integration/semubot_ros2_collision_avoidance_ws/build/ultrasonic_nav/build/lib/ultrasonic_nav/__init__.py -> /home/aleks/Joe-thesis-2026-Sensor-integration/semubot_ros2_collision_avoidance_ws/install/ultrasonic_nav/lib/python3.12/site-packages/ultrasonic_nav
copying /home/aleks/Joe-thesis-2026-Sensor-integration/semubot_ros2_collision_avoidance_ws/build/ultrasonic_nav/build/lib/ultrasonic_nav/obstacle_avoidance_node.py -> /home/aleks/Joe-thesis-2026-Sensor-integration/semubot_ros2_collision_avoidance_ws/install/ultrasonic_nav/lib/python3.12/site-packages/ultrasonic_nav
byte-compiling /home/aleks/Joe-thesis-2026-Sensor-integration/semubot_ros2_collision_avoidance_ws/install/ultrasonic_nav/lib/python3.12/site-packages/ultrasonic_nav/__init__.py to __init__.cpython-312.pyc
byte-compiling /home/aleks/Joe-thesis-2026-Sensor-integration/semubot_ros2_collision_avoidance_ws/install/ultrasonic_nav/lib/python3.12/site-packages/ultrasonic_nav/obstacle_avoidance_node.py to obstacle_avoidance_node.cpython-312.pyc
running install_data
creating /home/aleks/Joe-thesis-2026-Sensor-integration/semubot_ros2_collision_avoidance_ws/install/ultrasonic_nav/share/ament_index
creating /home/aleks/Joe-thesis-2026-Sensor-integration/semubot_ros2_collision_avoidance_ws/install/ultrasonic_nav/share/ament_index/resource_index
creating /home/aleks/Joe-thesis-2026-Sensor-integration/semubot_ros2_collision_avoidance_ws/install/ultrasonic_nav/share/ament_index/resource_index/packages
copying resource/ultrasonic_nav -> /home/aleks/Joe-thesis-2026-Sensor-integration/semubot_ros2_collision_avoidance_ws/install/ultrasonic_nav/share/ament_index/resource_index/packages
copying package.xml -> /home/aleks/Joe-thesis-2026-Sensor-integration/semubot_ros2_collision_avoidance_ws/install/ultrasonic_nav/share/ultrasonic_nav
creating /home/aleks/Joe-thesis-2026-Sensor-integration/semubot_ros2_collision_avoidance_ws/install/ultrasonic_nav/share/ultrasonic_nav/launch
copying launch/obstacle_avoidance.launch.py -> /home/aleks/Joe-thesis-2026-Sensor-integration/semubot_ros2_collision_avoidance_ws/install/ultrasonic_nav/share/ultrasonic_nav/launch
creating /home/aleks/Joe-thesis-2026-Sensor-integration/semubot_ros2_collision_avoidance_ws/install/ultrasonic_nav/share/ultrasonic_nav/config
copying config/params.yaml -> /home/aleks/Joe-thesis-2026-Sensor-integration/semubot_ros2_collision_avoidance_ws/install/ultrasonic_nav/share/ultrasonic_nav/config
running install_egg_info
Copying ../../build/ultrasonic_nav/ultrasonic_nav.egg-info to /home/aleks/Joe-thesis-2026-Sensor-integration/semubot_ros2_collision_avoidance_ws/install/ultrasonic_nav/lib/python3.12/site-packages/ultrasonic_nav-0.1.0-py3.12.egg-info
running install_scripts
Installing obstacle_avoidance_node script to /home/aleks/Joe-thesis-2026-Sensor-integration/semubot_ros2_collision_avoidance_ws/install/ultrasonic_nav/lib/ultrasonic_nav
writing list of installed files to '/home/aleks/Joe-thesis-2026-Sensor-integration/semubot_ros2_collision_avoidance_ws/build/ultrasonic_nav/install.log'
