[1.013s] Invoking command in '/home/aleks/Joe-thesis-2026-Sensor-integration/semubot_ros2_collision_avoidance_ws/src/ultrasonic_nav': DEBUGINFOD_URLS=https://debuginfod.ubuntu.com PYTHONPATH=/home/aleks/Joe-thesis-2026-Sensor-integration/semubot_ros2_collision_avoidance_ws/build/ultrasonic_nav/prefix_override:/usr/lib/python3/dist-packages/colcon_core/task/python/colcon_distutils_commands:/home/aleks/Joe-thesis-2026-Sensor-integration/semubot_ros2_collision_avoidance_ws/install/ultrasonic_nav/lib/python3.12/site-packages:${PYTHONPATH} /usr/bin/python3 -W ignore:setup.py install is deprecated -W ignore:easy_install command is deprecated setup.py egg_info --egg-base ../../build/ultrasonic_nav build --build-base /home/aleks/Joe-thesis-2026-Sensor-integration/semubot_ros2_collision_avoidance_ws/build/ultrasonic_nav/build install --record /home/aleks/Joe-thesis-2026-Sensor-integration/semubot_ros2_collision_avoidance_ws/build/ultrasonic_nav/install.log --single-version-externally-managed install_data
[1.349s] running egg_info
[1.349s] creating ../../build/ultrasonic_nav/ultrasonic_nav.egg-info
[1.375s] writing ../../build/ultrasonic_nav/ultrasonic_nav.egg-info/PKG-INFO
[1.375s] writing dependency_links to ../../build/ultrasonic_nav/ultrasonic_nav.egg-info/dependency_links.txt
[1.375s] writing entry points to ../../build/ultrasonic_nav/ultrasonic_nav.egg-info/entry_points.txt
[1.375s] writing requirements to ../../build/ultrasonic_nav/ultrasonic_nav.egg-info/requires.txt
[1.375s] writing top-level names to ../../build/ultrasonic_nav/ultrasonic_nav.egg-info/top_level.txt
[1.375s] writing manifest file '../../build/ultrasonic_nav/ultrasonic_nav.egg-info/SOURCES.txt'
[1.429s] reading manifest file '../../build/ultrasonic_nav/ultrasonic_nav.egg-info/SOURCES.txt'
[1.430s] writing manifest file '../../build/ultrasonic_nav/ultrasonic_nav.egg-info/SOURCES.txt'
[1.431s] running build
[1.431s] running build_py
[1.431s] creating /home/aleks/Joe-thesis-2026-Sensor-integration/semubot_ros2_collision_avoidance_ws/build/ultrasonic_nav/build
[1.432s] creating /home/aleks/Joe-thesis-2026-Sensor-integration/semubot_ros2_collision_avoidance_ws/build/ultrasonic_nav/build/lib
[1.432s] creating /home/aleks/Joe-thesis-2026-Sensor-integration/semubot_ros2_collision_avoidance_ws/build/ultrasonic_nav/build/lib/ultrasonic_nav
[1.432s] copying ultrasonic_nav/__init__.py -> /home/aleks/Joe-thesis-2026-Sensor-integration/semubot_ros2_collision_avoidance_ws/build/ultrasonic_nav/build/lib/ultrasonic_nav
[1.432s] copying ultrasonic_nav/obstacle_avoidance_node.py -> /home/aleks/Joe-thesis-2026-Sensor-integration/semubot_ros2_collision_avoidance_ws/build/ultrasonic_nav/build/lib/ultrasonic_nav
[1.433s] running install
[1.440s] running install_lib
[1.466s] creating /home/aleks/Joe-thesis-2026-Sensor-integration/semubot_ros2_collision_avoidance_ws/install/ultrasonic_nav/lib/python3.12/site-packages/ultrasonic_nav
[1.466s] copying /home/aleks/Joe-thesis-2026-Sensor-integration/semubot_ros2_collision_avoidance_ws/build/ultrasonic_nav/build/lib/ultrasonic_nav/__init__.py -> /home/aleks/Joe-thesis-2026-Sensor-integration/semubot_ros2_collision_avoidance_ws/install/ultrasonic_nav/lib/python3.12/site-packages/ultrasonic_nav
[1.466s] copying /home/aleks/Joe-thesis-2026-Sensor-integration/semubot_ros2_collision_avoidance_ws/build/ultrasonic_nav/build/lib/ultrasonic_nav/obstacle_avoidance_node.py -> /home/aleks/Joe-thesis-2026-Sensor-integration/semubot_ros2_collision_avoidance_ws/install/ultrasonic_nav/lib/python3.12/site-packages/ultrasonic_nav
[1.467s] byte-compiling /home/aleks/Joe-thesis-2026-Sensor-integration/semubot_ros2_collision_avoidance_ws/install/ultrasonic_nav/lib/python3.12/site-packages/ultrasonic_nav/__init__.py to __init__.cpython-312.pyc
[1.467s] byte-compiling /home/aleks/Joe-thesis-2026-Sensor-integration/semubot_ros2_collision_avoidance_ws/install/ultrasonic_nav/lib/python3.12/site-packages/ultrasonic_nav/obstacle_avoidance_node.py to obstacle_avoidance_node.cpython-312.pyc
[1.469s] running install_data
[1.469s] creating /home/aleks/Joe-thesis-2026-Sensor-integration/semubot_ros2_collision_avoidance_ws/install/ultrasonic_nav/share/ament_index
[1.469s] creating /home/aleks/Joe-thesis-2026-Sensor-integration/semubot_ros2_collision_avoidance_ws/install/ultrasonic_nav/share/ament_index/resource_index
[1.469s] creating /home/aleks/Joe-thesis-2026-Sensor-integration/semubot_ros2_collision_avoidance_ws/install/ultrasonic_nav/share/ament_index/resource_index/packages
[1.470s] copying resource/ultrasonic_nav -> /home/aleks/Joe-thesis-2026-Sensor-integration/semubot_ros2_collision_avoidance_ws/install/ultrasonic_nav/share/ament_index/resource_index/packages
[1.470s] copying package.xml -> /home/aleks/Joe-thesis-2026-Sensor-integration/semubot_ros2_collision_avoidance_ws/install/ultrasonic_nav/share/ultrasonic_nav
[1.470s] creating /home/aleks/Joe-thesis-2026-Sensor-integration/semubot_ros2_collision_avoidance_ws/install/ultrasonic_nav/share/ultrasonic_nav/launch
[1.470s] copying launch/obstacle_avoidance.launch.py -> /home/aleks/Joe-thesis-2026-Sensor-integration/semubot_ros2_collision_avoidance_ws/install/ultrasonic_nav/share/ultrasonic_nav/launch
[1.470s] creating /home/aleks/Joe-thesis-2026-Sensor-integration/semubot_ros2_collision_avoidance_ws/install/ultrasonic_nav/share/ultrasonic_nav/config
[1.470s] copying config/params.yaml -> /home/aleks/Joe-thesis-2026-Sensor-integration/semubot_ros2_collision_avoidance_ws/install/ultrasonic_nav/share/ultrasonic_nav/config
[1.470s] running install_egg_info
[1.496s] Copying ../../build/ultrasonic_nav/ultrasonic_nav.egg-info to /home/aleks/Joe-thesis-2026-Sensor-integration/semubot_ros2_collision_avoidance_ws/install/ultrasonic_nav/lib/python3.12/site-packages/ultrasonic_nav-0.1.0-py3.12.egg-info
[1.498s] running install_scripts
[1.688s] Installing obstacle_avoidance_node script to /home/aleks/Joe-thesis-2026-Sensor-integration/semubot_ros2_collision_avoidance_ws/install/ultrasonic_nav/lib/ultrasonic_nav
[1.689s] writing list of installed files to '/home/aleks/Joe-thesis-2026-Sensor-integration/semubot_ros2_collision_avoidance_ws/build/ultrasonic_nav/install.log'
[1.722s] Invoked command in '/home/aleks/Joe-thesis-2026-Sensor-integration/semubot_ros2_collision_avoidance_ws/src/ultrasonic_nav' returned '0': DEBUGINFOD_URLS=https://debuginfod.ubuntu.com PYTHONPATH=/home/aleks/Joe-thesis-2026-Sensor-integration/semubot_ros2_collision_avoidance_ws/build/ultrasonic_nav/prefix_override:/usr/lib/python3/dist-packages/colcon_core/task/python/colcon_distutils_commands:/home/aleks/Joe-thesis-2026-Sensor-integration/semubot_ros2_collision_avoidance_ws/install/ultrasonic_nav/lib/python3.12/site-packages:${PYTHONPATH} /usr/bin/python3 -W ignore:setup.py install is deprecated -W ignore:easy_install command is deprecated setup.py egg_info --egg-base ../../build/ultrasonic_nav build --build-base /home/aleks/Joe-thesis-2026-Sensor-integration/semubot_ros2_collision_avoidance_ws/build/ultrasonic_nav/build install --record /home/aleks/Joe-thesis-2026-Sensor-integration/semubot_ros2_collision_avoidance_ws/build/ultrasonic_nav/install.log --single-version-externally-managed install_data
