../Soniclib/invn/soniclib/ch_common.c:65:9:ch_common_init	32	static
../Soniclib/invn/soniclib/ch_common.c:116:9:ch_common_set_init_firmware	24	static
../Soniclib/invn/soniclib/ch_common.c:133:9:ch_common_group_start	32	static
../Soniclib/invn/soniclib/ch_common.c:169:9:ch_common_set_mode	24	static
../Soniclib/invn/soniclib/ch_common.c:266:9:ch_common_fw_load	40	static
../Soniclib/invn/soniclib/ch_common.c:350:9:ch_common_set_sample_interval	16	static
../Soniclib/invn/soniclib/ch_common.c:355:9:ch_common_set_freerun_interval	24	static
../Soniclib/invn/soniclib/ch_common.c:369:9:ch_common_set_freerun_interval_us	24	static
../Soniclib/invn/soniclib/ch_common.c:383:9:ch_common_set_freerun_interval_ticks	24	static
../Soniclib/invn/soniclib/ch_common.c:395:9:ch_common_set_freerun_time_hop	24	static
../Soniclib/invn/soniclib/ch_common.c:426:20:is_time_hopping_enabled	16	static
../Soniclib/invn/soniclib/ch_common.c:430:17:get_rtc_measure_period	24	static
../Soniclib/invn/soniclib/ch_common.c:442:17:update_rtc_measure_period	24	static
../Soniclib/invn/soniclib/ch_common.c:453:16:set_interval_ticks	24	static
../Soniclib/invn/soniclib/ch_common.c:513:9:ch_common_set_num_samples	24	static
../Soniclib/invn/soniclib/ch_common.c:557:10:ch_common_get_num_samples	24	static
../Soniclib/invn/soniclib/ch_common.c:571:9:ch_common_set_max_range	24	static
../Soniclib/invn/soniclib/ch_common.c:605:10:ch_common_mm_to_samples	48	static
../Soniclib/invn/soniclib/ch_common.c:668:10:ch_common_samples_to_mm	24	static
../Soniclib/invn/soniclib/ch_common.c:687:10:ch_common_range_lsb_to_mm	48	static
../Soniclib/invn/soniclib/ch_common.c:749:10:ch_common_get_num_output_samples	32	static
../Soniclib/invn/soniclib/ch_common.c:780:9:ch_common_get_locked_state	24	static
../Soniclib/invn/soniclib/ch_common.c:805:6:ch_common_prepare_pulse_timer	16	static
../Soniclib/invn/soniclib/ch_common.c:842:6:ch_common_store_pt_result	24	static
../Soniclib/invn/soniclib/ch_common.c:875:10:ch_common_measure_pmut_frequency	40	static
../Soniclib/invn/soniclib/ch_common.c:917:6:ch_common_store_op_freq	24	static
../Soniclib/invn/soniclib/ch_common.c:962:6:ch_common_store_bandwidth	96	static
../Soniclib/invn/soniclib/ch_common.c:998:6:ch_common_store_scale_factor	16	static
../Soniclib/invn/soniclib/ch_common.c:1017:16:get_sample_data	56	static
../Soniclib/invn/soniclib/ch_common.c:1128:9:ch_common_set_sample_window	24	static
../Soniclib/invn/soniclib/ch_common.c:1141:10:ch_common_get_amplitude_avg	168	static
../Soniclib/invn/soniclib/ch_common.c:1175:9:ch_common_get_iq_data	40	static
../Soniclib/invn/soniclib/ch_common.c:1194:9:ch_common_get_amplitude_data	40	static
../Soniclib/invn/soniclib/ch_common.c:1245:9:ch_common_get_amp_thresh_data	40	static
../Soniclib/invn/soniclib/ch_common.c:1269:9:ch_common_set_rx_low_gain	24	static
../Soniclib/invn/soniclib/ch_common.c:1293:10:ch_common_get_rx_low_gain	24	static
../Soniclib/invn/soniclib/ch_common.c:1314:9:ch_common_set_tx_length	32	static
../Soniclib/invn/soniclib/ch_common.c:1350:10:ch_common_get_tx_length	32	static
../Soniclib/invn/soniclib/ch_common.c:1383:9:ch_common_set_cal_result	24	static
../Soniclib/invn/soniclib/ch_common.c:1400:9:ch_common_set_rtc	24	static
../Soniclib/invn/soniclib/ch_common.c:1432:9:ch_common_get_cal_result	24	static
../Soniclib/invn/soniclib/ch_common.c:1450:9:ch_common_check_program	296	static
../Soniclib/invn/soniclib/ch_common.c:1552:17:pmut_bias_trim_to_code	16	static
../Soniclib/invn/soniclib/ch_common.c:1572:17:set_new_pmut_code	24	static
../Soniclib/invn/soniclib/ch_common.c:1604:17:interpolate_dco_code	48	static
../Soniclib/invn/soniclib/ch_common.c:1661:17:find_closest_frequency	40	static
../Soniclib/invn/soniclib/ch_common.c:1704:9:ch_common_set_frequency	64	static
../Soniclib/invn/soniclib/ch_common.c:1831:9:ch_common_group_set_frequency	40	static
../Soniclib/invn/soniclib/ch_common.c:1880:9:ch_common_set_pmut_clock	32	static
../Soniclib/invn/soniclib/ch_common.c:1960:10:ch_common_samples_to_cycles	24	static
../Soniclib/invn/soniclib/ch_common.c:1972:10:ch_common_cycles_to_samples	16	static
../Soniclib/invn/soniclib/ch_common.c:1989:10:ch_common_usec_to_cycles	32	static
../Soniclib/invn/soniclib/ch_common.c:2009:10:ch_common_cycles_to_usec	24	static
../Soniclib/invn/soniclib/ch_common.c:2026:10:ch_common_usec_to_ticks	48	static
../Soniclib/invn/soniclib/ch_common.c:2034:10:ch_common_ticks_to_usec	24	static
../Soniclib/invn/soniclib/ch_common.c:2043:9:ch_common_watchdog_enable	32	static
../Soniclib/invn/soniclib/ch_common.c:2063:9:ch_common_watchdog_disable	32	static
../Soniclib/invn/soniclib/ch_common.c:2085:9:ch_common_meas_init_queue	24	static
../Soniclib/invn/soniclib/ch_common.c:2123:9:ch_common_meas_import	40	static
../Soniclib/invn/soniclib/ch_common.c:2162:9:ch_common_meas_reset	32	static
../Soniclib/invn/soniclib/ch_common.c:2184:9:ch_common_meas_init	40	static
../Soniclib/invn/soniclib/ch_common.c:2210:9:ch_common_meas_add_segment	40	static
../Soniclib/invn/soniclib/ch_common.c:2238:9:ch_common_meas_insert_instruction	40	static
../Soniclib/invn/soniclib/ch_common.c:2269:9:ch_common_meas_remove_instruction	32	static
../Soniclib/invn/soniclib/ch_common.c:2300:9:ch_common_meas_add_segment_count	24	static
../Soniclib/invn/soniclib/ch_common.c:2310:9:ch_common_meas_add_segment_rx	40	static
../Soniclib/invn/soniclib/ch_common.c:2322:9:ch_common_meas_add_segment_tx	40	static
../Soniclib/invn/soniclib/ch_common.c:2333:6:ch_common_meas_init_segment_count	24	static
../Soniclib/invn/soniclib/ch_common.c:2344:6:ch_common_meas_init_segment_rx	24	static
../Soniclib/invn/soniclib/ch_common.c:2365:6:ch_common_meas_init_segment_tx	24	static
../Soniclib/invn/soniclib/ch_common.c:2381:9:ch_common_write_data_validation_cfg	24	static
../Soniclib/invn/soniclib/ch_common.c:2396:9:ch_common_meas_write_config	24	static
../Soniclib/invn/soniclib/ch_common.c:2420:13:cache_leading_count_instructions	40	static
../Soniclib/invn/soniclib/ch_common.c:2446:13:restore_leading_count_instructions	40	static
../Soniclib/invn/soniclib/ch_common.c:2470:9:ch_common_meas_optimize	592	static
../Soniclib/invn/soniclib/ch_common.c:2579:6:ch_common_meas_activate	24	static
../Soniclib/invn/soniclib/ch_common.c:2594:6:ch_common_meas_standby	24	static
../Soniclib/invn/soniclib/ch_common.c:2605:9:ch_common_meas_switch	24	static
../Soniclib/invn/soniclib/ch_common.c:2614:9:ch_common_meas_get_last_num	16	static
../Soniclib/invn/soniclib/ch_common.c:2619:6:ch_common_meas_get_info	32	static
../Soniclib/invn/soniclib/ch_common.c:2640:6:ch_common_inst_get_seg_info	32	static
../Soniclib/invn/soniclib/ch_common.c:2665:6:ch_common_meas_get_seg_info	32	static
../Soniclib/invn/soniclib/ch_common.c:2672:6:ch_common_meas_get_queue_info	24	static
../Soniclib/invn/soniclib/ch_common.c:2685:9:ch_common_meas_update_counts	56	static
../Soniclib/invn/soniclib/ch_common.c:2764:9:ch_common_meas_set_interval	32	static
../Soniclib/invn/soniclib/ch_common.c:2782:9:ch_common_meas_set_interval_us	40	static
../Soniclib/invn/soniclib/ch_common.c:2800:9:ch_common_meas_set_interval_ticks	32	static
../Soniclib/invn/soniclib/ch_common.c:2816:10:ch_common_meas_get_interval	24	static
../Soniclib/invn/soniclib/ch_common.c:2825:10:ch_common_meas_get_interval_us	24	static
../Soniclib/invn/soniclib/ch_common.c:2831:10:ch_common_meas_get_interval_ticks	16	static
../Soniclib/invn/soniclib/ch_common.c:2836:9:ch_common_meas_set_odr	24	static
../Soniclib/invn/soniclib/ch_common.c:2847:10:ch_common_meas_get_odr	16	static
../Soniclib/invn/soniclib/ch_common.c:2852:9:ch_common_meas_set_num_samples	40	static
../Soniclib/invn/soniclib/ch_common.c:2912:10:ch_common_meas_get_num_samples	16	static
../Soniclib/invn/soniclib/ch_common.c:2917:9:ch_common_meas_set_max_range	32	static
../Soniclib/invn/soniclib/ch_common.c:2951:10:ch_common_meas_mm_to_samples	24	static
../Soniclib/invn/soniclib/ch_common.c:2971:10:ch_common_meas_samples_to_mm	32	static
../Soniclib/invn/soniclib/ch_common.c:2983:9:ch_common_read_meas_config	32	static
../Soniclib/invn/soniclib/ch_common.c:3012:9:ch_common_set_target_interrupt	24	static
../Soniclib/invn/soniclib/ch_common.c:3031:21:ch_common_get_target_interrupt	16	static
../Soniclib/invn/soniclib/ch_common.c:3036:9:ch_common_set_interrupt_mode	24	static
../Soniclib/invn/soniclib/ch_common.c:3064:21:ch_common_get_interrupt_mode	16	static
../Soniclib/invn/soniclib/ch_common.c:3069:9:ch_common_set_interrupt_drive	24	static
../Soniclib/invn/soniclib/ch_common.c:3097:22:ch_common_get_interrupt_drive	16	static
../Soniclib/invn/soniclib/ch_common.c:3102:9:ch_common_init_algo	24	static
../Soniclib/invn/soniclib/ch_common.c:3110:9:ch_common_get_algo_info	24	static
../Soniclib/invn/soniclib/ch_common.c:3119:9:ch_common_get_algo_config	24	static
../Soniclib/invn/soniclib/ch_common.c:3128:9:ch_common_set_algo_config	24	static
../Soniclib/invn/soniclib/ch_common.c:3137:9:ch_common_get_algo_output	24	static
../Soniclib/invn/soniclib/ch_common.c:3146:9:ch_common_get_algo_state	24	static
../Soniclib/invn/soniclib/ch_common.c:3155:9:ch_common_get_mfg_info	80	static
