[0.117s] DEBUG:colcon:Command line arguments: ['/usr/bin/colcon', 'build', '--packages-select', 'ultrasonic_nav']
[0.117s] DEBUG:colcon:Parsed command line arguments: Namespace(log_base=None, log_level=None, verb_name='build', build_base='build', install_base='install', merge_install=False, symlink_install=False, test_result_base=None, continue_on_error=False, executor='parallel', parallel_workers=16, event_handlers=None, ignore_user_meta=False, metas=['./colcon.meta'], base_paths=['.'], packages_ignore=None, packages_ignore_regex=None, paths=None, packages_up_to=None, packages_up_to_regex=None, packages_above=None, packages_above_and_dependencies=None, packages_above_depth=None, packages_select_by_dep=None, packages_skip_by_dep=None, packages_skip_up_to=None, packages_select_build_failed=False, packages_skip_build_finished=False, packages_select_test_failures=False, packages_skip_test_passed=False, packages_select=['ultrasonic_nav'], packages_skip=None, packages_select_regex=None, packages_skip_regex=None, packages_start=None, packages_end=None, allow_overriding=[], cmake_args=None, cmake_target=None, cmake_target_skip_unavailable=False, cmake_clean_cache=False, cmake_clean_first=False, cmake_force_configure=False, ament_cmake_args=None, catkin_cmake_args=None, catkin_skip_building_tests=False, mixin_files=None, mixin=None, verb_parser=<colcon_mixin.mixin.mixin_argument.MixinArgumentDecorator object at 0x79de2e08fda0>, verb_extension=<colcon_core.verb.build.BuildVerb object at 0x79de2df0b230>, main=<bound method BuildVerb.main of <colcon_core.verb.build.BuildVerb object at 0x79de2df0b230>>, mixin_verb=('build',))
[0.157s] Level 1:colcon.colcon_core.package_discovery:discover_packages(colcon_meta) check parameters
[0.157s] Level 1:colcon.colcon_core.package_discovery:discover_packages(recursive) check parameters
[0.157s] Level 1:colcon.colcon_core.package_discovery:discover_packages(ignore) check parameters
[0.157s] Level 1:colcon.colcon_core.package_discovery:discover_packages(path) check parameters
[0.157s] Level 1:colcon.colcon_core.package_discovery:discover_packages(colcon_meta) discover
[0.157s] Level 1:colcon.colcon_core.package_discovery:discover_packages(recursive) discover
[0.157s] INFO:colcon.colcon_core.package_discovery:Crawling recursively for packages in '/home/aleks/Joe-thesis-2026-Sensor-integration/semubot_ros2_collision_avoidance_ws'
[0.157s] Level 1:colcon.colcon_core.package_identification:_identify(.) by extensions ['ignore', 'ignore_ament_install']
[0.157s] Level 1:colcon.colcon_core.package_identification:_identify(.) by extension 'ignore'
[0.157s] Level 1:colcon.colcon_core.package_identification:_identify(.) by extension 'ignore_ament_install'
[0.157s] Level 1:colcon.colcon_core.package_identification:_identify(.) by extensions ['colcon_pkg']
[0.157s] Level 1:colcon.colcon_core.package_identification:_identify(.) by extension 'colcon_pkg'
[0.158s] Level 1:colcon.colcon_core.package_identification:_identify(.) by extensions ['colcon_meta']
[0.158s] Level 1:colcon.colcon_core.package_identification:_identify(.) by extension 'colcon_meta'
[0.158s] Level 1:colcon.colcon_core.package_identification:_identify(.) by extensions ['ros']
[0.158s] Level 1:colcon.colcon_core.package_identification:_identify(.) by extension 'ros'
[0.184s] Level 1:colcon.colcon_core.package_identification:_identify(.) by extensions ['cmake', 'python']
[0.184s] Level 1:colcon.colcon_core.package_identification:_identify(.) by extension 'cmake'
[0.184s] Level 1:colcon.colcon_core.package_identification:_identify(.) by extension 'python'
[0.184s] Level 1:colcon.colcon_core.package_identification:_identify(.) by extensions ['python_setup_py']
[0.184s] Level 1:colcon.colcon_core.package_identification:_identify(.) by extension 'python_setup_py'
[0.184s] Level 1:colcon.colcon_core.package_identification:_identify(build) by extensions ['ignore', 'ignore_ament_install']
[0.184s] Level 1:colcon.colcon_core.package_identification:_identify(build) by extension 'ignore'
[0.184s] Level 1:colcon.colcon_core.package_identification:_identify(build) ignored
[0.185s] Level 1:colcon.colcon_core.package_identification:_identify(install) by extensions ['ignore', 'ignore_ament_install']
[0.185s] Level 1:colcon.colcon_core.package_identification:_identify(install) by extension 'ignore'
[0.185s] Level 1:colcon.colcon_core.package_identification:_identify(install) ignored
[0.185s] Level 1:colcon.colcon_core.package_identification:_identify(log) by extensions ['ignore', 'ignore_ament_install']
[0.185s] Level 1:colcon.colcon_core.package_identification:_identify(log) by extension 'ignore'
[0.185s] Level 1:colcon.colcon_core.package_identification:_identify(log) ignored
[0.185s] Level 1:colcon.colcon_core.package_identification:_identify(src) by extensions ['ignore', 'ignore_ament_install']
[0.185s] Level 1:colcon.colcon_core.package_identification:_identify(src) by extension 'ignore'
[0.185s] Level 1:colcon.colcon_core.package_identification:_identify(src) by extension 'ignore_ament_install'
[0.185s] Level 1:colcon.colcon_core.package_identification:_identify(src) by extensions ['colcon_pkg']
[0.185s] Level 1:colcon.colcon_core.package_identification:_identify(src) by extension 'colcon_pkg'
[0.185s] Level 1:colcon.colcon_core.package_identification:_identify(src) by extensions ['colcon_meta']
[0.185s] Level 1:colcon.colcon_core.package_identification:_identify(src) by extension 'colcon_meta'
[0.185s] Level 1:colcon.colcon_core.package_identification:_identify(src) by extensions ['ros']
[0.185s] Level 1:colcon.colcon_core.package_identification:_identify(src) by extension 'ros'
[0.185s] Level 1:colcon.colcon_core.package_identification:_identify(src) by extensions ['cmake', 'python']
[0.185s] Level 1:colcon.colcon_core.package_identification:_identify(src) by extension 'cmake'
[0.186s] Level 1:colcon.colcon_core.package_identification:_identify(src) by extension 'python'
[0.186s] Level 1:colcon.colcon_core.package_identification:_identify(src) by extensions ['python_setup_py']
[0.186s] Level 1:colcon.colcon_core.package_identification:_identify(src) by extension 'python_setup_py'
[0.186s] Level 1:colcon.colcon_core.package_identification:_identify(src/ultrasonic_nav) by extensions ['ignore', 'ignore_ament_install']
[0.186s] Level 1:colcon.colcon_core.package_identification:_identify(src/ultrasonic_nav) by extension 'ignore'
[0.186s] Level 1:colcon.colcon_core.package_identification:_identify(src/ultrasonic_nav) by extension 'ignore_ament_install'
[0.186s] Level 1:colcon.colcon_core.package_identification:_identify(src/ultrasonic_nav) by extensions ['colcon_pkg']
[0.186s] Level 1:colcon.colcon_core.package_identification:_identify(src/ultrasonic_nav) by extension 'colcon_pkg'
[0.186s] Level 1:colcon.colcon_core.package_identification:_identify(src/ultrasonic_nav) by extensions ['colcon_meta']
[0.186s] Level 1:colcon.colcon_core.package_identification:_identify(src/ultrasonic_nav) by extension 'colcon_meta'
[0.186s] Level 1:colcon.colcon_core.package_identification:_identify(src/ultrasonic_nav) by extensions ['ros']
[0.186s] Level 1:colcon.colcon_core.package_identification:_identify(src/ultrasonic_nav) by extension 'ros'
[0.188s] DEBUG:colcon.colcon_core.package_identification:Package 'src/ultrasonic_nav' with type 'ros.ament_python' and name 'ultrasonic_nav'
[0.188s] Level 1:colcon.colcon_core.package_discovery:discover_packages(recursive) using defaults
[0.189s] Level 1:colcon.colcon_core.package_discovery:discover_packages(ignore) discover
[0.189s] Level 1:colcon.colcon_core.package_discovery:discover_packages(ignore) using defaults
[0.189s] Level 1:colcon.colcon_core.package_discovery:discover_packages(path) discover
[0.189s] Level 1:colcon.colcon_core.package_discovery:discover_packages(path) using defaults
[0.206s] Level 1:colcon.colcon_core.package_discovery:discover_packages(prefix_path) check parameters
[0.206s] Level 1:colcon.colcon_core.package_discovery:discover_packages(prefix_path) discover
[0.207s] WARNING:colcon.colcon_core.prefix_path.colcon:The path '/home/aleks/Joe-thesis-2026-Sensor-integration/semubot_ros2_collision_avoidance_ws/src/install' in the environment variable COLCON_PREFIX_PATH doesn't exist
[0.212s] WARNING:colcon.colcon_ros.prefix_path.ament:The path '/home/aleks/Joe-thesis-2026-Sensor-integration/semubot_ros2_collision_avoidance_ws/src/install/ultrasonic_nav' in the environment variable AMENT_PREFIX_PATH doesn't exist
[0.213s] DEBUG:colcon.colcon_installed_package_information.package_discovery:Found 3 installed packages in /home/aleks/Joe-thesis-2026-Sensor-integration/micro-ros/install
[0.214s] DEBUG:colcon.colcon_installed_package_information.package_discovery:Found 1 installed packages in /home/aleks/Joe-thesis-2026-Sensor-integration/semubot_ros2_collision_avoidance_ws/install
[0.216s] DEBUG:colcon.colcon_installed_package_information.package_discovery:Found 287 installed packages in /opt/ros/jazzy
[0.217s] Level 1:colcon.colcon_core.package_discovery:discover_packages(prefix_path) using defaults
[0.271s] Level 5:colcon.colcon_core.verb:set package 'ultrasonic_nav' build argument 'cmake_args' from command line to 'None'
[0.271s] Level 5:colcon.colcon_core.verb:set package 'ultrasonic_nav' build argument 'cmake_target' from command line to 'None'
[0.271s] Level 5:colcon.colcon_core.verb:set package 'ultrasonic_nav' build argument 'cmake_target_skip_unavailable' from command line to 'False'
[0.271s] Level 5:colcon.colcon_core.verb:set package 'ultrasonic_nav' build argument 'cmake_clean_cache' from command line to 'False'
[0.271s] Level 5:colcon.colcon_core.verb:set package 'ultrasonic_nav' build argument 'cmake_clean_first' from command line to 'False'
[0.271s] Level 5:colcon.colcon_core.verb:set package 'ultrasonic_nav' build argument 'cmake_force_configure' from command line to 'False'
[0.271s] Level 5:colcon.colcon_core.verb:set package 'ultrasonic_nav' build argument 'ament_cmake_args' from command line to 'None'
[0.271s] Level 5:colcon.colcon_core.verb:set package 'ultrasonic_nav' build argument 'catkin_cmake_args' from command line to 'None'
[0.271s] Level 5:colcon.colcon_core.verb:set package 'ultrasonic_nav' build argument 'catkin_skip_building_tests' from command line to 'False'
[0.271s] DEBUG:colcon.colcon_core.verb:Building package 'ultrasonic_nav' with the following arguments: {'ament_cmake_args': None, 'build_base': '/home/aleks/Joe-thesis-2026-Sensor-integration/semubot_ros2_collision_avoidance_ws/build/ultrasonic_nav', 'catkin_cmake_args': None, 'catkin_skip_building_tests': False, 'cmake_args': None, 'cmake_clean_cache': False, 'cmake_clean_first': False, 'cmake_force_configure': False, 'cmake_target': None, 'cmake_target_skip_unavailable': False, 'install_base': '/home/aleks/Joe-thesis-2026-Sensor-integration/semubot_ros2_collision_avoidance_ws/install/ultrasonic_nav', 'merge_install': False, 'path': '/home/aleks/Joe-thesis-2026-Sensor-integration/semubot_ros2_collision_avoidance_ws/src/ultrasonic_nav', 'symlink_install': False, 'test_result_base': None}
[0.272s] INFO:colcon.colcon_core.executor:Executing jobs using 'parallel' executor
[0.272s] DEBUG:colcon.colcon_parallel_executor.executor.parallel:run_until_complete
[0.273s] INFO:colcon.colcon_ros.task.ament_python.build:Building ROS package in '/home/aleks/Joe-thesis-2026-Sensor-integration/semubot_ros2_collision_avoidance_ws/src/ultrasonic_nav' with build type 'ament_python'
[0.273s] Level 1:colcon.colcon_core.shell:create_environment_hook('ultrasonic_nav', 'ament_prefix_path')
[0.275s] INFO:colcon.colcon_core.plugin_system:Skipping extension 'colcon_core.shell.bat': Not used on non-Windows systems
[0.275s] INFO:colcon.colcon_core.shell:Creating environment hook '/home/aleks/Joe-thesis-2026-Sensor-integration/semubot_ros2_collision_avoidance_ws/install/ultrasonic_nav/share/ultrasonic_nav/hook/ament_prefix_path.ps1'
[0.276s] INFO:colcon.colcon_core.shell:Creating environment descriptor '/home/aleks/Joe-thesis-2026-Sensor-integration/semubot_ros2_collision_avoidance_ws/install/ultrasonic_nav/share/ultrasonic_nav/hook/ament_prefix_path.dsv'
[0.276s] INFO:colcon.colcon_core.shell:Creating environment hook '/home/aleks/Joe-thesis-2026-Sensor-integration/semubot_ros2_collision_avoidance_ws/install/ultrasonic_nav/share/ultrasonic_nav/hook/ament_prefix_path.sh'
[0.277s] INFO:colcon.colcon_core.shell:Skip shell extension 'powershell' for command environment: Not usable outside of PowerShell
[0.277s] DEBUG:colcon.colcon_core.shell:Skip shell extension 'dsv' for command environment
[0.546s] INFO:colcon.colcon_core.task.python.build:Building Python package in '/home/aleks/Joe-thesis-2026-Sensor-integration/semubot_ros2_collision_avoidance_ws/src/ultrasonic_nav'
[0.546s] INFO:colcon.colcon_core.shell:Skip shell extension 'powershell' for command environment: Not usable outside of PowerShell
[0.546s] DEBUG:colcon.colcon_core.shell:Skip shell extension 'dsv' for command environment
[1.290s] DEBUG:colcon.colcon_core.event_handler.log_command:Invoking command in '/home/aleks/Joe-thesis-2026-Sensor-integration/semubot_ros2_collision_avoidance_ws/src/ultrasonic_nav': DEBUGINFOD_URLS=https://debuginfod.ubuntu.com PYTHONPATH=/home/aleks/Joe-thesis-2026-Sensor-integration/semubot_ros2_collision_avoidance_ws/build/ultrasonic_nav/prefix_override:/usr/lib/python3/dist-packages/colcon_core/task/python/colcon_distutils_commands:/home/aleks/Joe-thesis-2026-Sensor-integration/semubot_ros2_collision_avoidance_ws/install/ultrasonic_nav/lib/python3.12/site-packages:${PYTHONPATH} /usr/bin/python3 -W ignore:setup.py install is deprecated -W ignore:easy_install command is deprecated setup.py egg_info --egg-base ../../build/ultrasonic_nav build --build-base /home/aleks/Joe-thesis-2026-Sensor-integration/semubot_ros2_collision_avoidance_ws/build/ultrasonic_nav/build install --record /home/aleks/Joe-thesis-2026-Sensor-integration/semubot_ros2_collision_avoidance_ws/build/ultrasonic_nav/install.log --single-version-externally-managed install_data
[1.977s] DEBUG:colcon.colcon_core.event_handler.log_command:Invoked command in '/home/aleks/Joe-thesis-2026-Sensor-integration/semubot_ros2_collision_avoidance_ws/src/ultrasonic_nav' returned '0': DEBUGINFOD_URLS=https://debuginfod.ubuntu.com PYTHONPATH=/home/aleks/Joe-thesis-2026-Sensor-integration/semubot_ros2_collision_avoidance_ws/build/ultrasonic_nav/prefix_override:/usr/lib/python3/dist-packages/colcon_core/task/python/colcon_distutils_commands:/home/aleks/Joe-thesis-2026-Sensor-integration/semubot_ros2_collision_avoidance_ws/install/ultrasonic_nav/lib/python3.12/site-packages:${PYTHONPATH} /usr/bin/python3 -W ignore:setup.py install is deprecated -W ignore:easy_install command is deprecated setup.py egg_info --egg-base ../../build/ultrasonic_nav build --build-base /home/aleks/Joe-thesis-2026-Sensor-integration/semubot_ros2_collision_avoidance_ws/build/ultrasonic_nav/build install --record /home/aleks/Joe-thesis-2026-Sensor-integration/semubot_ros2_collision_avoidance_ws/build/ultrasonic_nav/install.log --single-version-externally-managed install_data
[1.980s] Level 1:colcon.colcon_core.environment:checking '/home/aleks/Joe-thesis-2026-Sensor-integration/semubot_ros2_collision_avoidance_ws/install/ultrasonic_nav' for CMake module files
[1.980s] Level 1:colcon.colcon_core.environment:checking '/home/aleks/Joe-thesis-2026-Sensor-integration/semubot_ros2_collision_avoidance_ws/install/ultrasonic_nav' for CMake config files
[1.981s] Level 1:colcon.colcon_core.environment:checking '/home/aleks/Joe-thesis-2026-Sensor-integration/semubot_ros2_collision_avoidance_ws/install/ultrasonic_nav/lib'
[1.981s] Level 1:colcon.colcon_core.environment:checking '/home/aleks/Joe-thesis-2026-Sensor-integration/semubot_ros2_collision_avoidance_ws/install/ultrasonic_nav/bin'
[1.981s] Level 1:colcon.colcon_core.environment:checking '/home/aleks/Joe-thesis-2026-Sensor-integration/semubot_ros2_collision_avoidance_ws/install/ultrasonic_nav/lib/pkgconfig/ultrasonic_nav.pc'
[1.982s] Level 1:colcon.colcon_core.environment:checking '/home/aleks/Joe-thesis-2026-Sensor-integration/semubot_ros2_collision_avoidance_ws/install/ultrasonic_nav/lib/python3.12/site-packages'
[1.982s] Level 1:colcon.colcon_core.shell:create_environment_hook('ultrasonic_nav', 'pythonpath')
[1.982s] INFO:colcon.colcon_core.shell:Creating environment hook '/home/aleks/Joe-thesis-2026-Sensor-integration/semubot_ros2_collision_avoidance_ws/install/ultrasonic_nav/share/ultrasonic_nav/hook/pythonpath.ps1'
[1.982s] INFO:colcon.colcon_core.shell:Creating environment descriptor '/home/aleks/Joe-thesis-2026-Sensor-integration/semubot_ros2_collision_avoidance_ws/install/ultrasonic_nav/share/ultrasonic_nav/hook/pythonpath.dsv'
[1.983s] INFO:colcon.colcon_core.shell:Creating environment hook '/home/aleks/Joe-thesis-2026-Sensor-integration/semubot_ros2_collision_avoidance_ws/install/ultrasonic_nav/share/ultrasonic_nav/hook/pythonpath.sh'
[1.983s] Level 1:colcon.colcon_core.environment:checking '/home/aleks/Joe-thesis-2026-Sensor-integration/semubot_ros2_collision_avoidance_ws/install/ultrasonic_nav/bin'
[1.983s] Level 1:colcon.colcon_core.environment:create_environment_scripts_only(ultrasonic_nav)
[1.984s] INFO:colcon.colcon_core.shell:Creating package script '/home/aleks/Joe-thesis-2026-Sensor-integration/semubot_ros2_collision_avoidance_ws/install/ultrasonic_nav/share/ultrasonic_nav/package.ps1'
[1.984s] INFO:colcon.colcon_core.shell:Creating package descriptor '/home/aleks/Joe-thesis-2026-Sensor-integration/semubot_ros2_collision_avoidance_ws/install/ultrasonic_nav/share/ultrasonic_nav/package.dsv'
[1.985s] INFO:colcon.colcon_core.shell:Creating package script '/home/aleks/Joe-thesis-2026-Sensor-integration/semubot_ros2_collision_avoidance_ws/install/ultrasonic_nav/share/ultrasonic_nav/package.sh'
[1.985s] INFO:colcon.colcon_core.shell:Creating package script '/home/aleks/Joe-thesis-2026-Sensor-integration/semubot_ros2_collision_avoidance_ws/install/ultrasonic_nav/share/ultrasonic_nav/package.bash'
[1.986s] INFO:colcon.colcon_core.shell:Creating package script '/home/aleks/Joe-thesis-2026-Sensor-integration/semubot_ros2_collision_avoidance_ws/install/ultrasonic_nav/share/ultrasonic_nav/package.zsh'
[1.987s] Level 1:colcon.colcon_core.environment:create_file_with_runtime_dependencies(/home/aleks/Joe-thesis-2026-Sensor-integration/semubot_ros2_collision_avoidance_ws/install/ultrasonic_nav/share/colcon-core/packages/ultrasonic_nav)
[1.987s] DEBUG:colcon.colcon_parallel_executor.executor.parallel:closing loop
[1.987s] DEBUG:colcon.colcon_parallel_executor.executor.parallel:loop closed
[1.987s] DEBUG:colcon.colcon_parallel_executor.executor.parallel:run_until_complete finished with '0'
[1.987s] DEBUG:colcon.colcon_core.event_reactor:joining thread
[1.995s] INFO:colcon.colcon_core.plugin_system:Skipping extension 'colcon_notification.desktop_notification.terminal_notifier': Not used on non-Darwin systems
[1.995s] INFO:colcon.colcon_core.plugin_system:Skipping extension 'colcon_notification.desktop_notification.win32': Not used on non-Windows systems
[1.995s] INFO:colcon.colcon_notification.desktop_notification:Sending desktop notification using 'notify2'
[2.017s] DEBUG:colcon.colcon_core.event_reactor:joined thread
[2.017s] INFO:colcon.colcon_core.shell:Creating prefix script '/home/aleks/Joe-thesis-2026-Sensor-integration/semubot_ros2_collision_avoidance_ws/install/local_setup.ps1'
[2.018s] INFO:colcon.colcon_core.shell:Creating prefix util module '/home/aleks/Joe-thesis-2026-Sensor-integration/semubot_ros2_collision_avoidance_ws/install/_local_setup_util_ps1.py'
[2.019s] INFO:colcon.colcon_core.shell:Creating prefix chain script '/home/aleks/Joe-thesis-2026-Sensor-integration/semubot_ros2_collision_avoidance_ws/install/setup.ps1'
[2.021s] INFO:colcon.colcon_core.shell:Creating prefix script '/home/aleks/Joe-thesis-2026-Sensor-integration/semubot_ros2_collision_avoidance_ws/install/local_setup.sh'
[2.022s] INFO:colcon.colcon_core.shell:Creating prefix util module '/home/aleks/Joe-thesis-2026-Sensor-integration/semubot_ros2_collision_avoidance_ws/install/_local_setup_util_sh.py'
[2.023s] INFO:colcon.colcon_core.shell:Creating prefix chain script '/home/aleks/Joe-thesis-2026-Sensor-integration/semubot_ros2_collision_avoidance_ws/install/setup.sh'
[2.024s] INFO:colcon.colcon_core.shell:Creating prefix script '/home/aleks/Joe-thesis-2026-Sensor-integration/semubot_ros2_collision_avoidance_ws/install/local_setup.bash'
[2.025s] INFO:colcon.colcon_core.shell:Creating prefix chain script '/home/aleks/Joe-thesis-2026-Sensor-integration/semubot_ros2_collision_avoidance_ws/install/setup.bash'
[2.026s] INFO:colcon.colcon_core.shell:Creating prefix script '/home/aleks/Joe-thesis-2026-Sensor-integration/semubot_ros2_collision_avoidance_ws/install/local_setup.zsh'
[2.027s] INFO:colcon.colcon_core.shell:Creating prefix chain script '/home/aleks/Joe-thesis-2026-Sensor-integration/semubot_ros2_collision_avoidance_ws/install/setup.zsh'
