../Soniclib/invn/soniclib/sensor_fw/icu_gpt/icu_gpt.c:44:17:get_amplitude	16	static
../Soniclib/invn/soniclib/sensor_fw/icu_gpt/icu_gpt.c:48:17:get_tof_us	16	static
../Soniclib/invn/soniclib/sensor_fw/icu_gpt/icu_gpt.c:52:16:set_thresholds	16	static
../Soniclib/invn/soniclib/sensor_fw/icu_gpt/icu_gpt.c:60:16:get_thresholds	16	static
../Soniclib/invn/soniclib/sensor_fw/icu_gpt/icu_gpt.c:68:16:set_rx_holdoff	16	static
../Soniclib/invn/soniclib/sensor_fw/icu_gpt/icu_gpt.c:72:17:get_rx_holdoff	16	static
../Soniclib/invn/soniclib/sensor_fw/icu_gpt/icu_gpt.c:76:16:set_static_range	16	static
../Soniclib/invn/soniclib/sensor_fw/icu_gpt/icu_gpt.c:84:17:get_range	16	static
../Soniclib/invn/soniclib/sensor_fw/icu_gpt/icu_gpt.c:136:13:thresh_lib_to_sensor	32	static
../Soniclib/invn/soniclib/sensor_fw/icu_gpt/icu_gpt.c:150:16:thresh_sensor_to_lib	32	static
../Soniclib/invn/soniclib/sensor_fw/icu_gpt/icu_gpt.c:172:16:read_target_list	24	static
../Soniclib/invn/soniclib/sensor_fw/icu_gpt/icu_gpt.c:184:16:get_n_delay_cic	24	static
../Soniclib/invn/soniclib/sensor_fw/icu_gpt/icu_gpt.c:226:16:get_tof_offset_lsb	32	static
../Soniclib/invn/soniclib/sensor_fw/icu_gpt/icu_gpt.c:249:9:icu_gpt_init	16	static
../Soniclib/invn/soniclib/sensor_fw/icu_gpt/icu_gpt.c:267:9:icu_gpt_algo_init	24	static
../Soniclib/invn/soniclib/sensor_fw/icu_gpt/icu_gpt.c:275:9:icu_gpt_algo_configure	32	static
../Soniclib/invn/soniclib/sensor_fw/icu_gpt/icu_gpt.c:296:6:icu_gpt_algo_reset	32	static
../Soniclib/invn/soniclib/sensor_fw/icu_gpt/icu_gpt.c:318:18:icu_gpt_algo_get_iq_output	16	static
../Soniclib/invn/soniclib/sensor_fw/icu_gpt/icu_gpt.c:326:9:icu_gpt_algo_set_iq_output	16	static
../Soniclib/invn/soniclib/sensor_fw/icu_gpt/icu_gpt.c:338:9:icu_gpt_algo_get_num_targets	24	static
../Soniclib/invn/soniclib/sensor_fw/icu_gpt/icu_gpt.c:350:10:icu_gpt_algo_get_target_amplitude	32	static
../Soniclib/invn/soniclib/sensor_fw/icu_gpt/icu_gpt.c:366:10:icu_gpt_algo_get_target_range	80	static
../Soniclib/invn/soniclib/sensor_fw/icu_gpt/icu_gpt.c:413:10:icu_gpt_algo_get_target_tof_us	80	static
../Soniclib/invn/soniclib/sensor_fw/icu_gpt/icu_gpt.c:441:6:icu_gpt_algo_update_odr	40	static
../Soniclib/invn/soniclib/sensor_fw/icu_gpt/icu_gpt.c:468:9:icu_gpt_algo_set_data_output	24	static
../Soniclib/invn/soniclib/sensor_fw/icu_gpt/icu_gpt.c:517:9:icu_gpt_algo_is_target_in_ringdown	64	static
../Soniclib/invn/soniclib/sensor_fw/icu_gpt/icu_gpt.c:530:9:icu_gpt_display_algo_thresholds	72	static
../Soniclib/invn/soniclib/sensor_fw/icu_gpt/icu_gpt.c:569:9:icu_gpt_set_num_ranges	16	static
../Soniclib/invn/soniclib/sensor_fw/icu_gpt/icu_gpt.c:575:9:icu_gpt_get_num_ranges	16	static
../Soniclib/invn/soniclib/sensor_fw/icu_gpt/icu_gpt.c:579:9:icu_gpt_set_thresholds	48	static
../Soniclib/invn/soniclib/sensor_fw/icu_gpt/icu_gpt.c:601:9:icu_gpt_get_thresholds	72	static
../Soniclib/invn/soniclib/sensor_fw/icu_gpt/icu_gpt.c:622:9:icu_gpt_set_rx_holdoff	56	static
../Soniclib/invn/soniclib/sensor_fw/icu_gpt/icu_gpt.c:683:10:icu_gpt_get_rx_holdoff	56	static
../Soniclib/invn/soniclib/sensor_fw/icu_gpt/icu_gpt.c:700:9:icu_gpt_set_ringdown_cancel	16	static
../Soniclib/invn/soniclib/sensor_fw/icu_gpt/icu_gpt.c:706:10:icu_gpt_get_ringdown_cancel	16	static
../Soniclib/invn/soniclib/sensor_fw/icu_gpt/icu_gpt.c:710:9:icu_gpt_set_static_filter	16	static
../Soniclib/invn/soniclib/sensor_fw/icu_gpt/icu_gpt.c:716:10:icu_gpt_get_static_filter	16	static
../Soniclib/invn/soniclib/sensor_fw/icu_gpt/icu_gpt.c:720:9:icu_gpt_set_filter_update	16	static
../Soniclib/invn/soniclib/sensor_fw/icu_gpt/icu_gpt.c:726:9:icu_gpt_get_filter_update	16	static
