[1.012s] Invoking command in '/home/aleks/Joe-thesis-2026-Sensor-integration/semubot_ros2_collision_avoidance_ws/src/ultrasonic_nav': DEBUGINFOD_URLS=https://debuginfod.ubuntu.com PYTHONPATH=/home/aleks/Joe-thesis-2026-Sensor-integration/semubot_ros2_collision_avoidance_ws/build/ultrasonic_nav/prefix_override:/usr/lib/python3/dist-packages/colcon_core/task/python/colcon_distutils_commands:/home/aleks/Joe-thesis-2026-Sensor-integration/semubot_ros2_collision_avoidance_ws/install/ultrasonic_nav/lib/python3.12/site-packages:${PYTHONPATH} /usr/bin/python3 -W ignore:setup.py install is deprecated -W ignore:easy_install command is deprecated setup.py egg_info --egg-base ../../build/ultrasonic_nav build --build-base /home/aleks/Joe-thesis-2026-Sensor-integration/semubot_ros2_collision_avoidance_ws/build/ultrasonic_nav/build install --record /home/aleks/Joe-thesis-2026-Sensor-integration/semubot_ros2_collision_avoidance_ws/build/ultrasonic_nav/install.log --single-version-externally-managed install_data
[1.356s] running egg_info
[1.381s] writing ../../build/ultrasonic_nav/ultrasonic_nav.egg-info/PKG-INFO
[1.381s] writing dependency_links to ../../build/ultrasonic_nav/ultrasonic_nav.egg-info/dependency_links.txt
[1.381s] writing entry points to ../../build/ultrasonic_nav/ultrasonic_nav.egg-info/entry_points.txt
[1.382s] writing requirements to ../../build/ultrasonic_nav/ultrasonic_nav.egg-info/requires.txt
[1.382s] writing top-level names to ../../build/ultrasonic_nav/ultrasonic_nav.egg-info/top_level.txt
[1.437s] reading manifest file '../../build/ultrasonic_nav/ultrasonic_nav.egg-info/SOURCES.txt'
[1.438s] writing manifest file '../../build/ultrasonic_nav/ultrasonic_nav.egg-info/SOURCES.txt'
[1.439s] running build
[1.439s] running build_py
[1.439s] running install
[1.447s] running install_lib
[1.473s] running install_data
[1.473s] running install_egg_info
[1.499s] removing '/home/aleks/Joe-thesis-2026-Sensor-integration/semubot_ros2_collision_avoidance_ws/install/ultrasonic_nav/lib/python3.12/site-packages/ultrasonic_nav-0.1.0-py3.12.egg-info' (and everything under it)
[1.500s] Copying ../../build/ultrasonic_nav/ultrasonic_nav.egg-info to /home/aleks/Joe-thesis-2026-Sensor-integration/semubot_ros2_collision_avoidance_ws/install/ultrasonic_nav/lib/python3.12/site-packages/ultrasonic_nav-0.1.0-py3.12.egg-info
[1.501s] running install_scripts
[1.677s] Installing obstacle_avoidance_node script to /home/aleks/Joe-thesis-2026-Sensor-integration/semubot_ros2_collision_avoidance_ws/install/ultrasonic_nav/lib/ultrasonic_nav
[1.678s] writing list of installed files to '/home/aleks/Joe-thesis-2026-Sensor-integration/semubot_ros2_collision_avoidance_ws/build/ultrasonic_nav/install.log'
[1.707s] Invoked command in '/home/aleks/Joe-thesis-2026-Sensor-integration/semubot_ros2_collision_avoidance_ws/src/ultrasonic_nav' returned '0': DEBUGINFOD_URLS=https://debuginfod.ubuntu.com PYTHONPATH=/home/aleks/Joe-thesis-2026-Sensor-integration/semubot_ros2_collision_avoidance_ws/build/ultrasonic_nav/prefix_override:/usr/lib/python3/dist-packages/colcon_core/task/python/colcon_distutils_commands:/home/aleks/Joe-thesis-2026-Sensor-integration/semubot_ros2_collision_avoidance_ws/install/ultrasonic_nav/lib/python3.12/site-packages:${PYTHONPATH} /usr/bin/python3 -W ignore:setup.py install is deprecated -W ignore:easy_install command is deprecated setup.py egg_info --egg-base ../../build/ultrasonic_nav build --build-base /home/aleks/Joe-thesis-2026-Sensor-integration/semubot_ros2_collision_avoidance_ws/build/ultrasonic_nav/build install --record /home/aleks/Joe-thesis-2026-Sensor-integration/semubot_ros2_collision_avoidance_ws/build/ultrasonic_nav/install.log --single-version-externally-managed install_data
