[0.132s] DEBUG:colcon:Command line arguments: ['/usr/bin/colcon', 'build']
[0.133s] DEBUG:colcon:Parsed command line arguments: Namespace(log_base=None, log_level=None, verb_name='build', build_base='build', install_base='install', merge_install=False, symlink_install=False, test_result_base=None, continue_on_error=False, executor='parallel', parallel_workers=16, event_handlers=None, ignore_user_meta=False, metas=['./colcon.meta'], base_paths=['.'], packages_ignore=None, packages_ignore_regex=None, paths=None, packages_up_to=None, packages_up_to_regex=None, packages_above=None, packages_above_and_dependencies=None, packages_above_depth=None, packages_select_by_dep=None, packages_skip_by_dep=None, packages_skip_up_to=None, packages_select_build_failed=False, packages_skip_build_finished=False, packages_select_test_failures=False, packages_skip_test_passed=False, packages_select=None, packages_skip=None, packages_select_regex=None, packages_skip_regex=None, packages_start=None, packages_end=None, allow_overriding=[], cmake_args=None, cmake_target=None, cmake_target_skip_unavailable=False, cmake_clean_cache=False, cmake_clean_first=False, cmake_force_configure=False, ament_cmake_args=None, catkin_cmake_args=None, catkin_skip_building_tests=False, mixin_files=None, mixin=None, verb_parser=<colcon_mixin.mixin.mixin_argument.MixinArgumentDecorator object at 0x72c57e65b500>, verb_extension=<colcon_core.verb.build.BuildVerb object at 0x72c57e7fd2e0>, main=<bound method BuildVerb.main of <colcon_core.verb.build.BuildVerb object at 0x72c57e7fd2e0>>, mixin_verb=('build',))
[0.184s] Level 1:colcon.colcon_core.package_discovery:discover_packages(colcon_meta) check parameters
[0.184s] Level 1:colcon.colcon_core.package_discovery:discover_packages(recursive) check parameters
[0.184s] Level 1:colcon.colcon_core.package_discovery:discover_packages(ignore) check parameters
[0.184s] Level 1:colcon.colcon_core.package_discovery:discover_packages(path) check parameters
[0.184s] Level 1:colcon.colcon_core.package_discovery:discover_packages(colcon_meta) discover
[0.184s] Level 1:colcon.colcon_core.package_discovery:discover_packages(recursive) discover
[0.185s] INFO:colcon.colcon_core.package_discovery:Crawling recursively for packages in '/home/aleks/Joe-thesis-2026-Sensor-integration/rasp_pico/uart/hello_uart'
[0.185s] Level 1:colcon.colcon_core.package_identification:_identify(.) by extensions ['ignore', 'ignore_ament_install']
[0.185s] Level 1:colcon.colcon_core.package_identification:_identify(.) by extension 'ignore'
[0.185s] Level 1:colcon.colcon_core.package_identification:_identify(.) by extension 'ignore_ament_install'
[0.185s] Level 1:colcon.colcon_core.package_identification:_identify(.) by extensions ['colcon_pkg']
[0.185s] Level 1:colcon.colcon_core.package_identification:_identify(.) by extension 'colcon_pkg'
[0.185s] Level 1:colcon.colcon_core.package_identification:_identify(.) by extensions ['colcon_meta']
[0.185s] Level 1:colcon.colcon_core.package_identification:_identify(.) by extension 'colcon_meta'
[0.185s] Level 1:colcon.colcon_core.package_identification:_identify(.) by extensions ['ros']
[0.185s] Level 1:colcon.colcon_core.package_identification:_identify(.) by extension 'ros'
[0.212s] Level 1:colcon.colcon_core.package_identification:_identify(.) by extensions ['cmake', 'python']
[0.212s] Level 1:colcon.colcon_core.package_identification:_identify(.) by extension 'cmake'
[0.237s] Level 1:colcon.colcon_core.package_identification:_identify(.) by extension 'python'
[0.237s] DEBUG:colcon.colcon_core.package_identification:Package '.' with type 'cmake' and name 'hello_uart'
[0.237s] Level 1:colcon.colcon_core.package_discovery:discover_packages(recursive) using defaults
[0.237s] Level 1:colcon.colcon_core.package_discovery:discover_packages(ignore) discover
[0.237s] Level 1:colcon.colcon_core.package_discovery:discover_packages(ignore) using defaults
[0.237s] Level 1:colcon.colcon_core.package_discovery:discover_packages(path) discover
[0.237s] Level 1:colcon.colcon_core.package_discovery:discover_packages(path) using defaults
[0.256s] Level 1:colcon.colcon_core.package_discovery:discover_packages(prefix_path) check parameters
[0.256s] Level 1:colcon.colcon_core.package_discovery:discover_packages(prefix_path) discover
[0.257s] Level 1:colcon.colcon_core.package_discovery:discover_packages(prefix_path) using defaults
[0.258s] Level 5:colcon.colcon_core.verb:set package 'hello_uart' build argument 'cmake_args' from command line to 'None'
[0.258s] Level 5:colcon.colcon_core.verb:set package 'hello_uart' build argument 'cmake_target' from command line to 'None'
[0.259s] Level 5:colcon.colcon_core.verb:set package 'hello_uart' build argument 'cmake_target_skip_unavailable' from command line to 'False'
[0.259s] Level 5:colcon.colcon_core.verb:set package 'hello_uart' build argument 'cmake_clean_cache' from command line to 'False'
[0.259s] Level 5:colcon.colcon_core.verb:set package 'hello_uart' build argument 'cmake_clean_first' from command line to 'False'
[0.259s] Level 5:colcon.colcon_core.verb:set package 'hello_uart' build argument 'cmake_force_configure' from command line to 'False'
[0.259s] Level 5:colcon.colcon_core.verb:set package 'hello_uart' build argument 'ament_cmake_args' from command line to 'None'
[0.259s] Level 5:colcon.colcon_core.verb:set package 'hello_uart' build argument 'catkin_cmake_args' from command line to 'None'
[0.259s] Level 5:colcon.colcon_core.verb:set package 'hello_uart' build argument 'catkin_skip_building_tests' from command line to 'False'
[0.259s] DEBUG:colcon.colcon_core.verb:Building package 'hello_uart' with the following arguments: {'ament_cmake_args': None, 'build_base': '/home/aleks/Joe-thesis-2026-Sensor-integration/rasp_pico/uart/hello_uart/build/hello_uart', 'catkin_cmake_args': None, 'catkin_skip_building_tests': False, 'cmake_args': None, 'cmake_clean_cache': False, 'cmake_clean_first': False, 'cmake_force_configure': False, 'cmake_target': None, 'cmake_target_skip_unavailable': False, 'install_base': '/home/aleks/Joe-thesis-2026-Sensor-integration/rasp_pico/uart/hello_uart/install/hello_uart', 'merge_install': False, 'path': '/home/aleks/Joe-thesis-2026-Sensor-integration/rasp_pico/uart/hello_uart', 'symlink_install': False, 'test_result_base': None}
[0.259s] INFO:colcon.colcon_core.executor:Executing jobs using 'parallel' executor
[0.260s] DEBUG:colcon.colcon_parallel_executor.executor.parallel:run_until_complete
[0.260s] INFO:colcon.colcon_cmake.task.cmake.build:Building CMake package in '/home/aleks/Joe-thesis-2026-Sensor-integration/rasp_pico/uart/hello_uart'
[0.263s] INFO:colcon.colcon_core.plugin_system:Skipping extension 'colcon_core.shell.bat': Not used on non-Windows systems
[0.263s] INFO:colcon.colcon_core.shell:Skip shell extension 'powershell' for command environment: Not usable outside of PowerShell
[0.263s] DEBUG:colcon.colcon_core.shell:Skip shell extension 'dsv' for command environment
[0.271s] DEBUG:colcon.colcon_core.event_handler.log_command:Invoking command in '/home/aleks/Joe-thesis-2026-Sensor-integration/rasp_pico/uart/hello_uart/build/hello_uart': DEBUGINFOD_URLS=https://debuginfod.ubuntu.com /home/aleks/.pico-sdk/cmake/v3.31.5/bin/cmake /home/aleks/Joe-thesis-2026-Sensor-integration/rasp_pico/uart/hello_uart -DCMAKE_INSTALL_PREFIX=/home/aleks/Joe-thesis-2026-Sensor-integration/rasp_pico/uart/hello_uart/install/hello_uart
[1.037s] DEBUG:colcon.colcon_core.event_handler.log_command:Invoked command in '/home/aleks/Joe-thesis-2026-Sensor-integration/rasp_pico/uart/hello_uart/build/hello_uart' returned '0': DEBUGINFOD_URLS=https://debuginfod.ubuntu.com /home/aleks/.pico-sdk/cmake/v3.31.5/bin/cmake /home/aleks/Joe-thesis-2026-Sensor-integration/rasp_pico/uart/hello_uart -DCMAKE_INSTALL_PREFIX=/home/aleks/Joe-thesis-2026-Sensor-integration/rasp_pico/uart/hello_uart/install/hello_uart
[1.039s] DEBUG:colcon.colcon_core.event_handler.log_command:Invoking command in '/home/aleks/Joe-thesis-2026-Sensor-integration/rasp_pico/uart/hello_uart/build/hello_uart': DEBUGINFOD_URLS=https://debuginfod.ubuntu.com /home/aleks/.pico-sdk/cmake/v3.31.5/bin/cmake --build /home/aleks/Joe-thesis-2026-Sensor-integration/rasp_pico/uart/hello_uart/build/hello_uart -- -j16 -l16
[2.200s] DEBUG:colcon.colcon_core.event_handler.log_command:Invoked command in '/home/aleks/Joe-thesis-2026-Sensor-integration/rasp_pico/uart/hello_uart/build/hello_uart' returned '0': DEBUGINFOD_URLS=https://debuginfod.ubuntu.com /home/aleks/.pico-sdk/cmake/v3.31.5/bin/cmake --build /home/aleks/Joe-thesis-2026-Sensor-integration/rasp_pico/uart/hello_uart/build/hello_uart -- -j16 -l16
[2.202s] WARNING:colcon.colcon_cmake.task.cmake.build:Could not run installation step for package 'hello_uart' because it has no 'install' target
[2.202s] Level 1:colcon.colcon_core.environment:create_environment_scripts_only(hello_uart)
[2.207s] Level 1:colcon.colcon_core.environment:checking '/home/aleks/Joe-thesis-2026-Sensor-integration/rasp_pico/uart/hello_uart/install/hello_uart' for CMake module files
[2.207s] Level 1:colcon.colcon_core.environment:checking '/home/aleks/Joe-thesis-2026-Sensor-integration/rasp_pico/uart/hello_uart/install/hello_uart' for CMake config files
[2.207s] Level 1:colcon.colcon_core.environment:checking '/home/aleks/Joe-thesis-2026-Sensor-integration/rasp_pico/uart/hello_uart/install/hello_uart/bin'
[2.208s] Level 1:colcon.colcon_core.environment:checking '/home/aleks/Joe-thesis-2026-Sensor-integration/rasp_pico/uart/hello_uart/install/hello_uart/lib/pkgconfig/hello_uart.pc'
[2.209s] Level 1:colcon.colcon_core.environment:checking '/home/aleks/Joe-thesis-2026-Sensor-integration/rasp_pico/uart/hello_uart/install/hello_uart/lib/python3.12/site-packages'
[2.210s] Level 1:colcon.colcon_core.environment:checking '/home/aleks/Joe-thesis-2026-Sensor-integration/rasp_pico/uart/hello_uart/install/hello_uart/bin'
[2.210s] INFO:colcon.colcon_core.shell:Creating package script '/home/aleks/Joe-thesis-2026-Sensor-integration/rasp_pico/uart/hello_uart/install/hello_uart/share/hello_uart/package.ps1'
[2.211s] INFO:colcon.colcon_core.shell:Creating package descriptor '/home/aleks/Joe-thesis-2026-Sensor-integration/rasp_pico/uart/hello_uart/install/hello_uart/share/hello_uart/package.dsv'
[2.211s] INFO:colcon.colcon_core.shell:Creating package script '/home/aleks/Joe-thesis-2026-Sensor-integration/rasp_pico/uart/hello_uart/install/hello_uart/share/hello_uart/package.sh'
[2.212s] INFO:colcon.colcon_core.shell:Creating package script '/home/aleks/Joe-thesis-2026-Sensor-integration/rasp_pico/uart/hello_uart/install/hello_uart/share/hello_uart/package.bash'
[2.213s] INFO:colcon.colcon_core.shell:Creating package script '/home/aleks/Joe-thesis-2026-Sensor-integration/rasp_pico/uart/hello_uart/install/hello_uart/share/hello_uart/package.zsh'
[2.213s] Level 1:colcon.colcon_core.environment:create_file_with_runtime_dependencies(/home/aleks/Joe-thesis-2026-Sensor-integration/rasp_pico/uart/hello_uart/install/hello_uart/share/colcon-core/packages/hello_uart)
[2.214s] DEBUG:colcon.colcon_parallel_executor.executor.parallel:closing loop
[2.214s] DEBUG:colcon.colcon_parallel_executor.executor.parallel:loop closed
[2.214s] DEBUG:colcon.colcon_parallel_executor.executor.parallel:run_until_complete finished with '0'
[2.215s] DEBUG:colcon.colcon_core.event_reactor:joining thread
[2.230s] INFO:colcon.colcon_core.plugin_system:Skipping extension 'colcon_notification.desktop_notification.terminal_notifier': Not used on non-Darwin systems
[2.230s] INFO:colcon.colcon_core.plugin_system:Skipping extension 'colcon_notification.desktop_notification.win32': Not used on non-Windows systems
[2.230s] INFO:colcon.colcon_notification.desktop_notification:Sending desktop notification using 'notify2'
[2.264s] DEBUG:colcon.colcon_core.event_reactor:joined thread
[2.265s] INFO:colcon.colcon_core.shell:Creating prefix script '/home/aleks/Joe-thesis-2026-Sensor-integration/rasp_pico/uart/hello_uart/install/local_setup.ps1'
[2.266s] INFO:colcon.colcon_core.shell:Creating prefix util module '/home/aleks/Joe-thesis-2026-Sensor-integration/rasp_pico/uart/hello_uart/install/_local_setup_util_ps1.py'
[2.269s] INFO:colcon.colcon_core.shell:Creating prefix chain script '/home/aleks/Joe-thesis-2026-Sensor-integration/rasp_pico/uart/hello_uart/install/setup.ps1'
[2.270s] INFO:colcon.colcon_core.shell:Creating prefix script '/home/aleks/Joe-thesis-2026-Sensor-integration/rasp_pico/uart/hello_uart/install/local_setup.sh'
[2.271s] INFO:colcon.colcon_core.shell:Creating prefix util module '/home/aleks/Joe-thesis-2026-Sensor-integration/rasp_pico/uart/hello_uart/install/_local_setup_util_sh.py'
[2.272s] INFO:colcon.colcon_core.shell:Creating prefix chain script '/home/aleks/Joe-thesis-2026-Sensor-integration/rasp_pico/uart/hello_uart/install/setup.sh'
[2.273s] INFO:colcon.colcon_core.shell:Creating prefix script '/home/aleks/Joe-thesis-2026-Sensor-integration/rasp_pico/uart/hello_uart/install/local_setup.bash'
[2.274s] INFO:colcon.colcon_core.shell:Creating prefix chain script '/home/aleks/Joe-thesis-2026-Sensor-integration/rasp_pico/uart/hello_uart/install/setup.bash'
[2.276s] INFO:colcon.colcon_core.shell:Creating prefix script '/home/aleks/Joe-thesis-2026-Sensor-integration/rasp_pico/uart/hello_uart/install/local_setup.zsh'
[2.276s] INFO:colcon.colcon_core.shell:Creating prefix chain script '/home/aleks/Joe-thesis-2026-Sensor-integration/rasp_pico/uart/hello_uart/install/setup.zsh'
