ARM GAS  /tmp/ccOk131c.s 			page 1


   1              		.cpu cortex-m4
   2              		.arch armv7e-m
   3              		.fpu fpv4-sp-d16
   4              		.eabi_attribute 27, 1
   5              		.eabi_attribute 28, 1
   6              		.eabi_attribute 20, 1
   7              		.eabi_attribute 21, 1
   8              		.eabi_attribute 23, 3
   9              		.eabi_attribute 24, 1
  10              		.eabi_attribute 25, 1
  11              		.eabi_attribute 26, 1
  12              		.eabi_attribute 30, 1
  13              		.eabi_attribute 34, 1
  14              		.eabi_attribute 18, 4
  15              		.file	"gpio.c"
  16              		.text
  17              	.Ltext0:
  18              		.cfi_sections	.debug_frame
  19              		.file 1 "Core/Src/gpio.c"
  20              		.section	.text.MX_GPIO_Init,"ax",%progbits
  21              		.align	1
  22              		.global	MX_GPIO_Init
  23              		.syntax unified
  24              		.thumb
  25              		.thumb_func
  27              	MX_GPIO_Init:
  28              	.LFB134:
   1:Core/Src/gpio.c **** /* USER CODE BEGIN Header */
   2:Core/Src/gpio.c **** /**
   3:Core/Src/gpio.c ****   ******************************************************************************
   4:Core/Src/gpio.c ****   * @file    gpio.c
   5:Core/Src/gpio.c ****   * @brief   This file provides code for the configuration
   6:Core/Src/gpio.c ****   *          of all used GPIO pins.
   7:Core/Src/gpio.c ****   ******************************************************************************
   8:Core/Src/gpio.c ****   * @attention
   9:Core/Src/gpio.c ****   *
  10:Core/Src/gpio.c ****   * Copyright (c) 2026 STMicroelectronics.
  11:Core/Src/gpio.c ****   * All rights reserved.
  12:Core/Src/gpio.c ****   *
  13:Core/Src/gpio.c ****   * This software is licensed under terms that can be found in the LICENSE file
  14:Core/Src/gpio.c ****   * in the root directory of this software component.
  15:Core/Src/gpio.c ****   * If no LICENSE file comes with this software, it is provided AS-IS.
  16:Core/Src/gpio.c ****   *
  17:Core/Src/gpio.c ****   ******************************************************************************
  18:Core/Src/gpio.c ****   */
  19:Core/Src/gpio.c **** /* USER CODE END Header */
  20:Core/Src/gpio.c **** 
  21:Core/Src/gpio.c **** /* Includes ------------------------------------------------------------------*/
  22:Core/Src/gpio.c **** #include "gpio.h"
  23:Core/Src/gpio.c **** 
  24:Core/Src/gpio.c **** /* USER CODE BEGIN 0 */
  25:Core/Src/gpio.c **** 
  26:Core/Src/gpio.c **** /* USER CODE END 0 */
  27:Core/Src/gpio.c **** 
  28:Core/Src/gpio.c **** /*----------------------------------------------------------------------------*/
  29:Core/Src/gpio.c **** /* Configure GPIO                                                             */
  30:Core/Src/gpio.c **** /*----------------------------------------------------------------------------*/
ARM GAS  /tmp/ccOk131c.s 			page 2


  31:Core/Src/gpio.c **** /* USER CODE BEGIN 1 */
  32:Core/Src/gpio.c **** 
  33:Core/Src/gpio.c **** /* USER CODE END 1 */
  34:Core/Src/gpio.c **** 
  35:Core/Src/gpio.c **** /** Configure pins as
  36:Core/Src/gpio.c ****         * Analog
  37:Core/Src/gpio.c ****         * Input
  38:Core/Src/gpio.c ****         * Output
  39:Core/Src/gpio.c ****         * EVENT_OUT
  40:Core/Src/gpio.c ****         * EXTI
  41:Core/Src/gpio.c **** */
  42:Core/Src/gpio.c **** void MX_GPIO_Init(void)
  43:Core/Src/gpio.c **** {
  29              		.loc 1 43 1 view -0
  30              		.cfi_startproc
  31              		@ args = 0, pretend = 0, frame = 40
  32              		@ frame_needed = 0, uses_anonymous_args = 0
  33 0000 2DE9F041 		push	{r4, r5, r6, r7, r8, lr}
  34              	.LCFI0:
  35              		.cfi_def_cfa_offset 24
  36              		.cfi_offset 4, -24
  37              		.cfi_offset 5, -20
  38              		.cfi_offset 6, -16
  39              		.cfi_offset 7, -12
  40              		.cfi_offset 8, -8
  41              		.cfi_offset 14, -4
  42 0004 8AB0     		sub	sp, sp, #40
  43              	.LCFI1:
  44              		.cfi_def_cfa_offset 64
  44:Core/Src/gpio.c ****     GPIO_InitTypeDef GPIO_InitStruct = {0};
  45              		.loc 1 44 5 view .LVU1
  46              		.loc 1 44 22 is_stmt 0 view .LVU2
  47 0006 0024     		movs	r4, #0
  48 0008 0594     		str	r4, [sp, #20]
  49 000a 0694     		str	r4, [sp, #24]
  50 000c 0794     		str	r4, [sp, #28]
  51 000e 0894     		str	r4, [sp, #32]
  52 0010 0994     		str	r4, [sp, #36]
  45:Core/Src/gpio.c ****     __HAL_RCC_SYSCFG_CLK_ENABLE();
  53              		.loc 1 45 5 is_stmt 1 view .LVU3
  54              	.LBB2:
  55              		.loc 1 45 5 view .LVU4
  56              		.loc 1 45 5 view .LVU5
  57 0012 604B     		ldr	r3, .L3
  58 0014 9A69     		ldr	r2, [r3, #24]
  59 0016 42F00102 		orr	r2, r2, #1
  60 001a 9A61     		str	r2, [r3, #24]
  61              		.loc 1 45 5 view .LVU6
  62 001c 9A69     		ldr	r2, [r3, #24]
  63 001e 02F00102 		and	r2, r2, #1
  64 0022 0092     		str	r2, [sp]
  65              		.loc 1 45 5 view .LVU7
  66 0024 009A     		ldr	r2, [sp]
  67              	.LBE2:
  68              		.loc 1 45 5 view .LVU8
  46:Core/Src/gpio.c ****     __HAL_RCC_GPIOA_CLK_ENABLE();
  69              		.loc 1 46 5 view .LVU9
ARM GAS  /tmp/ccOk131c.s 			page 3


  70              	.LBB3:
  71              		.loc 1 46 5 view .LVU10
  72              		.loc 1 46 5 view .LVU11
  73 0026 5A69     		ldr	r2, [r3, #20]
  74 0028 42F40032 		orr	r2, r2, #131072
  75 002c 5A61     		str	r2, [r3, #20]
  76              		.loc 1 46 5 view .LVU12
  77 002e 5A69     		ldr	r2, [r3, #20]
  78 0030 02F40032 		and	r2, r2, #131072
  79 0034 0192     		str	r2, [sp, #4]
  80              		.loc 1 46 5 view .LVU13
  81 0036 019A     		ldr	r2, [sp, #4]
  82              	.LBE3:
  83              		.loc 1 46 5 view .LVU14
  47:Core/Src/gpio.c ****     __HAL_RCC_GPIOB_CLK_ENABLE();
  84              		.loc 1 47 5 view .LVU15
  85              	.LBB4:
  86              		.loc 1 47 5 view .LVU16
  87              		.loc 1 47 5 view .LVU17
  88 0038 5A69     		ldr	r2, [r3, #20]
  89 003a 42F48022 		orr	r2, r2, #262144
  90 003e 5A61     		str	r2, [r3, #20]
  91              		.loc 1 47 5 view .LVU18
  92 0040 5A69     		ldr	r2, [r3, #20]
  93 0042 02F48022 		and	r2, r2, #262144
  94 0046 0292     		str	r2, [sp, #8]
  95              		.loc 1 47 5 view .LVU19
  96 0048 029A     		ldr	r2, [sp, #8]
  97              	.LBE4:
  98              		.loc 1 47 5 view .LVU20
  48:Core/Src/gpio.c ****     __HAL_RCC_GPIOC_CLK_ENABLE();
  99              		.loc 1 48 5 view .LVU21
 100              	.LBB5:
 101              		.loc 1 48 5 view .LVU22
 102              		.loc 1 48 5 view .LVU23
 103 004a 5A69     		ldr	r2, [r3, #20]
 104 004c 42F40022 		orr	r2, r2, #524288
 105 0050 5A61     		str	r2, [r3, #20]
 106              		.loc 1 48 5 view .LVU24
 107 0052 5A69     		ldr	r2, [r3, #20]
 108 0054 02F40022 		and	r2, r2, #524288
 109 0058 0392     		str	r2, [sp, #12]
 110              		.loc 1 48 5 view .LVU25
 111 005a 039A     		ldr	r2, [sp, #12]
 112              	.LBE5:
 113              		.loc 1 48 5 view .LVU26
  49:Core/Src/gpio.c ****     __HAL_RCC_GPIOF_CLK_ENABLE();
 114              		.loc 1 49 5 view .LVU27
 115              	.LBB6:
 116              		.loc 1 49 5 view .LVU28
 117              		.loc 1 49 5 view .LVU29
 118 005c 5A69     		ldr	r2, [r3, #20]
 119 005e 42F48002 		orr	r2, r2, #4194304
 120 0062 5A61     		str	r2, [r3, #20]
 121              		.loc 1 49 5 view .LVU30
 122 0064 5B69     		ldr	r3, [r3, #20]
 123 0066 03F48003 		and	r3, r3, #4194304
ARM GAS  /tmp/ccOk131c.s 			page 4


 124 006a 0493     		str	r3, [sp, #16]
 125              		.loc 1 49 5 view .LVU31
 126 006c 049B     		ldr	r3, [sp, #16]
 127              	.LBE6:
 128              		.loc 1 49 5 view .LVU32
  50:Core/Src/gpio.c **** 
  51:Core/Src/gpio.c ****     // CS pins idle HIGH
  52:Core/Src/gpio.c ****     HAL_GPIO_WritePin(GPIOA, GPIO_PIN_12, GPIO_PIN_SET);  // CS sensor 0
 129              		.loc 1 52 5 view .LVU33
 130 006e 0122     		movs	r2, #1
 131 0070 4FF48051 		mov	r1, #4096
 132 0074 4FF09040 		mov	r0, #1207959552
 133 0078 FFF7FEFF 		bl	HAL_GPIO_WritePin
 134              	.LVL0:
  53:Core/Src/gpio.c ****     HAL_GPIO_WritePin(GPIOA, GPIO_PIN_7, GPIO_PIN_SET);   // CS sensor 1
 135              		.loc 1 53 5 view .LVU34
 136 007c 0122     		movs	r2, #1
 137 007e 8021     		movs	r1, #128
 138 0080 4FF09040 		mov	r0, #1207959552
 139 0084 FFF7FEFF 		bl	HAL_GPIO_WritePin
 140              	.LVL1:
  54:Core/Src/gpio.c ****     HAL_GPIO_WritePin(LD2_GPIO_Port, LD2_Pin, GPIO_PIN_RESET);
 141              		.loc 1 54 5 view .LVU35
 142 0088 2246     		mov	r2, r4
 143 008a 2021     		movs	r1, #32
 144 008c 4FF09040 		mov	r0, #1207959552
 145 0090 FFF7FEFF 		bl	HAL_GPIO_WritePin
 146              	.LVL2:
  55:Core/Src/gpio.c **** 
  56:Core/Src/gpio.c ****     // LD2
  57:Core/Src/gpio.c ****     GPIO_InitStruct.Pin   = LD2_Pin;
 147              		.loc 1 57 5 view .LVU36
 148              		.loc 1 57 27 is_stmt 0 view .LVU37
 149 0094 2023     		movs	r3, #32
 150 0096 0593     		str	r3, [sp, #20]
  58:Core/Src/gpio.c ****     GPIO_InitStruct.Mode  = GPIO_MODE_OUTPUT_PP;
 151              		.loc 1 58 5 is_stmt 1 view .LVU38
 152              		.loc 1 58 27 is_stmt 0 view .LVU39
 153 0098 0125     		movs	r5, #1
 154 009a 0695     		str	r5, [sp, #24]
  59:Core/Src/gpio.c ****     GPIO_InitStruct.Pull  = GPIO_NOPULL;
 155              		.loc 1 59 5 is_stmt 1 view .LVU40
 156              		.loc 1 59 27 is_stmt 0 view .LVU41
 157 009c 0794     		str	r4, [sp, #28]
  60:Core/Src/gpio.c ****     GPIO_InitStruct.Speed = GPIO_SPEED_FREQ_LOW;
 158              		.loc 1 60 5 is_stmt 1 view .LVU42
 159              		.loc 1 60 27 is_stmt 0 view .LVU43
 160 009e 0894     		str	r4, [sp, #32]
  61:Core/Src/gpio.c ****     HAL_GPIO_Init(LD2_GPIO_Port, &GPIO_InitStruct);
 161              		.loc 1 61 5 is_stmt 1 view .LVU44
 162 00a0 05A9     		add	r1, sp, #20
 163 00a2 4FF09040 		mov	r0, #1207959552
 164 00a6 FFF7FEFF 		bl	HAL_GPIO_Init
 165              	.LVL3:
  62:Core/Src/gpio.c **** 
  63:Core/Src/gpio.c ****     // CS sensor 0 — PA12
  64:Core/Src/gpio.c ****     GPIO_InitStruct.Pin   = GPIO_PIN_12;
ARM GAS  /tmp/ccOk131c.s 			page 5


 166              		.loc 1 64 5 view .LVU45
 167              		.loc 1 64 27 is_stmt 0 view .LVU46
 168 00aa 4FF48053 		mov	r3, #4096
 169 00ae 0593     		str	r3, [sp, #20]
  65:Core/Src/gpio.c ****     GPIO_InitStruct.Mode  = GPIO_MODE_OUTPUT_PP;
 170              		.loc 1 65 5 is_stmt 1 view .LVU47
 171              		.loc 1 65 27 is_stmt 0 view .LVU48
 172 00b0 0695     		str	r5, [sp, #24]
  66:Core/Src/gpio.c ****     GPIO_InitStruct.Pull  = GPIO_NOPULL;
 173              		.loc 1 66 5 is_stmt 1 view .LVU49
 174              		.loc 1 66 27 is_stmt 0 view .LVU50
 175 00b2 0794     		str	r4, [sp, #28]
  67:Core/Src/gpio.c ****     GPIO_InitStruct.Speed = GPIO_SPEED_FREQ_LOW;
 176              		.loc 1 67 5 is_stmt 1 view .LVU51
 177              		.loc 1 67 27 is_stmt 0 view .LVU52
 178 00b4 0894     		str	r4, [sp, #32]
  68:Core/Src/gpio.c ****     HAL_GPIO_Init(GPIOA, &GPIO_InitStruct);
 179              		.loc 1 68 5 is_stmt 1 view .LVU53
 180 00b6 05A9     		add	r1, sp, #20
 181 00b8 4FF09040 		mov	r0, #1207959552
 182 00bc FFF7FEFF 		bl	HAL_GPIO_Init
 183              	.LVL4:
  69:Core/Src/gpio.c **** 
  70:Core/Src/gpio.c ****     // CS sensor 1 - PA7
  71:Core/Src/gpio.c ****     GPIO_InitStruct.Pin   = GPIO_PIN_7;
 184              		.loc 1 71 5 view .LVU54
 185              		.loc 1 71 27 is_stmt 0 view .LVU55
 186 00c0 8023     		movs	r3, #128
 187 00c2 0593     		str	r3, [sp, #20]
  72:Core/Src/gpio.c ****     GPIO_InitStruct.Mode  = GPIO_MODE_OUTPUT_PP;
 188              		.loc 1 72 5 is_stmt 1 view .LVU56
 189              		.loc 1 72 27 is_stmt 0 view .LVU57
 190 00c4 0695     		str	r5, [sp, #24]
  73:Core/Src/gpio.c ****     GPIO_InitStruct.Pull  = GPIO_NOPULL;
 191              		.loc 1 73 5 is_stmt 1 view .LVU58
 192              		.loc 1 73 27 is_stmt 0 view .LVU59
 193 00c6 0794     		str	r4, [sp, #28]
  74:Core/Src/gpio.c ****     GPIO_InitStruct.Speed = GPIO_SPEED_FREQ_LOW;
 194              		.loc 1 74 5 is_stmt 1 view .LVU60
 195              		.loc 1 74 27 is_stmt 0 view .LVU61
 196 00c8 0894     		str	r4, [sp, #32]
  75:Core/Src/gpio.c ****     HAL_GPIO_Init(GPIOA, &GPIO_InitStruct);
 197              		.loc 1 75 5 is_stmt 1 view .LVU62
 198 00ca 05A9     		add	r1, sp, #20
 199 00cc 4FF09040 		mov	r0, #1207959552
 200 00d0 FFF7FEFF 		bl	HAL_GPIO_Init
 201              	.LVL5:
  76:Core/Src/gpio.c **** 
  77:Core/Src/gpio.c ****     // CS sensor 2 - PB1
  78:Core/Src/gpio.c ****     HAL_GPIO_WritePin(GPIOB, GPIO_PIN_1, GPIO_PIN_SET);
 202              		.loc 1 78 5 view .LVU63
 203 00d4 DFF8C480 		ldr	r8, .L3+8
 204 00d8 2A46     		mov	r2, r5
 205 00da 0221     		movs	r1, #2
 206 00dc 4046     		mov	r0, r8
 207 00de FFF7FEFF 		bl	HAL_GPIO_WritePin
 208              	.LVL6:
ARM GAS  /tmp/ccOk131c.s 			page 6


  79:Core/Src/gpio.c ****     GPIO_InitStruct.Pin   = GPIO_PIN_1;
 209              		.loc 1 79 5 view .LVU64
 210              		.loc 1 79 27 is_stmt 0 view .LVU65
 211 00e2 0226     		movs	r6, #2
 212 00e4 0596     		str	r6, [sp, #20]
  80:Core/Src/gpio.c ****     GPIO_InitStruct.Mode  = GPIO_MODE_OUTPUT_PP;
 213              		.loc 1 80 5 is_stmt 1 view .LVU66
 214              		.loc 1 80 27 is_stmt 0 view .LVU67
 215 00e6 0695     		str	r5, [sp, #24]
  81:Core/Src/gpio.c ****     GPIO_InitStruct.Pull  = GPIO_NOPULL;
 216              		.loc 1 81 5 is_stmt 1 view .LVU68
 217              		.loc 1 81 27 is_stmt 0 view .LVU69
 218 00e8 0794     		str	r4, [sp, #28]
  82:Core/Src/gpio.c ****     GPIO_InitStruct.Speed = GPIO_SPEED_FREQ_LOW;
 219              		.loc 1 82 5 is_stmt 1 view .LVU70
 220              		.loc 1 82 27 is_stmt 0 view .LVU71
 221 00ea 0894     		str	r4, [sp, #32]
  83:Core/Src/gpio.c ****     HAL_GPIO_Init(GPIOB, &GPIO_InitStruct);
 222              		.loc 1 83 5 is_stmt 1 view .LVU72
 223 00ec 05A9     		add	r1, sp, #20
 224 00ee 4046     		mov	r0, r8
 225 00f0 FFF7FEFF 		bl	HAL_GPIO_Init
 226              	.LVL7:
  84:Core/Src/gpio.c **** 
  85:Core/Src/gpio.c ****     // INT sensor 0 — PA11
  86:Core/Src/gpio.c ****     GPIO_InitStruct.Pin  = GPIO_PIN_11;
 227              		.loc 1 86 5 view .LVU73
 228              		.loc 1 86 26 is_stmt 0 view .LVU74
 229 00f4 4FF40063 		mov	r3, #2048
 230 00f8 0593     		str	r3, [sp, #20]
  87:Core/Src/gpio.c ****     GPIO_InitStruct.Mode = GPIO_MODE_IT_FALLING;
 231              		.loc 1 87 5 is_stmt 1 view .LVU75
 232              		.loc 1 87 26 is_stmt 0 view .LVU76
 233 00fa 4FF40417 		mov	r7, #2162688
 234 00fe 0697     		str	r7, [sp, #24]
  88:Core/Src/gpio.c ****     GPIO_InitStruct.Pull = GPIO_PULLUP;
 235              		.loc 1 88 5 is_stmt 1 view .LVU77
 236              		.loc 1 88 26 is_stmt 0 view .LVU78
 237 0100 0795     		str	r5, [sp, #28]
  89:Core/Src/gpio.c ****     HAL_GPIO_Init(GPIOA, &GPIO_InitStruct);
 238              		.loc 1 89 5 is_stmt 1 view .LVU79
 239 0102 05A9     		add	r1, sp, #20
 240 0104 4FF09040 		mov	r0, #1207959552
 241 0108 FFF7FEFF 		bl	HAL_GPIO_Init
 242              	.LVL8:
  90:Core/Src/gpio.c **** 
  91:Core/Src/gpio.c ****     // INT sensor 1 — PA6
  92:Core/Src/gpio.c ****     GPIO_InitStruct.Pin  = GPIO_PIN_6;
 243              		.loc 1 92 5 view .LVU80
 244              		.loc 1 92 26 is_stmt 0 view .LVU81
 245 010c 4023     		movs	r3, #64
 246 010e 0593     		str	r3, [sp, #20]
  93:Core/Src/gpio.c ****     GPIO_InitStruct.Mode = GPIO_MODE_IT_FALLING;
 247              		.loc 1 93 5 is_stmt 1 view .LVU82
 248              		.loc 1 93 26 is_stmt 0 view .LVU83
 249 0110 0697     		str	r7, [sp, #24]
  94:Core/Src/gpio.c ****     GPIO_InitStruct.Pull = GPIO_PULLUP;
ARM GAS  /tmp/ccOk131c.s 			page 7


 250              		.loc 1 94 5 is_stmt 1 view .LVU84
 251              		.loc 1 94 26 is_stmt 0 view .LVU85
 252 0112 0795     		str	r5, [sp, #28]
  95:Core/Src/gpio.c ****     HAL_GPIO_Init(GPIOA, &GPIO_InitStruct);
 253              		.loc 1 95 5 is_stmt 1 view .LVU86
 254 0114 05A9     		add	r1, sp, #20
 255 0116 4FF09040 		mov	r0, #1207959552
 256 011a FFF7FEFF 		bl	HAL_GPIO_Init
 257              	.LVL9:
  96:Core/Src/gpio.c **** 
  97:Core/Src/gpio.c ****     // INT sensor 2 - PB2
  98:Core/Src/gpio.c ****     GPIO_InitStruct.Pin  = GPIO_PIN_2;
 258              		.loc 1 98 5 view .LVU87
 259              		.loc 1 98 26 is_stmt 0 view .LVU88
 260 011e 0423     		movs	r3, #4
 261 0120 0593     		str	r3, [sp, #20]
  99:Core/Src/gpio.c ****     GPIO_InitStruct.Mode = GPIO_MODE_IT_FALLING;
 262              		.loc 1 99 5 is_stmt 1 view .LVU89
 263              		.loc 1 99 26 is_stmt 0 view .LVU90
 264 0122 0697     		str	r7, [sp, #24]
 100:Core/Src/gpio.c ****     GPIO_InitStruct.Pull = GPIO_PULLUP;
 265              		.loc 1 100 5 is_stmt 1 view .LVU91
 266              		.loc 1 100 26 is_stmt 0 view .LVU92
 267 0124 0795     		str	r5, [sp, #28]
 101:Core/Src/gpio.c ****     HAL_GPIO_Init(GPIOB, &GPIO_InitStruct);
 268              		.loc 1 101 5 is_stmt 1 view .LVU93
 269 0126 05A9     		add	r1, sp, #20
 270 0128 4046     		mov	r0, r8
 271 012a FFF7FEFF 		bl	HAL_GPIO_Init
 272              	.LVL10:
 102:Core/Src/gpio.c **** 
 103:Core/Src/gpio.c ****     // User button
 104:Core/Src/gpio.c ****     GPIO_InitStruct.Pin  = B1_Pin;
 273              		.loc 1 104 5 view .LVU94
 274              		.loc 1 104 26 is_stmt 0 view .LVU95
 275 012e 4FF40053 		mov	r3, #8192
 276 0132 0593     		str	r3, [sp, #20]
 105:Core/Src/gpio.c ****     GPIO_InitStruct.Mode = GPIO_MODE_IT_FALLING;
 277              		.loc 1 105 5 is_stmt 1 view .LVU96
 278              		.loc 1 105 26 is_stmt 0 view .LVU97
 279 0134 0697     		str	r7, [sp, #24]
 106:Core/Src/gpio.c ****     GPIO_InitStruct.Pull = GPIO_NOPULL;
 280              		.loc 1 106 5 is_stmt 1 view .LVU98
 281              		.loc 1 106 26 is_stmt 0 view .LVU99
 282 0136 0794     		str	r4, [sp, #28]
 107:Core/Src/gpio.c ****     HAL_GPIO_Init(B1_GPIO_Port, &GPIO_InitStruct);
 283              		.loc 1 107 5 is_stmt 1 view .LVU100
 284 0138 174F     		ldr	r7, .L3+4
 285 013a 05A9     		add	r1, sp, #20
 286 013c 3846     		mov	r0, r7
 287 013e FFF7FEFF 		bl	HAL_GPIO_Init
 288              	.LVL11:
 108:Core/Src/gpio.c **** 
 109:Core/Src/gpio.c ****     // HCSR04 TRIG pins
 110:Core/Src/gpio.c ****     HAL_GPIO_WritePin(GPIOC, GPIO_PIN_0 | GPIO_PIN_2 | GPIO_PIN_3, GPIO_PIN_RESET);
 289              		.loc 1 110 5 view .LVU101
 290 0142 2246     		mov	r2, r4
ARM GAS  /tmp/ccOk131c.s 			page 8


 291 0144 0D21     		movs	r1, #13
 292 0146 3846     		mov	r0, r7
 293 0148 FFF7FEFF 		bl	HAL_GPIO_WritePin
 294              	.LVL12:
 111:Core/Src/gpio.c ****     GPIO_InitStruct.Pin   = GPIO_PIN_0 | GPIO_PIN_2 | GPIO_PIN_3;
 295              		.loc 1 111 5 view .LVU102
 296              		.loc 1 111 27 is_stmt 0 view .LVU103
 297 014c 0D23     		movs	r3, #13
 298 014e 0593     		str	r3, [sp, #20]
 112:Core/Src/gpio.c ****     GPIO_InitStruct.Mode  = GPIO_MODE_OUTPUT_PP;
 299              		.loc 1 112 5 is_stmt 1 view .LVU104
 300              		.loc 1 112 27 is_stmt 0 view .LVU105
 301 0150 0695     		str	r5, [sp, #24]
 113:Core/Src/gpio.c ****     GPIO_InitStruct.Pull  = GPIO_NOPULL;
 302              		.loc 1 113 5 is_stmt 1 view .LVU106
 303              		.loc 1 113 27 is_stmt 0 view .LVU107
 304 0152 0794     		str	r4, [sp, #28]
 114:Core/Src/gpio.c ****     GPIO_InitStruct.Speed = GPIO_SPEED_FREQ_LOW;
 305              		.loc 1 114 5 is_stmt 1 view .LVU108
 306              		.loc 1 114 27 is_stmt 0 view .LVU109
 307 0154 0894     		str	r4, [sp, #32]
 115:Core/Src/gpio.c ****     HAL_GPIO_Init(GPIOC, &GPIO_InitStruct);
 308              		.loc 1 115 5 is_stmt 1 view .LVU110
 309 0156 05A9     		add	r1, sp, #20
 310 0158 3846     		mov	r0, r7
 311 015a FFF7FEFF 		bl	HAL_GPIO_Init
 312              	.LVL13:
 116:Core/Src/gpio.c **** 
 117:Core/Src/gpio.c ****     // EXTI priorities and enable
 118:Core/Src/gpio.c ****     HAL_NVIC_SetPriority(EXTI15_10_IRQn, 2, 0);
 313              		.loc 1 118 5 view .LVU111
 314 015e 2246     		mov	r2, r4
 315 0160 3146     		mov	r1, r6
 316 0162 2820     		movs	r0, #40
 317 0164 FFF7FEFF 		bl	HAL_NVIC_SetPriority
 318              	.LVL14:
 119:Core/Src/gpio.c ****     HAL_NVIC_EnableIRQ(EXTI15_10_IRQn);
 319              		.loc 1 119 5 view .LVU112
 320 0168 2820     		movs	r0, #40
 321 016a FFF7FEFF 		bl	HAL_NVIC_EnableIRQ
 322              	.LVL15:
 120:Core/Src/gpio.c **** 
 121:Core/Src/gpio.c ****     HAL_NVIC_SetPriority(EXTI9_5_IRQn, 2, 0);
 323              		.loc 1 121 5 view .LVU113
 324 016e 2246     		mov	r2, r4
 325 0170 3146     		mov	r1, r6
 326 0172 1720     		movs	r0, #23
 327 0174 FFF7FEFF 		bl	HAL_NVIC_SetPriority
 328              	.LVL16:
 122:Core/Src/gpio.c ****     HAL_NVIC_EnableIRQ(EXTI9_5_IRQn);
 329              		.loc 1 122 5 view .LVU114
 330 0178 1720     		movs	r0, #23
 331 017a FFF7FEFF 		bl	HAL_NVIC_EnableIRQ
 332              	.LVL17:
 123:Core/Src/gpio.c **** 
 124:Core/Src/gpio.c ****     HAL_NVIC_SetPriority(EXTI2_TSC_IRQn, 2, 0);
 333              		.loc 1 124 5 view .LVU115
ARM GAS  /tmp/ccOk131c.s 			page 9


 334 017e 2246     		mov	r2, r4
 335 0180 3146     		mov	r1, r6
 336 0182 0820     		movs	r0, #8
 337 0184 FFF7FEFF 		bl	HAL_NVIC_SetPriority
 338              	.LVL18:
 125:Core/Src/gpio.c ****     HAL_NVIC_EnableIRQ(EXTI2_TSC_IRQn);
 339              		.loc 1 125 5 view .LVU116
 340 0188 0820     		movs	r0, #8
 341 018a FFF7FEFF 		bl	HAL_NVIC_EnableIRQ
 342              	.LVL19:
 126:Core/Src/gpio.c **** }
 343              		.loc 1 126 1 is_stmt 0 view .LVU117
 344 018e 0AB0     		add	sp, sp, #40
 345              	.LCFI2:
 346              		.cfi_def_cfa_offset 24
 347              		@ sp needed
 348 0190 BDE8F081 		pop	{r4, r5, r6, r7, r8, pc}
 349              	.L4:
 350              		.align	2
 351              	.L3:
 352 0194 00100240 		.word	1073876992
 353 0198 00080048 		.word	1207961600
 354 019c 00040048 		.word	1207960576
 355              		.cfi_endproc
 356              	.LFE134:
 358              		.text
 359              	.Letext0:
 360              		.file 2 "Drivers/CMSIS/Device/ST/STM32F3xx/Include/stm32f303xe.h"
 361              		.file 3 "/usr/lib/gcc/arm-none-eabi/13.2.1/include/stdint.h"
 362              		.file 4 "/usr/lib/gcc/arm-none-eabi/13.2.1/include/stddef.h"
 363              		.file 5 "Drivers/STM32F3xx_HAL_Driver/Inc/stm32f3xx_hal_gpio.h"
 364              		.file 6 "micro_ros_stm32cubemx_utils/microros_static_library/libmicroros/microros_include/rmw/time
 365              		.file 7 "micro_ros_stm32cubemx_utils/microros_static_library/libmicroros/microros_include/rmw/type
 366              		.file 8 "micro_ros_stm32cubemx_utils/microros_static_library/libmicroros/microros_include/rmw/qos_
 367              		.file 9 "micro_ros_stm32cubemx_utils/microros_static_library/libmicroros/microros_include/rcl_acti
 368              		.file 10 "Drivers/STM32F3xx_HAL_Driver/Inc/stm32f3xx_hal_cortex.h"
ARM GAS  /tmp/ccOk131c.s 			page 10


DEFINED SYMBOLS
                            *ABS*:00000000 gpio.c
     /tmp/ccOk131c.s:21     .text.MX_GPIO_Init:00000000 $t
     /tmp/ccOk131c.s:27     .text.MX_GPIO_Init:00000000 MX_GPIO_Init
     /tmp/ccOk131c.s:352    .text.MX_GPIO_Init:00000194 $d

UNDEFINED SYMBOLS
HAL_GPIO_WritePin
HAL_GPIO_Init
HAL_NVIC_SetPriority
HAL_NVIC_EnableIRQ
