ARM GAS  /tmp/ccgUOiXb.s 			page 1


   1              		.cpu cortex-m4
   2              		.arch armv7e-m
   3              		.fpu fpv4-sp-d16
   4              		.eabi_attribute 27, 1
   5              		.eabi_attribute 28, 1
   6              		.eabi_attribute 20, 1
   7              		.eabi_attribute 21, 1
   8              		.eabi_attribute 23, 3
   9              		.eabi_attribute 24, 1
  10              		.eabi_attribute 25, 1
  11              		.eabi_attribute 26, 1
  12              		.eabi_attribute 30, 1
  13              		.eabi_attribute 34, 1
  14              		.eabi_attribute 18, 4
  15              		.file	"spi.c"
  16              		.text
  17              	.Ltext0:
  18              		.cfi_sections	.debug_frame
  19              		.file 1 "Core/Src/spi.c"
  20              		.section	.text.MX_SPI2_Init,"ax",%progbits
  21              		.align	1
  22              		.global	MX_SPI2_Init
  23              		.syntax unified
  24              		.thumb
  25              		.thumb_func
  27              	MX_SPI2_Init:
  28              	.LFB134:
   1:Core/Src/spi.c **** /* USER CODE BEGIN Header */
   2:Core/Src/spi.c **** /**
   3:Core/Src/spi.c ****   ******************************************************************************
   4:Core/Src/spi.c ****   * @file    spi.c
   5:Core/Src/spi.c ****   * @brief   This file provides code for the configuration
   6:Core/Src/spi.c ****   *          of the SPI instances.
   7:Core/Src/spi.c ****   ******************************************************************************
   8:Core/Src/spi.c ****   * @attention
   9:Core/Src/spi.c ****   *
  10:Core/Src/spi.c ****   * Copyright (c) 2026 STMicroelectronics.
  11:Core/Src/spi.c ****   * All rights reserved.
  12:Core/Src/spi.c ****   *
  13:Core/Src/spi.c ****   * This software is licensed under terms that can be found in the LICENSE file
  14:Core/Src/spi.c ****   * in the root directory of this software component.
  15:Core/Src/spi.c ****   * If no LICENSE file comes with this software, it is provided AS-IS.
  16:Core/Src/spi.c ****   *
  17:Core/Src/spi.c ****   ******************************************************************************
  18:Core/Src/spi.c ****   */
  19:Core/Src/spi.c **** /* USER CODE END Header */
  20:Core/Src/spi.c **** /* Includes ------------------------------------------------------------------*/
  21:Core/Src/spi.c **** #include "spi.h"
  22:Core/Src/spi.c **** 
  23:Core/Src/spi.c **** /* USER CODE BEGIN 0 */
  24:Core/Src/spi.c **** 
  25:Core/Src/spi.c **** /* USER CODE END 0 */
  26:Core/Src/spi.c **** 
  27:Core/Src/spi.c **** SPI_HandleTypeDef hspi2;
  28:Core/Src/spi.c **** 
  29:Core/Src/spi.c **** /* SPI2 init function */
  30:Core/Src/spi.c **** void MX_SPI2_Init(void)
ARM GAS  /tmp/ccgUOiXb.s 			page 2


  31:Core/Src/spi.c **** {
  29              		.loc 1 31 1 view -0
  30              		.cfi_startproc
  31              		@ args = 0, pretend = 0, frame = 0
  32              		@ frame_needed = 0, uses_anonymous_args = 0
  33 0000 08B5     		push	{r3, lr}
  34              	.LCFI0:
  35              		.cfi_def_cfa_offset 8
  36              		.cfi_offset 3, -8
  37              		.cfi_offset 14, -4
  32:Core/Src/spi.c **** 
  33:Core/Src/spi.c ****   /* USER CODE BEGIN SPI2_Init 0 */
  34:Core/Src/spi.c **** 
  35:Core/Src/spi.c ****   /* USER CODE END SPI2_Init 0 */
  36:Core/Src/spi.c **** 
  37:Core/Src/spi.c ****   /* USER CODE BEGIN SPI2_Init 1 */
  38:Core/Src/spi.c **** 
  39:Core/Src/spi.c ****   /* USER CODE END SPI2_Init 1 */
  40:Core/Src/spi.c ****   hspi2.Instance = SPI2;
  38              		.loc 1 40 3 view .LVU1
  39              		.loc 1 40 18 is_stmt 0 view .LVU2
  40 0002 1148     		ldr	r0, .L5
  41 0004 114B     		ldr	r3, .L5+4
  42 0006 0360     		str	r3, [r0]
  41:Core/Src/spi.c ****   hspi2.Init.Mode = SPI_MODE_MASTER;
  43              		.loc 1 41 3 is_stmt 1 view .LVU3
  44              		.loc 1 41 19 is_stmt 0 view .LVU4
  45 0008 4FF48273 		mov	r3, #260
  46 000c 4360     		str	r3, [r0, #4]
  42:Core/Src/spi.c ****   hspi2.Init.Direction = SPI_DIRECTION_2LINES;
  47              		.loc 1 42 3 is_stmt 1 view .LVU5
  48              		.loc 1 42 24 is_stmt 0 view .LVU6
  49 000e 0023     		movs	r3, #0
  50 0010 8360     		str	r3, [r0, #8]
  43:Core/Src/spi.c ****   hspi2.Init.DataSize = SPI_DATASIZE_8BIT;
  51              		.loc 1 43 3 is_stmt 1 view .LVU7
  52              		.loc 1 43 23 is_stmt 0 view .LVU8
  53 0012 4FF4E062 		mov	r2, #1792
  54 0016 C260     		str	r2, [r0, #12]
  44:Core/Src/spi.c ****   hspi2.Init.CLKPolarity = SPI_POLARITY_HIGH;
  55              		.loc 1 44 3 is_stmt 1 view .LVU9
  56              		.loc 1 44 26 is_stmt 0 view .LVU10
  57 0018 0222     		movs	r2, #2
  58 001a 0261     		str	r2, [r0, #16]
  45:Core/Src/spi.c ****   hspi2.Init.CLKPhase = SPI_PHASE_2EDGE;
  59              		.loc 1 45 3 is_stmt 1 view .LVU11
  60              		.loc 1 45 23 is_stmt 0 view .LVU12
  61 001c 0122     		movs	r2, #1
  62 001e 4261     		str	r2, [r0, #20]
  46:Core/Src/spi.c ****   hspi2.Init.NSS = SPI_NSS_SOFT;
  63              		.loc 1 46 3 is_stmt 1 view .LVU13
  64              		.loc 1 46 18 is_stmt 0 view .LVU14
  65 0020 4FF40072 		mov	r2, #512
  66 0024 8261     		str	r2, [r0, #24]
  47:Core/Src/spi.c ****   hspi2.Init.BaudRatePrescaler = SPI_BAUDRATEPRESCALER_32;
  67              		.loc 1 47 3 is_stmt 1 view .LVU15
  68              		.loc 1 47 32 is_stmt 0 view .LVU16
ARM GAS  /tmp/ccgUOiXb.s 			page 3


  69 0026 2022     		movs	r2, #32
  70 0028 C261     		str	r2, [r0, #28]
  48:Core/Src/spi.c ****   hspi2.Init.FirstBit = SPI_FIRSTBIT_MSB;
  71              		.loc 1 48 3 is_stmt 1 view .LVU17
  72              		.loc 1 48 23 is_stmt 0 view .LVU18
  73 002a 0362     		str	r3, [r0, #32]
  49:Core/Src/spi.c ****   hspi2.Init.TIMode = SPI_TIMODE_DISABLE;
  74              		.loc 1 49 3 is_stmt 1 view .LVU19
  75              		.loc 1 49 21 is_stmt 0 view .LVU20
  76 002c 4362     		str	r3, [r0, #36]
  50:Core/Src/spi.c ****   hspi2.Init.CRCCalculation = SPI_CRCCALCULATION_DISABLE;
  77              		.loc 1 50 3 is_stmt 1 view .LVU21
  78              		.loc 1 50 29 is_stmt 0 view .LVU22
  79 002e 8362     		str	r3, [r0, #40]
  51:Core/Src/spi.c ****   hspi2.Init.CRCPolynomial = 7;
  80              		.loc 1 51 3 is_stmt 1 view .LVU23
  81              		.loc 1 51 28 is_stmt 0 view .LVU24
  82 0030 0722     		movs	r2, #7
  83 0032 C262     		str	r2, [r0, #44]
  52:Core/Src/spi.c ****   hspi2.Init.CRCLength = SPI_CRC_LENGTH_DATASIZE;
  84              		.loc 1 52 3 is_stmt 1 view .LVU25
  85              		.loc 1 52 24 is_stmt 0 view .LVU26
  86 0034 0363     		str	r3, [r0, #48]
  53:Core/Src/spi.c ****   hspi2.Init.NSSPMode = SPI_NSS_PULSE_DISABLE;
  87              		.loc 1 53 3 is_stmt 1 view .LVU27
  88              		.loc 1 53 23 is_stmt 0 view .LVU28
  89 0036 4363     		str	r3, [r0, #52]
  54:Core/Src/spi.c ****   if (HAL_SPI_Init(&hspi2) != HAL_OK)
  90              		.loc 1 54 3 is_stmt 1 view .LVU29
  91              		.loc 1 54 7 is_stmt 0 view .LVU30
  92 0038 FFF7FEFF 		bl	HAL_SPI_Init
  93              	.LVL0:
  94              		.loc 1 54 6 discriminator 1 view .LVU31
  95 003c 00B9     		cbnz	r0, .L4
  96              	.L1:
  55:Core/Src/spi.c ****   {
  56:Core/Src/spi.c ****     Error_Handler();
  57:Core/Src/spi.c ****   }
  58:Core/Src/spi.c ****   /* USER CODE BEGIN SPI2_Init 2 */
  59:Core/Src/spi.c **** 
  60:Core/Src/spi.c ****   /* USER CODE END SPI2_Init 2 */
  61:Core/Src/spi.c **** 
  62:Core/Src/spi.c **** }
  97              		.loc 1 62 1 view .LVU32
  98 003e 08BD     		pop	{r3, pc}
  99              	.L4:
  56:Core/Src/spi.c ****   }
 100              		.loc 1 56 5 is_stmt 1 view .LVU33
 101 0040 FFF7FEFF 		bl	Error_Handler
 102              	.LVL1:
 103              		.loc 1 62 1 is_stmt 0 view .LVU34
 104 0044 FBE7     		b	.L1
 105              	.L6:
 106 0046 00BF     		.align	2
 107              	.L5:
 108 0048 00000000 		.word	hspi2
 109 004c 00380040 		.word	1073756160
ARM GAS  /tmp/ccgUOiXb.s 			page 4


 110              		.cfi_endproc
 111              	.LFE134:
 113              		.section	.text.HAL_SPI_MspInit,"ax",%progbits
 114              		.align	1
 115              		.global	HAL_SPI_MspInit
 116              		.syntax unified
 117              		.thumb
 118              		.thumb_func
 120              	HAL_SPI_MspInit:
 121              	.LVL2:
 122              	.LFB135:
  63:Core/Src/spi.c **** 
  64:Core/Src/spi.c **** void HAL_SPI_MspInit(SPI_HandleTypeDef* spiHandle)
  65:Core/Src/spi.c **** {
 123              		.loc 1 65 1 is_stmt 1 view -0
 124              		.cfi_startproc
 125              		@ args = 0, pretend = 0, frame = 32
 126              		@ frame_needed = 0, uses_anonymous_args = 0
 127              		.loc 1 65 1 is_stmt 0 view .LVU36
 128 0000 00B5     		push	{lr}
 129              	.LCFI1:
 130              		.cfi_def_cfa_offset 4
 131              		.cfi_offset 14, -4
 132 0002 89B0     		sub	sp, sp, #36
 133              	.LCFI2:
 134              		.cfi_def_cfa_offset 40
  66:Core/Src/spi.c **** 
  67:Core/Src/spi.c ****   GPIO_InitTypeDef GPIO_InitStruct = {0};
 135              		.loc 1 67 3 is_stmt 1 view .LVU37
 136              		.loc 1 67 20 is_stmt 0 view .LVU38
 137 0004 0023     		movs	r3, #0
 138 0006 0393     		str	r3, [sp, #12]
 139 0008 0493     		str	r3, [sp, #16]
 140 000a 0593     		str	r3, [sp, #20]
 141 000c 0693     		str	r3, [sp, #24]
 142 000e 0793     		str	r3, [sp, #28]
  68:Core/Src/spi.c ****   if(spiHandle->Instance==SPI2)
 143              		.loc 1 68 3 is_stmt 1 view .LVU39
 144              		.loc 1 68 15 is_stmt 0 view .LVU40
 145 0010 0268     		ldr	r2, [r0]
 146              		.loc 1 68 5 view .LVU41
 147 0012 144B     		ldr	r3, .L11
 148 0014 9A42     		cmp	r2, r3
 149 0016 02D0     		beq	.L10
 150              	.LVL3:
 151              	.L7:
  69:Core/Src/spi.c ****   {
  70:Core/Src/spi.c ****   /* USER CODE BEGIN SPI2_MspInit 0 */
  71:Core/Src/spi.c **** 
  72:Core/Src/spi.c ****   /* USER CODE END SPI2_MspInit 0 */
  73:Core/Src/spi.c ****     /* SPI2 clock enable */
  74:Core/Src/spi.c ****     __HAL_RCC_SPI2_CLK_ENABLE();
  75:Core/Src/spi.c **** 
  76:Core/Src/spi.c ****     __HAL_RCC_GPIOB_CLK_ENABLE();
  77:Core/Src/spi.c ****     /**SPI2 GPIO Configuration
  78:Core/Src/spi.c ****     PB13     ------> SPI2_SCK
  79:Core/Src/spi.c ****     PB14     ------> SPI2_MISO
ARM GAS  /tmp/ccgUOiXb.s 			page 5


  80:Core/Src/spi.c ****     PB15     ------> SPI2_MOSI
  81:Core/Src/spi.c ****     */
  82:Core/Src/spi.c ****     GPIO_InitStruct.Pin = GPIO_PIN_13|GPIO_PIN_14|GPIO_PIN_15;
  83:Core/Src/spi.c ****     GPIO_InitStruct.Mode = GPIO_MODE_AF_PP;
  84:Core/Src/spi.c ****     GPIO_InitStruct.Pull = GPIO_NOPULL;
  85:Core/Src/spi.c ****     GPIO_InitStruct.Speed = GPIO_SPEED_FREQ_HIGH;
  86:Core/Src/spi.c ****     GPIO_InitStruct.Alternate = GPIO_AF5_SPI2;
  87:Core/Src/spi.c ****     HAL_GPIO_Init(GPIOB, &GPIO_InitStruct);
  88:Core/Src/spi.c **** 
  89:Core/Src/spi.c ****   /* USER CODE BEGIN SPI2_MspInit 1 */
  90:Core/Src/spi.c **** 
  91:Core/Src/spi.c ****   /* USER CODE END SPI2_MspInit 1 */
  92:Core/Src/spi.c ****   }
  93:Core/Src/spi.c **** }
 152              		.loc 1 93 1 view .LVU42
 153 0018 09B0     		add	sp, sp, #36
 154              	.LCFI3:
 155              		.cfi_remember_state
 156              		.cfi_def_cfa_offset 4
 157              		@ sp needed
 158 001a 5DF804FB 		ldr	pc, [sp], #4
 159              	.LVL4:
 160              	.L10:
 161              	.LCFI4:
 162              		.cfi_restore_state
  74:Core/Src/spi.c **** 
 163              		.loc 1 74 5 is_stmt 1 view .LVU43
 164              	.LBB2:
  74:Core/Src/spi.c **** 
 165              		.loc 1 74 5 view .LVU44
  74:Core/Src/spi.c **** 
 166              		.loc 1 74 5 view .LVU45
 167 001e 03F5EC33 		add	r3, r3, #120832
 168 0022 DA69     		ldr	r2, [r3, #28]
 169 0024 42F48042 		orr	r2, r2, #16384
 170 0028 DA61     		str	r2, [r3, #28]
  74:Core/Src/spi.c **** 
 171              		.loc 1 74 5 view .LVU46
 172 002a DA69     		ldr	r2, [r3, #28]
 173 002c 02F48042 		and	r2, r2, #16384
 174 0030 0192     		str	r2, [sp, #4]
  74:Core/Src/spi.c **** 
 175              		.loc 1 74 5 view .LVU47
 176 0032 019A     		ldr	r2, [sp, #4]
 177              	.LBE2:
  74:Core/Src/spi.c **** 
 178              		.loc 1 74 5 view .LVU48
  76:Core/Src/spi.c ****     /**SPI2 GPIO Configuration
 179              		.loc 1 76 5 view .LVU49
 180              	.LBB3:
  76:Core/Src/spi.c ****     /**SPI2 GPIO Configuration
 181              		.loc 1 76 5 view .LVU50
  76:Core/Src/spi.c ****     /**SPI2 GPIO Configuration
 182              		.loc 1 76 5 view .LVU51
 183 0034 5A69     		ldr	r2, [r3, #20]
 184 0036 42F48022 		orr	r2, r2, #262144
 185 003a 5A61     		str	r2, [r3, #20]
ARM GAS  /tmp/ccgUOiXb.s 			page 6


  76:Core/Src/spi.c ****     /**SPI2 GPIO Configuration
 186              		.loc 1 76 5 view .LVU52
 187 003c 5B69     		ldr	r3, [r3, #20]
 188 003e 03F48023 		and	r3, r3, #262144
 189 0042 0293     		str	r3, [sp, #8]
  76:Core/Src/spi.c ****     /**SPI2 GPIO Configuration
 190              		.loc 1 76 5 view .LVU53
 191 0044 029B     		ldr	r3, [sp, #8]
 192              	.LBE3:
  76:Core/Src/spi.c ****     /**SPI2 GPIO Configuration
 193              		.loc 1 76 5 view .LVU54
  82:Core/Src/spi.c ****     GPIO_InitStruct.Mode = GPIO_MODE_AF_PP;
 194              		.loc 1 82 5 view .LVU55
  82:Core/Src/spi.c ****     GPIO_InitStruct.Mode = GPIO_MODE_AF_PP;
 195              		.loc 1 82 25 is_stmt 0 view .LVU56
 196 0046 4FF46043 		mov	r3, #57344
 197 004a 0393     		str	r3, [sp, #12]
  83:Core/Src/spi.c ****     GPIO_InitStruct.Pull = GPIO_NOPULL;
 198              		.loc 1 83 5 is_stmt 1 view .LVU57
  83:Core/Src/spi.c ****     GPIO_InitStruct.Pull = GPIO_NOPULL;
 199              		.loc 1 83 26 is_stmt 0 view .LVU58
 200 004c 0223     		movs	r3, #2
 201 004e 0493     		str	r3, [sp, #16]
  84:Core/Src/spi.c ****     GPIO_InitStruct.Speed = GPIO_SPEED_FREQ_HIGH;
 202              		.loc 1 84 5 is_stmt 1 view .LVU59
  85:Core/Src/spi.c ****     GPIO_InitStruct.Alternate = GPIO_AF5_SPI2;
 203              		.loc 1 85 5 view .LVU60
  85:Core/Src/spi.c ****     GPIO_InitStruct.Alternate = GPIO_AF5_SPI2;
 204              		.loc 1 85 27 is_stmt 0 view .LVU61
 205 0050 0323     		movs	r3, #3
 206 0052 0693     		str	r3, [sp, #24]
  86:Core/Src/spi.c ****     HAL_GPIO_Init(GPIOB, &GPIO_InitStruct);
 207              		.loc 1 86 5 is_stmt 1 view .LVU62
  86:Core/Src/spi.c ****     HAL_GPIO_Init(GPIOB, &GPIO_InitStruct);
 208              		.loc 1 86 31 is_stmt 0 view .LVU63
 209 0054 0523     		movs	r3, #5
 210 0056 0793     		str	r3, [sp, #28]
  87:Core/Src/spi.c **** 
 211              		.loc 1 87 5 is_stmt 1 view .LVU64
 212 0058 03A9     		add	r1, sp, #12
 213 005a 0348     		ldr	r0, .L11+4
 214              	.LVL5:
  87:Core/Src/spi.c **** 
 215              		.loc 1 87 5 is_stmt 0 view .LVU65
 216 005c FFF7FEFF 		bl	HAL_GPIO_Init
 217              	.LVL6:
 218              		.loc 1 93 1 view .LVU66
 219 0060 DAE7     		b	.L7
 220              	.L12:
 221 0062 00BF     		.align	2
 222              	.L11:
 223 0064 00380040 		.word	1073756160
 224 0068 00040048 		.word	1207960576
 225              		.cfi_endproc
 226              	.LFE135:
 228              		.section	.text.HAL_SPI_MspDeInit,"ax",%progbits
 229              		.align	1
ARM GAS  /tmp/ccgUOiXb.s 			page 7


 230              		.global	HAL_SPI_MspDeInit
 231              		.syntax unified
 232              		.thumb
 233              		.thumb_func
 235              	HAL_SPI_MspDeInit:
 236              	.LVL7:
 237              	.LFB136:
  94:Core/Src/spi.c **** 
  95:Core/Src/spi.c **** void HAL_SPI_MspDeInit(SPI_HandleTypeDef* spiHandle)
  96:Core/Src/spi.c **** {
 238              		.loc 1 96 1 is_stmt 1 view -0
 239              		.cfi_startproc
 240              		@ args = 0, pretend = 0, frame = 0
 241              		@ frame_needed = 0, uses_anonymous_args = 0
 242              		.loc 1 96 1 is_stmt 0 view .LVU68
 243 0000 08B5     		push	{r3, lr}
 244              	.LCFI5:
 245              		.cfi_def_cfa_offset 8
 246              		.cfi_offset 3, -8
 247              		.cfi_offset 14, -4
  97:Core/Src/spi.c **** 
  98:Core/Src/spi.c ****   if(spiHandle->Instance==SPI2)
 248              		.loc 1 98 3 is_stmt 1 view .LVU69
 249              		.loc 1 98 15 is_stmt 0 view .LVU70
 250 0002 0268     		ldr	r2, [r0]
 251              		.loc 1 98 5 view .LVU71
 252 0004 074B     		ldr	r3, .L17
 253 0006 9A42     		cmp	r2, r3
 254 0008 00D0     		beq	.L16
 255              	.LVL8:
 256              	.L13:
  99:Core/Src/spi.c ****   {
 100:Core/Src/spi.c ****   /* USER CODE BEGIN SPI2_MspDeInit 0 */
 101:Core/Src/spi.c **** 
 102:Core/Src/spi.c ****   /* USER CODE END SPI2_MspDeInit 0 */
 103:Core/Src/spi.c ****     /* Peripheral clock disable */
 104:Core/Src/spi.c ****     __HAL_RCC_SPI2_CLK_DISABLE();
 105:Core/Src/spi.c **** 
 106:Core/Src/spi.c ****     /**SPI2 GPIO Configuration
 107:Core/Src/spi.c ****     PB13     ------> SPI2_SCK
 108:Core/Src/spi.c ****     PB14     ------> SPI2_MISO
 109:Core/Src/spi.c ****     PB15     ------> SPI2_MOSI
 110:Core/Src/spi.c ****     */
 111:Core/Src/spi.c ****     HAL_GPIO_DeInit(GPIOB, GPIO_PIN_13|GPIO_PIN_14|GPIO_PIN_15);
 112:Core/Src/spi.c **** 
 113:Core/Src/spi.c ****   /* USER CODE BEGIN SPI2_MspDeInit 1 */
 114:Core/Src/spi.c **** 
 115:Core/Src/spi.c ****   /* USER CODE END SPI2_MspDeInit 1 */
 116:Core/Src/spi.c ****   }
 117:Core/Src/spi.c **** }
 257              		.loc 1 117 1 view .LVU72
 258 000a 08BD     		pop	{r3, pc}
 259              	.LVL9:
 260              	.L16:
 104:Core/Src/spi.c **** 
 261              		.loc 1 104 5 is_stmt 1 view .LVU73
 262 000c 064A     		ldr	r2, .L17+4
ARM GAS  /tmp/ccgUOiXb.s 			page 8


 263 000e D369     		ldr	r3, [r2, #28]
 264 0010 23F48043 		bic	r3, r3, #16384
 265 0014 D361     		str	r3, [r2, #28]
 111:Core/Src/spi.c **** 
 266              		.loc 1 111 5 view .LVU74
 267 0016 4FF46041 		mov	r1, #57344
 268 001a 0448     		ldr	r0, .L17+8
 269              	.LVL10:
 111:Core/Src/spi.c **** 
 270              		.loc 1 111 5 is_stmt 0 view .LVU75
 271 001c FFF7FEFF 		bl	HAL_GPIO_DeInit
 272              	.LVL11:
 273              		.loc 1 117 1 view .LVU76
 274 0020 F3E7     		b	.L13
 275              	.L18:
 276 0022 00BF     		.align	2
 277              	.L17:
 278 0024 00380040 		.word	1073756160
 279 0028 00100240 		.word	1073876992
 280 002c 00040048 		.word	1207960576
 281              		.cfi_endproc
 282              	.LFE136:
 284              		.global	hspi2
 285              		.section	.bss.hspi2,"aw",%nobits
 286              		.align	2
 289              	hspi2:
 290 0000 00000000 		.space	100
 290      00000000 
 290      00000000 
 290      00000000 
 290      00000000 
 291              		.text
 292              	.Letext0:
 293              		.file 2 "/usr/lib/gcc/arm-none-eabi/13.2.1/include/stdint.h"
 294              		.file 3 "Drivers/CMSIS/Device/ST/STM32F3xx/Include/stm32f303xe.h"
 295              		.file 4 "/usr/lib/gcc/arm-none-eabi/13.2.1/include/stddef.h"
 296              		.file 5 "Drivers/STM32F3xx_HAL_Driver/Inc/stm32f3xx_hal_def.h"
 297              		.file 6 "Drivers/STM32F3xx_HAL_Driver/Inc/stm32f3xx_hal_gpio.h"
 298              		.file 7 "Drivers/STM32F3xx_HAL_Driver/Inc/stm32f3xx_hal_dma.h"
 299              		.file 8 "Drivers/STM32F3xx_HAL_Driver/Inc/stm32f3xx_hal_spi.h"
 300              		.file 9 "micro_ros_stm32cubemx_utils/microros_static_library/libmicroros/microros_include/rmw/time
 301              		.file 10 "micro_ros_stm32cubemx_utils/microros_static_library/libmicroros/microros_include/rmw/typ
 302              		.file 11 "micro_ros_stm32cubemx_utils/microros_static_library/libmicroros/microros_include/rmw/qos
 303              		.file 12 "micro_ros_stm32cubemx_utils/microros_static_library/libmicroros/microros_include/rcl_act
 304              		.file 13 "Core/Inc/spi.h"
 305              		.file 14 "Core/Inc/main.h"
ARM GAS  /tmp/ccgUOiXb.s 			page 9


DEFINED SYMBOLS
                            *ABS*:00000000 spi.c
     /tmp/ccgUOiXb.s:21     .text.MX_SPI2_Init:00000000 $t
     /tmp/ccgUOiXb.s:27     .text.MX_SPI2_Init:00000000 MX_SPI2_Init
     /tmp/ccgUOiXb.s:108    .text.MX_SPI2_Init:00000048 $d
     /tmp/ccgUOiXb.s:289    .bss.hspi2:00000000 hspi2
     /tmp/ccgUOiXb.s:114    .text.HAL_SPI_MspInit:00000000 $t
     /tmp/ccgUOiXb.s:120    .text.HAL_SPI_MspInit:00000000 HAL_SPI_MspInit
     /tmp/ccgUOiXb.s:223    .text.HAL_SPI_MspInit:00000064 $d
     /tmp/ccgUOiXb.s:229    .text.HAL_SPI_MspDeInit:00000000 $t
     /tmp/ccgUOiXb.s:235    .text.HAL_SPI_MspDeInit:00000000 HAL_SPI_MspDeInit
     /tmp/ccgUOiXb.s:278    .text.HAL_SPI_MspDeInit:00000024 $d
     /tmp/ccgUOiXb.s:286    .bss.hspi2:00000000 $d

UNDEFINED SYMBOLS
HAL_SPI_Init
Error_Handler
HAL_GPIO_Init
HAL_GPIO_DeInit
