ARM GAS  /tmp/ccfjQ94o.s 			page 1


   1              		.cpu cortex-m4
   2              		.arch armv7e-m
   3              		.fpu fpv4-sp-d16
   4              		.eabi_attribute 27, 1
   5              		.eabi_attribute 28, 1
   6              		.eabi_attribute 20, 1
   7              		.eabi_attribute 21, 1
   8              		.eabi_attribute 23, 3
   9              		.eabi_attribute 24, 1
  10              		.eabi_attribute 25, 1
  11              		.eabi_attribute 26, 1
  12              		.eabi_attribute 30, 1
  13              		.eabi_attribute 34, 1
  14              		.eabi_attribute 18, 4
  15              		.file	"stm32f3xx_it.c"
  16              		.text
  17              	.Ltext0:
  18              		.cfi_sections	.debug_frame
  19              		.file 1 "Core/Src/stm32f3xx_it.c"
  20              		.section	.text.NMI_Handler,"ax",%progbits
  21              		.align	1
  22              		.global	NMI_Handler
  23              		.syntax unified
  24              		.thumb
  25              		.thumb_func
  27              	NMI_Handler:
  28              	.LFB134:
   1:Core/Src/stm32f3xx_it.c **** /* USER CODE BEGIN Header */
   2:Core/Src/stm32f3xx_it.c **** /**
   3:Core/Src/stm32f3xx_it.c ****   ******************************************************************************
   4:Core/Src/stm32f3xx_it.c ****   * @file    stm32f3xx_it.c
   5:Core/Src/stm32f3xx_it.c ****   * @brief   Interrupt Service Routines.
   6:Core/Src/stm32f3xx_it.c ****   ******************************************************************************
   7:Core/Src/stm32f3xx_it.c ****   * @attention
   8:Core/Src/stm32f3xx_it.c ****   *
   9:Core/Src/stm32f3xx_it.c ****   * Copyright (c) 2026 STMicroelectronics.
  10:Core/Src/stm32f3xx_it.c ****   * All rights reserved.
  11:Core/Src/stm32f3xx_it.c ****   *
  12:Core/Src/stm32f3xx_it.c ****   * This software is licensed under terms that can be found in the LICENSE file
  13:Core/Src/stm32f3xx_it.c ****   * in the root directory of this software component.
  14:Core/Src/stm32f3xx_it.c ****   * If no LICENSE file comes with this software, it is provided AS-IS.
  15:Core/Src/stm32f3xx_it.c ****   *
  16:Core/Src/stm32f3xx_it.c ****   ******************************************************************************
  17:Core/Src/stm32f3xx_it.c ****   */
  18:Core/Src/stm32f3xx_it.c **** /* USER CODE END Header */
  19:Core/Src/stm32f3xx_it.c **** 
  20:Core/Src/stm32f3xx_it.c **** /* Includes ------------------------------------------------------------------*/
  21:Core/Src/stm32f3xx_it.c **** #include "main.h"
  22:Core/Src/stm32f3xx_it.c **** #include "stm32f3xx_it.h"
  23:Core/Src/stm32f3xx_it.c **** /* Private includes ----------------------------------------------------------*/
  24:Core/Src/stm32f3xx_it.c **** /* USER CODE BEGIN Includes */
  25:Core/Src/stm32f3xx_it.c **** /* USER CODE END Includes */
  26:Core/Src/stm32f3xx_it.c **** 
  27:Core/Src/stm32f3xx_it.c **** /* Private typedef -----------------------------------------------------------*/
  28:Core/Src/stm32f3xx_it.c **** /* USER CODE BEGIN TD */
  29:Core/Src/stm32f3xx_it.c **** 
  30:Core/Src/stm32f3xx_it.c **** /* USER CODE END TD */
ARM GAS  /tmp/ccfjQ94o.s 			page 2


  31:Core/Src/stm32f3xx_it.c **** 
  32:Core/Src/stm32f3xx_it.c **** /* Private define ------------------------------------------------------------*/
  33:Core/Src/stm32f3xx_it.c **** /* USER CODE BEGIN PD */
  34:Core/Src/stm32f3xx_it.c **** 
  35:Core/Src/stm32f3xx_it.c **** /* USER CODE END PD */
  36:Core/Src/stm32f3xx_it.c **** 
  37:Core/Src/stm32f3xx_it.c **** /* Private macro -------------------------------------------------------------*/
  38:Core/Src/stm32f3xx_it.c **** /* USER CODE BEGIN PM */
  39:Core/Src/stm32f3xx_it.c **** 
  40:Core/Src/stm32f3xx_it.c **** /* USER CODE END PM */
  41:Core/Src/stm32f3xx_it.c **** 
  42:Core/Src/stm32f3xx_it.c **** /* Private variables ---------------------------------------------------------*/
  43:Core/Src/stm32f3xx_it.c **** /* USER CODE BEGIN PV */
  44:Core/Src/stm32f3xx_it.c **** 
  45:Core/Src/stm32f3xx_it.c **** /* USER CODE END PV */
  46:Core/Src/stm32f3xx_it.c **** 
  47:Core/Src/stm32f3xx_it.c **** /* Private function prototypes -----------------------------------------------*/
  48:Core/Src/stm32f3xx_it.c **** /* USER CODE BEGIN PFP */
  49:Core/Src/stm32f3xx_it.c **** 
  50:Core/Src/stm32f3xx_it.c **** /* USER CODE END PFP */
  51:Core/Src/stm32f3xx_it.c **** 
  52:Core/Src/stm32f3xx_it.c **** /* Private user code ---------------------------------------------------------*/
  53:Core/Src/stm32f3xx_it.c **** /* USER CODE BEGIN 0 */
  54:Core/Src/stm32f3xx_it.c **** 
  55:Core/Src/stm32f3xx_it.c **** /* USER CODE END 0 */
  56:Core/Src/stm32f3xx_it.c **** 
  57:Core/Src/stm32f3xx_it.c **** /* External variables --------------------------------------------------------*/
  58:Core/Src/stm32f3xx_it.c **** extern DMA_HandleTypeDef hdma_usart2_rx;
  59:Core/Src/stm32f3xx_it.c **** extern DMA_HandleTypeDef hdma_usart2_tx;
  60:Core/Src/stm32f3xx_it.c **** extern UART_HandleTypeDef huart2;
  61:Core/Src/stm32f3xx_it.c **** extern TIM_HandleTypeDef htim1;
  62:Core/Src/stm32f3xx_it.c **** extern TIM_HandleTypeDef htim2;
  63:Core/Src/stm32f3xx_it.c **** extern TIM_HandleTypeDef htim3;
  64:Core/Src/stm32f3xx_it.c **** extern TIM_HandleTypeDef htim6;
  65:Core/Src/stm32f3xx_it.c **** 
  66:Core/Src/stm32f3xx_it.c **** /* USER CODE BEGIN EV */
  67:Core/Src/stm32f3xx_it.c **** 
  68:Core/Src/stm32f3xx_it.c **** /* USER CODE END EV */
  69:Core/Src/stm32f3xx_it.c **** 
  70:Core/Src/stm32f3xx_it.c **** /******************************************************************************/
  71:Core/Src/stm32f3xx_it.c **** /*           Cortex-M4 Processor Interruption and Exception Handlers          */
  72:Core/Src/stm32f3xx_it.c **** /******************************************************************************/
  73:Core/Src/stm32f3xx_it.c **** /**
  74:Core/Src/stm32f3xx_it.c ****   * @brief This function handles Non maskable interrupt.
  75:Core/Src/stm32f3xx_it.c ****   */
  76:Core/Src/stm32f3xx_it.c **** void NMI_Handler(void)
  77:Core/Src/stm32f3xx_it.c **** {
  29              		.loc 1 77 1 view -0
  30              		.cfi_startproc
  31              		@ Volatile: function does not return.
  32              		@ args = 0, pretend = 0, frame = 0
  33              		@ frame_needed = 0, uses_anonymous_args = 0
  34              		@ link register save eliminated.
  35              	.L2:
  78:Core/Src/stm32f3xx_it.c ****   /* USER CODE BEGIN NonMaskableInt_IRQn 0 */
  79:Core/Src/stm32f3xx_it.c **** 
  80:Core/Src/stm32f3xx_it.c ****   /* USER CODE END NonMaskableInt_IRQn 0 */
ARM GAS  /tmp/ccfjQ94o.s 			page 3


  81:Core/Src/stm32f3xx_it.c ****   /* USER CODE BEGIN NonMaskableInt_IRQn 1 */
  82:Core/Src/stm32f3xx_it.c ****    while (1)
  36              		.loc 1 82 4 view .LVU1
  83:Core/Src/stm32f3xx_it.c ****   {
  84:Core/Src/stm32f3xx_it.c ****   }
  37              		.loc 1 84 3 view .LVU2
  82:Core/Src/stm32f3xx_it.c ****   {
  38              		.loc 1 82 10 view .LVU3
  39 0000 FEE7     		b	.L2
  40              		.cfi_endproc
  41              	.LFE134:
  43              		.section	.text.HardFault_Handler,"ax",%progbits
  44              		.align	1
  45              		.global	HardFault_Handler
  46              		.syntax unified
  47              		.thumb
  48              		.thumb_func
  50              	HardFault_Handler:
  51              	.LFB135:
  85:Core/Src/stm32f3xx_it.c ****   /* USER CODE END NonMaskableInt_IRQn 1 */
  86:Core/Src/stm32f3xx_it.c **** }
  87:Core/Src/stm32f3xx_it.c **** 
  88:Core/Src/stm32f3xx_it.c **** /**
  89:Core/Src/stm32f3xx_it.c ****   * @brief This function handles Hard fault interrupt.
  90:Core/Src/stm32f3xx_it.c ****   */
  91:Core/Src/stm32f3xx_it.c **** void HardFault_Handler(void)
  92:Core/Src/stm32f3xx_it.c **** {
  52              		.loc 1 92 1 view -0
  53              		.cfi_startproc
  54              		@ Volatile: function does not return.
  55              		@ args = 0, pretend = 0, frame = 0
  56              		@ frame_needed = 0, uses_anonymous_args = 0
  57              		@ link register save eliminated.
  58              	.L4:
  93:Core/Src/stm32f3xx_it.c ****   /* USER CODE BEGIN HardFault_IRQn 0 */
  94:Core/Src/stm32f3xx_it.c **** 
  95:Core/Src/stm32f3xx_it.c ****   /* USER CODE END HardFault_IRQn 0 */
  96:Core/Src/stm32f3xx_it.c ****   while (1)
  59              		.loc 1 96 3 view .LVU5
  97:Core/Src/stm32f3xx_it.c ****   {
  98:Core/Src/stm32f3xx_it.c ****     /* USER CODE BEGIN W1_HardFault_IRQn 0 */
  99:Core/Src/stm32f3xx_it.c ****     /* USER CODE END W1_HardFault_IRQn 0 */
 100:Core/Src/stm32f3xx_it.c ****   }
  60              		.loc 1 100 3 view .LVU6
  96:Core/Src/stm32f3xx_it.c ****   {
  61              		.loc 1 96 9 view .LVU7
  62 0000 FEE7     		b	.L4
  63              		.cfi_endproc
  64              	.LFE135:
  66              		.section	.text.MemManage_Handler,"ax",%progbits
  67              		.align	1
  68              		.global	MemManage_Handler
  69              		.syntax unified
  70              		.thumb
  71              		.thumb_func
  73              	MemManage_Handler:
  74              	.LFB136:
ARM GAS  /tmp/ccfjQ94o.s 			page 4


 101:Core/Src/stm32f3xx_it.c **** }
 102:Core/Src/stm32f3xx_it.c **** 
 103:Core/Src/stm32f3xx_it.c **** /**
 104:Core/Src/stm32f3xx_it.c ****   * @brief This function handles Memory management fault.
 105:Core/Src/stm32f3xx_it.c ****   */
 106:Core/Src/stm32f3xx_it.c **** void MemManage_Handler(void)
 107:Core/Src/stm32f3xx_it.c **** {
  75              		.loc 1 107 1 view -0
  76              		.cfi_startproc
  77              		@ Volatile: function does not return.
  78              		@ args = 0, pretend = 0, frame = 0
  79              		@ frame_needed = 0, uses_anonymous_args = 0
  80              		@ link register save eliminated.
  81              	.L6:
 108:Core/Src/stm32f3xx_it.c ****   /* USER CODE BEGIN MemoryManagement_IRQn 0 */
 109:Core/Src/stm32f3xx_it.c **** 
 110:Core/Src/stm32f3xx_it.c ****   /* USER CODE END MemoryManagement_IRQn 0 */
 111:Core/Src/stm32f3xx_it.c ****   while (1)
  82              		.loc 1 111 3 view .LVU9
 112:Core/Src/stm32f3xx_it.c ****   {
 113:Core/Src/stm32f3xx_it.c ****     /* USER CODE BEGIN W1_MemoryManagement_IRQn 0 */
 114:Core/Src/stm32f3xx_it.c ****     /* USER CODE END W1_MemoryManagement_IRQn 0 */
 115:Core/Src/stm32f3xx_it.c ****   }
  83              		.loc 1 115 3 view .LVU10
 111:Core/Src/stm32f3xx_it.c ****   {
  84              		.loc 1 111 9 view .LVU11
  85 0000 FEE7     		b	.L6
  86              		.cfi_endproc
  87              	.LFE136:
  89              		.section	.text.BusFault_Handler,"ax",%progbits
  90              		.align	1
  91              		.global	BusFault_Handler
  92              		.syntax unified
  93              		.thumb
  94              		.thumb_func
  96              	BusFault_Handler:
  97              	.LFB137:
 116:Core/Src/stm32f3xx_it.c **** }
 117:Core/Src/stm32f3xx_it.c **** 
 118:Core/Src/stm32f3xx_it.c **** /**
 119:Core/Src/stm32f3xx_it.c ****   * @brief This function handles Pre-fetch fault, memory access fault.
 120:Core/Src/stm32f3xx_it.c ****   */
 121:Core/Src/stm32f3xx_it.c **** void BusFault_Handler(void)
 122:Core/Src/stm32f3xx_it.c **** {
  98              		.loc 1 122 1 view -0
  99              		.cfi_startproc
 100              		@ Volatile: function does not return.
 101              		@ args = 0, pretend = 0, frame = 0
 102              		@ frame_needed = 0, uses_anonymous_args = 0
 103              		@ link register save eliminated.
 104              	.L8:
 123:Core/Src/stm32f3xx_it.c ****   /* USER CODE BEGIN BusFault_IRQn 0 */
 124:Core/Src/stm32f3xx_it.c **** 
 125:Core/Src/stm32f3xx_it.c ****   /* USER CODE END BusFault_IRQn 0 */
 126:Core/Src/stm32f3xx_it.c ****   while (1)
 105              		.loc 1 126 3 view .LVU13
 127:Core/Src/stm32f3xx_it.c ****   {
ARM GAS  /tmp/ccfjQ94o.s 			page 5


 128:Core/Src/stm32f3xx_it.c ****     /* USER CODE BEGIN W1_BusFault_IRQn 0 */
 129:Core/Src/stm32f3xx_it.c ****     /* USER CODE END W1_BusFault_IRQn 0 */
 130:Core/Src/stm32f3xx_it.c ****   }
 106              		.loc 1 130 3 view .LVU14
 126:Core/Src/stm32f3xx_it.c ****   {
 107              		.loc 1 126 9 view .LVU15
 108 0000 FEE7     		b	.L8
 109              		.cfi_endproc
 110              	.LFE137:
 112              		.section	.text.UsageFault_Handler,"ax",%progbits
 113              		.align	1
 114              		.global	UsageFault_Handler
 115              		.syntax unified
 116              		.thumb
 117              		.thumb_func
 119              	UsageFault_Handler:
 120              	.LFB138:
 131:Core/Src/stm32f3xx_it.c **** }
 132:Core/Src/stm32f3xx_it.c **** 
 133:Core/Src/stm32f3xx_it.c **** /**
 134:Core/Src/stm32f3xx_it.c ****   * @brief This function handles Undefined instruction or illegal state.
 135:Core/Src/stm32f3xx_it.c ****   */
 136:Core/Src/stm32f3xx_it.c **** void UsageFault_Handler(void)
 137:Core/Src/stm32f3xx_it.c **** {
 121              		.loc 1 137 1 view -0
 122              		.cfi_startproc
 123              		@ Volatile: function does not return.
 124              		@ args = 0, pretend = 0, frame = 0
 125              		@ frame_needed = 0, uses_anonymous_args = 0
 126              		@ link register save eliminated.
 127              	.L10:
 138:Core/Src/stm32f3xx_it.c ****   /* USER CODE BEGIN UsageFault_IRQn 0 */
 139:Core/Src/stm32f3xx_it.c **** 
 140:Core/Src/stm32f3xx_it.c ****   /* USER CODE END UsageFault_IRQn 0 */
 141:Core/Src/stm32f3xx_it.c ****   while (1)
 128              		.loc 1 141 3 view .LVU17
 142:Core/Src/stm32f3xx_it.c ****   {
 143:Core/Src/stm32f3xx_it.c ****     /* USER CODE BEGIN W1_UsageFault_IRQn 0 */
 144:Core/Src/stm32f3xx_it.c ****     /* USER CODE END W1_UsageFault_IRQn 0 */
 145:Core/Src/stm32f3xx_it.c ****   }
 129              		.loc 1 145 3 view .LVU18
 141:Core/Src/stm32f3xx_it.c ****   {
 130              		.loc 1 141 9 view .LVU19
 131 0000 FEE7     		b	.L10
 132              		.cfi_endproc
 133              	.LFE138:
 135              		.section	.text.DebugMon_Handler,"ax",%progbits
 136              		.align	1
 137              		.global	DebugMon_Handler
 138              		.syntax unified
 139              		.thumb
 140              		.thumb_func
 142              	DebugMon_Handler:
 143              	.LFB139:
 146:Core/Src/stm32f3xx_it.c **** }
 147:Core/Src/stm32f3xx_it.c **** 
 148:Core/Src/stm32f3xx_it.c **** /**
ARM GAS  /tmp/ccfjQ94o.s 			page 6


 149:Core/Src/stm32f3xx_it.c ****   * @brief This function handles Debug monitor.
 150:Core/Src/stm32f3xx_it.c ****   */
 151:Core/Src/stm32f3xx_it.c **** void DebugMon_Handler(void)
 152:Core/Src/stm32f3xx_it.c **** {
 144              		.loc 1 152 1 view -0
 145              		.cfi_startproc
 146              		@ args = 0, pretend = 0, frame = 0
 147              		@ frame_needed = 0, uses_anonymous_args = 0
 148              		@ link register save eliminated.
 153:Core/Src/stm32f3xx_it.c ****   /* USER CODE BEGIN DebugMonitor_IRQn 0 */
 154:Core/Src/stm32f3xx_it.c **** 
 155:Core/Src/stm32f3xx_it.c ****   /* USER CODE END DebugMonitor_IRQn 0 */
 156:Core/Src/stm32f3xx_it.c ****   /* USER CODE BEGIN DebugMonitor_IRQn 1 */
 157:Core/Src/stm32f3xx_it.c **** 
 158:Core/Src/stm32f3xx_it.c ****   /* USER CODE END DebugMonitor_IRQn 1 */
 159:Core/Src/stm32f3xx_it.c **** }
 149              		.loc 1 159 1 view .LVU21
 150 0000 7047     		bx	lr
 151              		.cfi_endproc
 152              	.LFE139:
 154              		.section	.text.DMA1_Channel6_IRQHandler,"ax",%progbits
 155              		.align	1
 156              		.global	DMA1_Channel6_IRQHandler
 157              		.syntax unified
 158              		.thumb
 159              		.thumb_func
 161              	DMA1_Channel6_IRQHandler:
 162              	.LFB140:
 160:Core/Src/stm32f3xx_it.c **** 
 161:Core/Src/stm32f3xx_it.c **** /******************************************************************************/
 162:Core/Src/stm32f3xx_it.c **** /* STM32F3xx Peripheral Interrupt Handlers                                    */
 163:Core/Src/stm32f3xx_it.c **** /* Add here the Interrupt Handlers for the used peripherals.                  */
 164:Core/Src/stm32f3xx_it.c **** /* For the available peripheral interrupt handler names,                      */
 165:Core/Src/stm32f3xx_it.c **** /* please refer to the startup file (startup_stm32f3xx.s).                    */
 166:Core/Src/stm32f3xx_it.c **** /******************************************************************************/
 167:Core/Src/stm32f3xx_it.c **** 
 168:Core/Src/stm32f3xx_it.c **** /**
 169:Core/Src/stm32f3xx_it.c ****   * @brief This function handles DMA1 channel6 global interrupt.
 170:Core/Src/stm32f3xx_it.c ****   */
 171:Core/Src/stm32f3xx_it.c **** void DMA1_Channel6_IRQHandler(void)
 172:Core/Src/stm32f3xx_it.c **** {
 163              		.loc 1 172 1 view -0
 164              		.cfi_startproc
 165              		@ args = 0, pretend = 0, frame = 0
 166              		@ frame_needed = 0, uses_anonymous_args = 0
 167 0000 08B5     		push	{r3, lr}
 168              	.LCFI0:
 169              		.cfi_def_cfa_offset 8
 170              		.cfi_offset 3, -8
 171              		.cfi_offset 14, -4
 173:Core/Src/stm32f3xx_it.c ****   /* USER CODE BEGIN DMA1_Channel6_IRQn 0 */
 174:Core/Src/stm32f3xx_it.c **** 
 175:Core/Src/stm32f3xx_it.c ****   /* USER CODE END DMA1_Channel6_IRQn 0 */
 176:Core/Src/stm32f3xx_it.c ****   HAL_DMA_IRQHandler(&hdma_usart2_rx);
 172              		.loc 1 176 3 view .LVU23
 173 0002 0248     		ldr	r0, .L14
 174 0004 FFF7FEFF 		bl	HAL_DMA_IRQHandler
ARM GAS  /tmp/ccfjQ94o.s 			page 7


 175              	.LVL0:
 177:Core/Src/stm32f3xx_it.c ****   /* USER CODE BEGIN DMA1_Channel6_IRQn 1 */
 178:Core/Src/stm32f3xx_it.c **** 
 179:Core/Src/stm32f3xx_it.c ****   /* USER CODE END DMA1_Channel6_IRQn 1 */
 180:Core/Src/stm32f3xx_it.c **** }
 176              		.loc 1 180 1 is_stmt 0 view .LVU24
 177 0008 08BD     		pop	{r3, pc}
 178              	.L15:
 179 000a 00BF     		.align	2
 180              	.L14:
 181 000c 00000000 		.word	hdma_usart2_rx
 182              		.cfi_endproc
 183              	.LFE140:
 185              		.section	.text.DMA1_Channel7_IRQHandler,"ax",%progbits
 186              		.align	1
 187              		.global	DMA1_Channel7_IRQHandler
 188              		.syntax unified
 189              		.thumb
 190              		.thumb_func
 192              	DMA1_Channel7_IRQHandler:
 193              	.LFB141:
 181:Core/Src/stm32f3xx_it.c **** 
 182:Core/Src/stm32f3xx_it.c **** /**
 183:Core/Src/stm32f3xx_it.c ****   * @brief This function handles DMA1 channel7 global interrupt.
 184:Core/Src/stm32f3xx_it.c ****   */
 185:Core/Src/stm32f3xx_it.c **** void DMA1_Channel7_IRQHandler(void)
 186:Core/Src/stm32f3xx_it.c **** {
 194              		.loc 1 186 1 is_stmt 1 view -0
 195              		.cfi_startproc
 196              		@ args = 0, pretend = 0, frame = 0
 197              		@ frame_needed = 0, uses_anonymous_args = 0
 198 0000 08B5     		push	{r3, lr}
 199              	.LCFI1:
 200              		.cfi_def_cfa_offset 8
 201              		.cfi_offset 3, -8
 202              		.cfi_offset 14, -4
 187:Core/Src/stm32f3xx_it.c ****   /* USER CODE BEGIN DMA1_Channel7_IRQn 0 */
 188:Core/Src/stm32f3xx_it.c **** 
 189:Core/Src/stm32f3xx_it.c ****   /* USER CODE END DMA1_Channel7_IRQn 0 */
 190:Core/Src/stm32f3xx_it.c ****   HAL_DMA_IRQHandler(&hdma_usart2_tx);
 203              		.loc 1 190 3 view .LVU26
 204 0002 0248     		ldr	r0, .L18
 205 0004 FFF7FEFF 		bl	HAL_DMA_IRQHandler
 206              	.LVL1:
 191:Core/Src/stm32f3xx_it.c ****   /* USER CODE BEGIN DMA1_Channel7_IRQn 1 */
 192:Core/Src/stm32f3xx_it.c **** 
 193:Core/Src/stm32f3xx_it.c ****   /* USER CODE END DMA1_Channel7_IRQn 1 */
 194:Core/Src/stm32f3xx_it.c **** }
 207              		.loc 1 194 1 is_stmt 0 view .LVU27
 208 0008 08BD     		pop	{r3, pc}
 209              	.L19:
 210 000a 00BF     		.align	2
 211              	.L18:
 212 000c 00000000 		.word	hdma_usart2_tx
 213              		.cfi_endproc
 214              	.LFE141:
 216              		.section	.text.TIM6_DAC_IRQHandler,"ax",%progbits
ARM GAS  /tmp/ccfjQ94o.s 			page 8


 217              		.align	1
 218              		.global	TIM6_DAC_IRQHandler
 219              		.syntax unified
 220              		.thumb
 221              		.thumb_func
 223              	TIM6_DAC_IRQHandler:
 224              	.LFB142:
 195:Core/Src/stm32f3xx_it.c **** 
 196:Core/Src/stm32f3xx_it.c **** /**
 197:Core/Src/stm32f3xx_it.c ****   * @brief This function handles TIM1 update and TIM16 interrupts.
 198:Core/Src/stm32f3xx_it.c ****   */
 199:Core/Src/stm32f3xx_it.c **** void TIM6_DAC_IRQHandler(void)
 200:Core/Src/stm32f3xx_it.c **** {
 225              		.loc 1 200 1 is_stmt 1 view -0
 226              		.cfi_startproc
 227              		@ args = 0, pretend = 0, frame = 0
 228              		@ frame_needed = 0, uses_anonymous_args = 0
 229 0000 08B5     		push	{r3, lr}
 230              	.LCFI2:
 231              		.cfi_def_cfa_offset 8
 232              		.cfi_offset 3, -8
 233              		.cfi_offset 14, -4
 201:Core/Src/stm32f3xx_it.c ****     HAL_TIM_IRQHandler(&htim6);
 234              		.loc 1 201 5 view .LVU29
 235 0002 0248     		ldr	r0, .L22
 236 0004 FFF7FEFF 		bl	HAL_TIM_IRQHandler
 237              	.LVL2:
 202:Core/Src/stm32f3xx_it.c **** }
 238              		.loc 1 202 1 is_stmt 0 view .LVU30
 239 0008 08BD     		pop	{r3, pc}
 240              	.L23:
 241 000a 00BF     		.align	2
 242              	.L22:
 243 000c 00000000 		.word	htim6
 244              		.cfi_endproc
 245              	.LFE142:
 247              		.section	.text.USART2_IRQHandler,"ax",%progbits
 248              		.align	1
 249              		.global	USART2_IRQHandler
 250              		.syntax unified
 251              		.thumb
 252              		.thumb_func
 254              	USART2_IRQHandler:
 255              	.LFB143:
 203:Core/Src/stm32f3xx_it.c **** 
 204:Core/Src/stm32f3xx_it.c **** /**
 205:Core/Src/stm32f3xx_it.c ****   * @brief This function handles USART2 global interrupt / USART2 wake-up interrupt through EXTI li
 206:Core/Src/stm32f3xx_it.c ****   */
 207:Core/Src/stm32f3xx_it.c **** void USART2_IRQHandler(void)
 208:Core/Src/stm32f3xx_it.c **** {
 256              		.loc 1 208 1 is_stmt 1 view -0
 257              		.cfi_startproc
 258              		@ args = 0, pretend = 0, frame = 0
 259              		@ frame_needed = 0, uses_anonymous_args = 0
 260 0000 08B5     		push	{r3, lr}
 261              	.LCFI3:
 262              		.cfi_def_cfa_offset 8
ARM GAS  /tmp/ccfjQ94o.s 			page 9


 263              		.cfi_offset 3, -8
 264              		.cfi_offset 14, -4
 209:Core/Src/stm32f3xx_it.c ****   /* USER CODE BEGIN USART2_IRQn 0 */
 210:Core/Src/stm32f3xx_it.c **** 
 211:Core/Src/stm32f3xx_it.c ****   /* USER CODE END USART2_IRQn 0 */
 212:Core/Src/stm32f3xx_it.c ****   HAL_UART_IRQHandler(&huart2);
 265              		.loc 1 212 3 view .LVU32
 266 0002 0248     		ldr	r0, .L26
 267 0004 FFF7FEFF 		bl	HAL_UART_IRQHandler
 268              	.LVL3:
 213:Core/Src/stm32f3xx_it.c ****   /* USER CODE BEGIN USART2_IRQn 1 */
 214:Core/Src/stm32f3xx_it.c **** 
 215:Core/Src/stm32f3xx_it.c ****   /* USER CODE END USART2_IRQn 1 */
 216:Core/Src/stm32f3xx_it.c **** }
 269              		.loc 1 216 1 is_stmt 0 view .LVU33
 270 0008 08BD     		pop	{r3, pc}
 271              	.L27:
 272 000a 00BF     		.align	2
 273              	.L26:
 274 000c 00000000 		.word	huart2
 275              		.cfi_endproc
 276              	.LFE143:
 278              		.section	.text.TIM1_CC_IRQHandler,"ax",%progbits
 279              		.align	1
 280              		.global	TIM1_CC_IRQHandler
 281              		.syntax unified
 282              		.thumb
 283              		.thumb_func
 285              	TIM1_CC_IRQHandler:
 286              	.LFB144:
 217:Core/Src/stm32f3xx_it.c **** 
 218:Core/Src/stm32f3xx_it.c **** void TIM1_CC_IRQHandler(void)
 219:Core/Src/stm32f3xx_it.c **** {
 287              		.loc 1 219 1 is_stmt 1 view -0
 288              		.cfi_startproc
 289              		@ args = 0, pretend = 0, frame = 0
 290              		@ frame_needed = 0, uses_anonymous_args = 0
 291 0000 08B5     		push	{r3, lr}
 292              	.LCFI4:
 293              		.cfi_def_cfa_offset 8
 294              		.cfi_offset 3, -8
 295              		.cfi_offset 14, -4
 220:Core/Src/stm32f3xx_it.c ****     HAL_TIM_IRQHandler(&htim1);
 296              		.loc 1 220 5 view .LVU35
 297 0002 0248     		ldr	r0, .L30
 298 0004 FFF7FEFF 		bl	HAL_TIM_IRQHandler
 299              	.LVL4:
 221:Core/Src/stm32f3xx_it.c **** }
 300              		.loc 1 221 1 is_stmt 0 view .LVU36
 301 0008 08BD     		pop	{r3, pc}
 302              	.L31:
 303 000a 00BF     		.align	2
 304              	.L30:
 305 000c 00000000 		.word	htim1
 306              		.cfi_endproc
 307              	.LFE144:
 309              		.section	.text.TIM2_IRQHandler,"ax",%progbits
ARM GAS  /tmp/ccfjQ94o.s 			page 10


 310              		.align	1
 311              		.global	TIM2_IRQHandler
 312              		.syntax unified
 313              		.thumb
 314              		.thumb_func
 316              	TIM2_IRQHandler:
 317              	.LFB145:
 222:Core/Src/stm32f3xx_it.c **** 
 223:Core/Src/stm32f3xx_it.c **** void TIM2_IRQHandler(void)
 224:Core/Src/stm32f3xx_it.c **** {
 318              		.loc 1 224 1 is_stmt 1 view -0
 319              		.cfi_startproc
 320              		@ args = 0, pretend = 0, frame = 0
 321              		@ frame_needed = 0, uses_anonymous_args = 0
 322 0000 08B5     		push	{r3, lr}
 323              	.LCFI5:
 324              		.cfi_def_cfa_offset 8
 325              		.cfi_offset 3, -8
 326              		.cfi_offset 14, -4
 225:Core/Src/stm32f3xx_it.c ****     HAL_TIM_IRQHandler(&htim2);
 327              		.loc 1 225 5 view .LVU38
 328 0002 0248     		ldr	r0, .L34
 329 0004 FFF7FEFF 		bl	HAL_TIM_IRQHandler
 330              	.LVL5:
 226:Core/Src/stm32f3xx_it.c **** }
 331              		.loc 1 226 1 is_stmt 0 view .LVU39
 332 0008 08BD     		pop	{r3, pc}
 333              	.L35:
 334 000a 00BF     		.align	2
 335              	.L34:
 336 000c 00000000 		.word	htim2
 337              		.cfi_endproc
 338              	.LFE145:
 340              		.section	.text.TIM3_IRQHandler,"ax",%progbits
 341              		.align	1
 342              		.global	TIM3_IRQHandler
 343              		.syntax unified
 344              		.thumb
 345              		.thumb_func
 347              	TIM3_IRQHandler:
 348              	.LFB146:
 227:Core/Src/stm32f3xx_it.c **** 
 228:Core/Src/stm32f3xx_it.c **** void TIM3_IRQHandler(void)
 229:Core/Src/stm32f3xx_it.c **** {
 349              		.loc 1 229 1 is_stmt 1 view -0
 350              		.cfi_startproc
 351              		@ args = 0, pretend = 0, frame = 0
 352              		@ frame_needed = 0, uses_anonymous_args = 0
 353 0000 08B5     		push	{r3, lr}
 354              	.LCFI6:
 355              		.cfi_def_cfa_offset 8
 356              		.cfi_offset 3, -8
 357              		.cfi_offset 14, -4
 230:Core/Src/stm32f3xx_it.c ****     HAL_TIM_IRQHandler(&htim3);
 358              		.loc 1 230 5 view .LVU41
 359 0002 0248     		ldr	r0, .L38
 360 0004 FFF7FEFF 		bl	HAL_TIM_IRQHandler
ARM GAS  /tmp/ccfjQ94o.s 			page 11


 361              	.LVL6:
 231:Core/Src/stm32f3xx_it.c **** }
 362              		.loc 1 231 1 is_stmt 0 view .LVU42
 363 0008 08BD     		pop	{r3, pc}
 364              	.L39:
 365 000a 00BF     		.align	2
 366              	.L38:
 367 000c 00000000 		.word	htim3
 368              		.cfi_endproc
 369              	.LFE146:
 371              		.section	.text.SVC_Handler,"ax",%progbits
 372              		.align	1
 373              		.global	SVC_Handler
 374              		.syntax unified
 375              		.thumb
 376              		.thumb_func
 378              	SVC_Handler:
 379              	.LFB147:
 232:Core/Src/stm32f3xx_it.c **** 
 233:Core/Src/stm32f3xx_it.c **** void SVC_Handler(void) {}
 380              		.loc 1 233 24 is_stmt 1 view -0
 381              		.cfi_startproc
 382              		@ args = 0, pretend = 0, frame = 0
 383              		@ frame_needed = 0, uses_anonymous_args = 0
 384              		@ link register save eliminated.
 385              		.loc 1 233 25 view .LVU44
 386 0000 7047     		bx	lr
 387              		.cfi_endproc
 388              	.LFE147:
 390              		.section	.text.PendSV_Handler,"ax",%progbits
 391              		.align	1
 392              		.global	PendSV_Handler
 393              		.syntax unified
 394              		.thumb
 395              		.thumb_func
 397              	PendSV_Handler:
 398              	.LFB148:
 234:Core/Src/stm32f3xx_it.c **** void PendSV_Handler(void) {}
 399              		.loc 1 234 27 view -0
 400              		.cfi_startproc
 401              		@ args = 0, pretend = 0, frame = 0
 402              		@ frame_needed = 0, uses_anonymous_args = 0
 403              		@ link register save eliminated.
 404              		.loc 1 234 28 view .LVU46
 405 0000 7047     		bx	lr
 406              		.cfi_endproc
 407              	.LFE148:
 409              		.section	.text.SysTick_Handler,"ax",%progbits
 410              		.align	1
 411              		.global	SysTick_Handler
 412              		.syntax unified
 413              		.thumb
 414              		.thumb_func
 416              	SysTick_Handler:
 417              	.LFB149:
 235:Core/Src/stm32f3xx_it.c **** void SysTick_Handler(void) { HAL_IncTick(); }
 418              		.loc 1 235 28 view -0
ARM GAS  /tmp/ccfjQ94o.s 			page 12


 419              		.cfi_startproc
 420              		@ args = 0, pretend = 0, frame = 0
 421              		@ frame_needed = 0, uses_anonymous_args = 0
 422 0000 08B5     		push	{r3, lr}
 423              	.LCFI7:
 424              		.cfi_def_cfa_offset 8
 425              		.cfi_offset 3, -8
 426              		.cfi_offset 14, -4
 427              		.loc 1 235 30 view .LVU48
 428 0002 FFF7FEFF 		bl	HAL_IncTick
 429              	.LVL7:
 430              		.loc 1 235 45 is_stmt 0 view .LVU49
 431 0006 08BD     		pop	{r3, pc}
 432              		.cfi_endproc
 433              	.LFE149:
 435              		.text
 436              	.Letext0:
 437              		.file 2 "/usr/lib/gcc/arm-none-eabi/13.2.1/include/stdint.h"
 438              		.file 3 "Drivers/CMSIS/Device/ST/STM32F3xx/Include/stm32f303xe.h"
 439              		.file 4 "/usr/lib/gcc/arm-none-eabi/13.2.1/include/stddef.h"
 440              		.file 5 "Drivers/STM32F3xx_HAL_Driver/Inc/stm32f3xx_hal_def.h"
 441              		.file 6 "Drivers/STM32F3xx_HAL_Driver/Inc/stm32f3xx_hal_dma.h"
 442              		.file 7 "Drivers/STM32F3xx_HAL_Driver/Inc/stm32f3xx_hal_tim.h"
 443              		.file 8 "Drivers/STM32F3xx_HAL_Driver/Inc/stm32f3xx_hal_uart.h"
 444              		.file 9 "micro_ros_stm32cubemx_utils/microros_static_library/libmicroros/microros_include/rmw/time
 445              		.file 10 "micro_ros_stm32cubemx_utils/microros_static_library/libmicroros/microros_include/rmw/typ
 446              		.file 11 "micro_ros_stm32cubemx_utils/microros_static_library/libmicroros/microros_include/rmw/qos
 447              		.file 12 "micro_ros_stm32cubemx_utils/microros_static_library/libmicroros/microros_include/rcl_act
 448              		.file 13 "Drivers/STM32F3xx_HAL_Driver/Inc/stm32f3xx_hal.h"
ARM GAS  /tmp/ccfjQ94o.s 			page 13


DEFINED SYMBOLS
                            *ABS*:00000000 stm32f3xx_it.c
     /tmp/ccfjQ94o.s:21     .text.NMI_Handler:00000000 $t
     /tmp/ccfjQ94o.s:27     .text.NMI_Handler:00000000 NMI_Handler
     /tmp/ccfjQ94o.s:44     .text.HardFault_Handler:00000000 $t
     /tmp/ccfjQ94o.s:50     .text.HardFault_Handler:00000000 HardFault_Handler
     /tmp/ccfjQ94o.s:67     .text.MemManage_Handler:00000000 $t
     /tmp/ccfjQ94o.s:73     .text.MemManage_Handler:00000000 MemManage_Handler
     /tmp/ccfjQ94o.s:90     .text.BusFault_Handler:00000000 $t
     /tmp/ccfjQ94o.s:96     .text.BusFault_Handler:00000000 BusFault_Handler
     /tmp/ccfjQ94o.s:113    .text.UsageFault_Handler:00000000 $t
     /tmp/ccfjQ94o.s:119    .text.UsageFault_Handler:00000000 UsageFault_Handler
     /tmp/ccfjQ94o.s:136    .text.DebugMon_Handler:00000000 $t
     /tmp/ccfjQ94o.s:142    .text.DebugMon_Handler:00000000 DebugMon_Handler
     /tmp/ccfjQ94o.s:155    .text.DMA1_Channel6_IRQHandler:00000000 $t
     /tmp/ccfjQ94o.s:161    .text.DMA1_Channel6_IRQHandler:00000000 DMA1_Channel6_IRQHandler
     /tmp/ccfjQ94o.s:181    .text.DMA1_Channel6_IRQHandler:0000000c $d
     /tmp/ccfjQ94o.s:186    .text.DMA1_Channel7_IRQHandler:00000000 $t
     /tmp/ccfjQ94o.s:192    .text.DMA1_Channel7_IRQHandler:00000000 DMA1_Channel7_IRQHandler
     /tmp/ccfjQ94o.s:212    .text.DMA1_Channel7_IRQHandler:0000000c $d
     /tmp/ccfjQ94o.s:217    .text.TIM6_DAC_IRQHandler:00000000 $t
     /tmp/ccfjQ94o.s:223    .text.TIM6_DAC_IRQHandler:00000000 TIM6_DAC_IRQHandler
     /tmp/ccfjQ94o.s:243    .text.TIM6_DAC_IRQHandler:0000000c $d
     /tmp/ccfjQ94o.s:248    .text.USART2_IRQHandler:00000000 $t
     /tmp/ccfjQ94o.s:254    .text.USART2_IRQHandler:00000000 USART2_IRQHandler
     /tmp/ccfjQ94o.s:274    .text.USART2_IRQHandler:0000000c $d
     /tmp/ccfjQ94o.s:279    .text.TIM1_CC_IRQHandler:00000000 $t
     /tmp/ccfjQ94o.s:285    .text.TIM1_CC_IRQHandler:00000000 TIM1_CC_IRQHandler
     /tmp/ccfjQ94o.s:305    .text.TIM1_CC_IRQHandler:0000000c $d
     /tmp/ccfjQ94o.s:310    .text.TIM2_IRQHandler:00000000 $t
     /tmp/ccfjQ94o.s:316    .text.TIM2_IRQHandler:00000000 TIM2_IRQHandler
     /tmp/ccfjQ94o.s:336    .text.TIM2_IRQHandler:0000000c $d
     /tmp/ccfjQ94o.s:341    .text.TIM3_IRQHandler:00000000 $t
     /tmp/ccfjQ94o.s:347    .text.TIM3_IRQHandler:00000000 TIM3_IRQHandler
     /tmp/ccfjQ94o.s:367    .text.TIM3_IRQHandler:0000000c $d
     /tmp/ccfjQ94o.s:372    .text.SVC_Handler:00000000 $t
     /tmp/ccfjQ94o.s:378    .text.SVC_Handler:00000000 SVC_Handler
     /tmp/ccfjQ94o.s:391    .text.PendSV_Handler:00000000 $t
     /tmp/ccfjQ94o.s:397    .text.PendSV_Handler:00000000 PendSV_Handler
     /tmp/ccfjQ94o.s:410    .text.SysTick_Handler:00000000 $t
     /tmp/ccfjQ94o.s:416    .text.SysTick_Handler:00000000 SysTick_Handler

UNDEFINED SYMBOLS
HAL_DMA_IRQHandler
hdma_usart2_rx
hdma_usart2_tx
HAL_TIM_IRQHandler
htim6
HAL_UART_IRQHandler
huart2
htim1
htim2
htim3
HAL_IncTick
