ARM GAS  /tmp/ccpWlwa9.s 			page 1


   1              		.cpu cortex-m4
   2              		.arch armv7e-m
   3              		.fpu fpv4-sp-d16
   4              		.eabi_attribute 27, 1
   5              		.eabi_attribute 28, 1
   6              		.eabi_attribute 20, 1
   7              		.eabi_attribute 21, 1
   8              		.eabi_attribute 23, 3
   9              		.eabi_attribute 24, 1
  10              		.eabi_attribute 25, 1
  11              		.eabi_attribute 26, 1
  12              		.eabi_attribute 30, 1
  13              		.eabi_attribute 34, 1
  14              		.eabi_attribute 18, 4
  15              		.file	"syscalls.c"
  16              		.text
  17              	.Ltext0:
  18              		.cfi_sections	.debug_frame
  19              		.file 1 "Core/Src/syscalls.c"
  20              		.section	.text.initialise_monitor_handles,"ax",%progbits
  21              		.align	1
  22              		.global	initialise_monitor_handles
  23              		.syntax unified
  24              		.thumb
  25              		.thumb_func
  27              	initialise_monitor_handles:
  28              	.LFB25:
   1:Core/Src/syscalls.c **** /**
   2:Core/Src/syscalls.c ****  ******************************************************************************
   3:Core/Src/syscalls.c ****  * @file      syscalls.c
   4:Core/Src/syscalls.c ****  * @author    Auto-generated by STM32CubeIDE
   5:Core/Src/syscalls.c ****  * @brief     STM32CubeIDE Minimal System calls file
   6:Core/Src/syscalls.c ****  *
   7:Core/Src/syscalls.c ****  *            For more information about which c-functions
   8:Core/Src/syscalls.c ****  *            need which of these lowlevel functions
   9:Core/Src/syscalls.c ****  *            please consult the Newlib libc-manual
  10:Core/Src/syscalls.c ****  ******************************************************************************
  11:Core/Src/syscalls.c ****  * @attention
  12:Core/Src/syscalls.c ****  *
  13:Core/Src/syscalls.c ****  * Copyright (c) 2020-2024 STMicroelectronics.
  14:Core/Src/syscalls.c ****  * All rights reserved.
  15:Core/Src/syscalls.c ****  *
  16:Core/Src/syscalls.c ****  * This software is licensed under terms that can be found in the LICENSE file
  17:Core/Src/syscalls.c ****  * in the root directory of this software component.
  18:Core/Src/syscalls.c ****  * If no LICENSE file comes with this software, it is provided AS-IS.
  19:Core/Src/syscalls.c ****  *
  20:Core/Src/syscalls.c ****  ******************************************************************************
  21:Core/Src/syscalls.c ****  */
  22:Core/Src/syscalls.c **** 
  23:Core/Src/syscalls.c **** /* Includes */
  24:Core/Src/syscalls.c **** #include <sys/stat.h>
  25:Core/Src/syscalls.c **** #include <stdlib.h>
  26:Core/Src/syscalls.c **** #include <errno.h>
  27:Core/Src/syscalls.c **** #include <stdio.h>
  28:Core/Src/syscalls.c **** #include <signal.h>
  29:Core/Src/syscalls.c **** #include <time.h>
  30:Core/Src/syscalls.c **** #include <sys/time.h>
ARM GAS  /tmp/ccpWlwa9.s 			page 2


  31:Core/Src/syscalls.c **** #include <sys/times.h>
  32:Core/Src/syscalls.c **** 
  33:Core/Src/syscalls.c **** 
  34:Core/Src/syscalls.c **** /* Variables */
  35:Core/Src/syscalls.c **** extern int errno;
  36:Core/Src/syscalls.c **** extern int __io_putchar(int ch) __attribute__((weak));
  37:Core/Src/syscalls.c **** extern int __io_getchar(void) __attribute__((weak));
  38:Core/Src/syscalls.c **** 
  39:Core/Src/syscalls.c **** char *__env[1] = { 0 };
  40:Core/Src/syscalls.c **** char **environ = __env;
  41:Core/Src/syscalls.c **** 
  42:Core/Src/syscalls.c **** extern char _estack;
  43:Core/Src/syscalls.c **** extern char _Min_Stack_Size;
  44:Core/Src/syscalls.c **** 
  45:Core/Src/syscalls.c **** /* Functions */
  46:Core/Src/syscalls.c **** void initialise_monitor_handles()
  47:Core/Src/syscalls.c **** {
  29              		.loc 1 47 1 view -0
  30              		.cfi_startproc
  31              		@ args = 0, pretend = 0, frame = 0
  32              		@ frame_needed = 0, uses_anonymous_args = 0
  33              		@ link register save eliminated.
  48:Core/Src/syscalls.c **** }
  34              		.loc 1 48 1 view .LVU1
  35 0000 7047     		bx	lr
  36              		.cfi_endproc
  37              	.LFE25:
  39              		.section	.text._getpid,"ax",%progbits
  40              		.align	1
  41              		.global	_getpid
  42              		.syntax unified
  43              		.thumb
  44              		.thumb_func
  46              	_getpid:
  47              	.LFB26:
  49:Core/Src/syscalls.c **** 
  50:Core/Src/syscalls.c **** int _getpid(void)
  51:Core/Src/syscalls.c **** {
  48              		.loc 1 51 1 view -0
  49              		.cfi_startproc
  50              		@ args = 0, pretend = 0, frame = 0
  51              		@ frame_needed = 0, uses_anonymous_args = 0
  52              		@ link register save eliminated.
  52:Core/Src/syscalls.c ****   return 1;
  53              		.loc 1 52 3 view .LVU3
  53:Core/Src/syscalls.c **** }
  54              		.loc 1 53 1 is_stmt 0 view .LVU4
  55 0000 0120     		movs	r0, #1
  56 0002 7047     		bx	lr
  57              		.cfi_endproc
  58              	.LFE26:
  60              		.section	.text._kill,"ax",%progbits
  61              		.align	1
  62              		.global	_kill
  63              		.syntax unified
  64              		.thumb
  65              		.thumb_func
ARM GAS  /tmp/ccpWlwa9.s 			page 3


  67              	_kill:
  68              	.LVL0:
  69              	.LFB27:
  54:Core/Src/syscalls.c **** 
  55:Core/Src/syscalls.c **** int _kill(int pid, int sig)
  56:Core/Src/syscalls.c **** {
  70              		.loc 1 56 1 is_stmt 1 view -0
  71              		.cfi_startproc
  72              		@ args = 0, pretend = 0, frame = 0
  73              		@ frame_needed = 0, uses_anonymous_args = 0
  74              		.loc 1 56 1 is_stmt 0 view .LVU6
  75 0000 08B5     		push	{r3, lr}
  76              	.LCFI0:
  77              		.cfi_def_cfa_offset 8
  78              		.cfi_offset 3, -8
  79              		.cfi_offset 14, -4
  57:Core/Src/syscalls.c ****   (void)pid;
  80              		.loc 1 57 3 is_stmt 1 view .LVU7
  58:Core/Src/syscalls.c ****   (void)sig;
  81              		.loc 1 58 3 view .LVU8
  59:Core/Src/syscalls.c ****   errno = EINVAL;
  82              		.loc 1 59 3 view .LVU9
  83 0002 FFF7FEFF 		bl	__errno
  84              	.LVL1:
  85              		.loc 1 59 9 is_stmt 0 discriminator 1 view .LVU10
  86 0006 1623     		movs	r3, #22
  87 0008 0360     		str	r3, [r0]
  60:Core/Src/syscalls.c ****   return -1;
  88              		.loc 1 60 3 is_stmt 1 view .LVU11
  61:Core/Src/syscalls.c **** }
  89              		.loc 1 61 1 is_stmt 0 view .LVU12
  90 000a 4FF0FF30 		mov	r0, #-1
  91 000e 08BD     		pop	{r3, pc}
  92              		.cfi_endproc
  93              	.LFE27:
  95              		.section	.text._exit,"ax",%progbits
  96              		.align	1
  97              		.global	_exit
  98              		.syntax unified
  99              		.thumb
 100              		.thumb_func
 102              	_exit:
 103              	.LVL2:
 104              	.LFB28:
  62:Core/Src/syscalls.c **** 
  63:Core/Src/syscalls.c **** void _exit (int status)
  64:Core/Src/syscalls.c **** {
 105              		.loc 1 64 1 is_stmt 1 view -0
 106              		.cfi_startproc
 107              		@ Volatile: function does not return.
 108              		@ args = 0, pretend = 0, frame = 0
 109              		@ frame_needed = 0, uses_anonymous_args = 0
 110              		.loc 1 64 1 is_stmt 0 view .LVU14
 111 0000 08B5     		push	{r3, lr}
 112              	.LCFI1:
 113              		.cfi_def_cfa_offset 8
 114              		.cfi_offset 3, -8
ARM GAS  /tmp/ccpWlwa9.s 			page 4


 115              		.cfi_offset 14, -4
  65:Core/Src/syscalls.c ****   _kill(status, -1);
 116              		.loc 1 65 3 is_stmt 1 view .LVU15
 117 0002 4FF0FF31 		mov	r1, #-1
 118 0006 FFF7FEFF 		bl	_kill
 119              	.LVL3:
 120              	.L6:
  66:Core/Src/syscalls.c ****   while (1) {}    /* Make sure we hang here */
 121              		.loc 1 66 3 view .LVU16
 122              		.loc 1 66 14 view .LVU17
 123              		.loc 1 66 9 view .LVU18
 124 000a FEE7     		b	.L6
 125              		.cfi_endproc
 126              	.LFE28:
 128              		.section	.text._read,"ax",%progbits
 129              		.align	1
 130              		.weak	_read
 131              		.syntax unified
 132              		.thumb
 133              		.thumb_func
 135              	_read:
 136              	.LVL4:
 137              	.LFB29:
  67:Core/Src/syscalls.c **** }
  68:Core/Src/syscalls.c **** 
  69:Core/Src/syscalls.c **** __attribute__((weak)) int _read(int file, char *ptr, int len)
  70:Core/Src/syscalls.c **** {
 138              		.loc 1 70 1 view -0
 139              		.cfi_startproc
 140              		@ args = 0, pretend = 0, frame = 0
 141              		@ frame_needed = 0, uses_anonymous_args = 0
 142              		.loc 1 70 1 is_stmt 0 view .LVU20
 143 0000 70B5     		push	{r4, r5, r6, lr}
 144              	.LCFI2:
 145              		.cfi_def_cfa_offset 16
 146              		.cfi_offset 4, -16
 147              		.cfi_offset 5, -12
 148              		.cfi_offset 6, -8
 149              		.cfi_offset 14, -4
 150 0002 0C46     		mov	r4, r1
 151 0004 1646     		mov	r6, r2
  71:Core/Src/syscalls.c ****   (void)file;
 152              		.loc 1 71 3 is_stmt 1 view .LVU21
  72:Core/Src/syscalls.c ****   int DataIdx;
 153              		.loc 1 72 3 view .LVU22
  73:Core/Src/syscalls.c **** 
  74:Core/Src/syscalls.c ****   for (DataIdx = 0; DataIdx < len; DataIdx++)
 154              		.loc 1 74 3 view .LVU23
 155              	.LVL5:
 156              		.loc 1 74 16 is_stmt 0 view .LVU24
 157 0006 0025     		movs	r5, #0
 158              		.loc 1 74 3 view .LVU25
 159 0008 06E0     		b	.L9
 160              	.LVL6:
 161              	.L10:
  75:Core/Src/syscalls.c ****   {
  76:Core/Src/syscalls.c ****     *ptr++ = __io_getchar();
ARM GAS  /tmp/ccpWlwa9.s 			page 5


 162              		.loc 1 76 5 is_stmt 1 view .LVU26
 163              		.loc 1 76 14 is_stmt 0 view .LVU27
 164 000a FFF7FEFF 		bl	__io_getchar
 165              	.LVL7:
 166              		.loc 1 76 9 discriminator 1 view .LVU28
 167 000e 2146     		mov	r1, r4
 168              	.LVL8:
 169              		.loc 1 76 12 discriminator 1 view .LVU29
 170 0010 01F8010B 		strb	r0, [r1], #1
 171              	.LVL9:
  74:Core/Src/syscalls.c ****   {
 172              		.loc 1 74 43 is_stmt 1 discriminator 3 view .LVU30
 173 0014 0135     		adds	r5, r5, #1
 174              	.LVL10:
 175              		.loc 1 76 9 is_stmt 0 discriminator 1 view .LVU31
 176 0016 0C46     		mov	r4, r1
 177              	.LVL11:
 178              	.L9:
  74:Core/Src/syscalls.c ****   {
 179              		.loc 1 74 29 is_stmt 1 discriminator 1 view .LVU32
 180 0018 B542     		cmp	r5, r6
 181 001a F6DB     		blt	.L10
  77:Core/Src/syscalls.c ****   }
  78:Core/Src/syscalls.c **** 
  79:Core/Src/syscalls.c ****   return len;
 182              		.loc 1 79 3 view .LVU33
  80:Core/Src/syscalls.c **** }
 183              		.loc 1 80 1 is_stmt 0 view .LVU34
 184 001c 3046     		mov	r0, r6
 185 001e 70BD     		pop	{r4, r5, r6, pc}
 186              		.loc 1 80 1 view .LVU35
 187              		.cfi_endproc
 188              	.LFE29:
 190              		.section	.text._write,"ax",%progbits
 191              		.align	1
 192              		.weak	_write
 193              		.syntax unified
 194              		.thumb
 195              		.thumb_func
 197              	_write:
 198              	.LVL12:
 199              	.LFB30:
  81:Core/Src/syscalls.c **** 
  82:Core/Src/syscalls.c **** __attribute__((weak)) int _write(int file, char *ptr, int len)
  83:Core/Src/syscalls.c **** {
 200              		.loc 1 83 1 is_stmt 1 view -0
 201              		.cfi_startproc
 202              		@ args = 0, pretend = 0, frame = 0
 203              		@ frame_needed = 0, uses_anonymous_args = 0
 204              		.loc 1 83 1 is_stmt 0 view .LVU37
 205 0000 70B5     		push	{r4, r5, r6, lr}
 206              	.LCFI3:
 207              		.cfi_def_cfa_offset 16
 208              		.cfi_offset 4, -16
 209              		.cfi_offset 5, -12
 210              		.cfi_offset 6, -8
 211              		.cfi_offset 14, -4
ARM GAS  /tmp/ccpWlwa9.s 			page 6


 212 0002 0C46     		mov	r4, r1
 213 0004 1646     		mov	r6, r2
  84:Core/Src/syscalls.c ****   (void)file;
 214              		.loc 1 84 3 is_stmt 1 view .LVU38
  85:Core/Src/syscalls.c ****   int DataIdx;
 215              		.loc 1 85 3 view .LVU39
  86:Core/Src/syscalls.c **** 
  87:Core/Src/syscalls.c ****   for (DataIdx = 0; DataIdx < len; DataIdx++)
 216              		.loc 1 87 3 view .LVU40
 217              	.LVL13:
 218              		.loc 1 87 16 is_stmt 0 view .LVU41
 219 0006 0025     		movs	r5, #0
 220              		.loc 1 87 3 view .LVU42
 221 0008 04E0     		b	.L13
 222              	.LVL14:
 223              	.L14:
  88:Core/Src/syscalls.c ****   {
  89:Core/Src/syscalls.c ****     __io_putchar(*ptr++);
 224              		.loc 1 89 5 is_stmt 1 view .LVU43
 225              		.loc 1 89 5 is_stmt 0 view .LVU44
 226 000a 14F8010B 		ldrb	r0, [r4], #1	@ zero_extendqisi2
 227              	.LVL15:
 228              		.loc 1 89 5 view .LVU45
 229 000e FFF7FEFF 		bl	__io_putchar
 230              	.LVL16:
  87:Core/Src/syscalls.c ****   {
 231              		.loc 1 87 43 is_stmt 1 discriminator 3 view .LVU46
 232 0012 0135     		adds	r5, r5, #1
 233              	.LVL17:
 234              	.L13:
  87:Core/Src/syscalls.c ****   {
 235              		.loc 1 87 29 discriminator 1 view .LVU47
 236 0014 B542     		cmp	r5, r6
 237 0016 F8DB     		blt	.L14
  90:Core/Src/syscalls.c ****   }
  91:Core/Src/syscalls.c ****   return len;
 238              		.loc 1 91 3 view .LVU48
  92:Core/Src/syscalls.c **** }
 239              		.loc 1 92 1 is_stmt 0 view .LVU49
 240 0018 3046     		mov	r0, r6
 241 001a 70BD     		pop	{r4, r5, r6, pc}
 242              		.loc 1 92 1 view .LVU50
 243              		.cfi_endproc
 244              	.LFE30:
 246              		.section	.text._sbrk,"ax",%progbits
 247              		.align	1
 248              		.global	_sbrk
 249              		.syntax unified
 250              		.thumb
 251              		.thumb_func
 253              	_sbrk:
 254              	.LVL18:
 255              	.LFB31:
  93:Core/Src/syscalls.c **** 
  94:Core/Src/syscalls.c **** caddr_t _sbrk(int incr) {
 256              		.loc 1 94 25 is_stmt 1 view -0
 257              		.cfi_startproc
ARM GAS  /tmp/ccpWlwa9.s 			page 7


 258              		@ args = 0, pretend = 0, frame = 0
 259              		@ frame_needed = 0, uses_anonymous_args = 0
 260              		.loc 1 94 25 is_stmt 0 view .LVU52
 261 0000 08B5     		push	{r3, lr}
 262              	.LCFI4:
 263              		.cfi_def_cfa_offset 8
 264              		.cfi_offset 3, -8
 265              		.cfi_offset 14, -4
 266 0002 0346     		mov	r3, r0
  95:Core/Src/syscalls.c ****     extern char __heap_start__ asm("end");  // Defined by the linker.
 267              		.loc 1 95 5 is_stmt 1 view .LVU53
  96:Core/Src/syscalls.c ****     static char *heap_end;
 268              		.loc 1 96 5 view .LVU54
  97:Core/Src/syscalls.c ****     char *prev_heap_end;
 269              		.loc 1 97 5 view .LVU55
  98:Core/Src/syscalls.c **** 
  99:Core/Src/syscalls.c ****     if (heap_end == NULL) heap_end = &__heap_start__;
 270              		.loc 1 99 5 view .LVU56
 271              		.loc 1 99 18 is_stmt 0 view .LVU57
 272 0004 0D4A     		ldr	r2, .L23
 273 0006 1268     		ldr	r2, [r2]
 274              		.loc 1 99 8 view .LVU58
 275 0008 5AB1     		cbz	r2, .L21
 276              	.L17:
 100:Core/Src/syscalls.c **** 
 101:Core/Src/syscalls.c ****     prev_heap_end = heap_end;
 277              		.loc 1 101 5 is_stmt 1 view .LVU59
 278              		.loc 1 101 19 is_stmt 0 view .LVU60
 279 000a 0C4A     		ldr	r2, .L23
 280 000c 1068     		ldr	r0, [r2]
 281              	.LVL19:
 102:Core/Src/syscalls.c **** 
 103:Core/Src/syscalls.c ****     if (heap_end + incr > &_estack - _Min_Stack_Size) {
 282              		.loc 1 103 5 is_stmt 1 view .LVU61
 283              		.loc 1 103 18 is_stmt 0 view .LVU62
 284 000e 0344     		add	r3, r3, r0
 285              	.LVL20:
 286              		.loc 1 103 36 view .LVU63
 287 0010 0B4A     		ldr	r2, .L23+4
 288 0012 1178     		ldrb	r1, [r2]	@ zero_extendqisi2
 289 0014 0B4A     		ldr	r2, .L23+8
 290 0016 521A     		subs	r2, r2, r1
 291              		.loc 1 103 8 view .LVU64
 292 0018 9342     		cmp	r3, r2
 293 001a 06D8     		bhi	.L22
 104:Core/Src/syscalls.c ****     		__asm("BKPT #0\n");
 105:Core/Src/syscalls.c ****         errno = ENOMEM;
 106:Core/Src/syscalls.c ****         return (caddr_t)-1;
 107:Core/Src/syscalls.c **** 
 108:Core/Src/syscalls.c ****     }
 109:Core/Src/syscalls.c **** 
 110:Core/Src/syscalls.c ****     heap_end += incr;
 294              		.loc 1 110 5 is_stmt 1 view .LVU65
 295              		.loc 1 110 14 is_stmt 0 view .LVU66
 296 001c 074A     		ldr	r2, .L23
 297 001e 1360     		str	r3, [r2]
 111:Core/Src/syscalls.c ****     return (caddr_t)prev_heap_end;
ARM GAS  /tmp/ccpWlwa9.s 			page 8


 298              		.loc 1 111 5 is_stmt 1 view .LVU67
 299              	.LVL21:
 300              	.L16:
 112:Core/Src/syscalls.c **** 
 113:Core/Src/syscalls.c **** }
 301              		.loc 1 113 1 is_stmt 0 view .LVU68
 302 0020 08BD     		pop	{r3, pc}
 303              	.LVL22:
 304              	.L21:
  99:Core/Src/syscalls.c **** 
 305              		.loc 1 99 27 is_stmt 1 discriminator 1 view .LVU69
  99:Core/Src/syscalls.c **** 
 306              		.loc 1 99 36 is_stmt 0 discriminator 1 view .LVU70
 307 0022 064A     		ldr	r2, .L23
 308 0024 0849     		ldr	r1, .L23+12
 309 0026 1160     		str	r1, [r2]
 310 0028 EFE7     		b	.L17
 311              	.LVL23:
 312              	.L22:
 104:Core/Src/syscalls.c ****         errno = ENOMEM;
 313              		.loc 1 104 7 is_stmt 1 view .LVU71
 314              		.syntax unified
 315              	@ 104 "Core/Src/syscalls.c" 1
 316 002a 00BE     		BKPT #0
 317              	
 318              	@ 0 "" 2
 105:Core/Src/syscalls.c ****         return (caddr_t)-1;
 319              		.loc 1 105 9 view .LVU72
 320              		.thumb
 321              		.syntax unified
 322 002c FFF7FEFF 		bl	__errno
 323              	.LVL24:
 105:Core/Src/syscalls.c ****         return (caddr_t)-1;
 324              		.loc 1 105 15 is_stmt 0 discriminator 1 view .LVU73
 325 0030 0C23     		movs	r3, #12
 326 0032 0360     		str	r3, [r0]
 106:Core/Src/syscalls.c **** 
 327              		.loc 1 106 9 is_stmt 1 view .LVU74
 106:Core/Src/syscalls.c **** 
 328              		.loc 1 106 16 is_stmt 0 view .LVU75
 329 0034 4FF0FF30 		mov	r0, #-1
 330 0038 F2E7     		b	.L16
 331              	.L24:
 332 003a 00BF     		.align	2
 333              	.L23:
 334 003c 00000000 		.word	heap_end.0
 335 0040 00000000 		.word	_Min_Stack_Size
 336 0044 00000000 		.word	_estack
 337 0048 00000000 		.word	end
 338              		.cfi_endproc
 339              	.LFE31:
 341              		.section	.text._close,"ax",%progbits
 342              		.align	1
 343              		.global	_close
 344              		.syntax unified
 345              		.thumb
 346              		.thumb_func
ARM GAS  /tmp/ccpWlwa9.s 			page 9


 348              	_close:
 349              	.LVL25:
 350              	.LFB32:
 114:Core/Src/syscalls.c **** 
 115:Core/Src/syscalls.c **** int _close(int file)
 116:Core/Src/syscalls.c **** {
 351              		.loc 1 116 1 is_stmt 1 view -0
 352              		.cfi_startproc
 353              		@ args = 0, pretend = 0, frame = 0
 354              		@ frame_needed = 0, uses_anonymous_args = 0
 355              		@ link register save eliminated.
 117:Core/Src/syscalls.c ****   (void)file;
 356              		.loc 1 117 3 view .LVU77
 118:Core/Src/syscalls.c ****   return -1;
 357              		.loc 1 118 3 view .LVU78
 119:Core/Src/syscalls.c **** }
 358              		.loc 1 119 1 is_stmt 0 view .LVU79
 359 0000 4FF0FF30 		mov	r0, #-1
 360              	.LVL26:
 361              		.loc 1 119 1 view .LVU80
 362 0004 7047     		bx	lr
 363              		.cfi_endproc
 364              	.LFE32:
 366              		.section	.text._fstat,"ax",%progbits
 367              		.align	1
 368              		.global	_fstat
 369              		.syntax unified
 370              		.thumb
 371              		.thumb_func
 373              	_fstat:
 374              	.LVL27:
 375              	.LFB33:
 120:Core/Src/syscalls.c **** 
 121:Core/Src/syscalls.c **** 
 122:Core/Src/syscalls.c **** int _fstat(int file, struct stat *st)
 123:Core/Src/syscalls.c **** {
 376              		.loc 1 123 1 is_stmt 1 view -0
 377              		.cfi_startproc
 378              		@ args = 0, pretend = 0, frame = 0
 379              		@ frame_needed = 0, uses_anonymous_args = 0
 380              		@ link register save eliminated.
 124:Core/Src/syscalls.c ****   (void)file;
 381              		.loc 1 124 3 view .LVU82
 125:Core/Src/syscalls.c ****   st->st_mode = S_IFCHR;
 382              		.loc 1 125 3 view .LVU83
 383              		.loc 1 125 15 is_stmt 0 view .LVU84
 384 0000 4FF40053 		mov	r3, #8192
 385 0004 4B60     		str	r3, [r1, #4]
 126:Core/Src/syscalls.c ****   return 0;
 386              		.loc 1 126 3 is_stmt 1 view .LVU85
 127:Core/Src/syscalls.c **** }
 387              		.loc 1 127 1 is_stmt 0 view .LVU86
 388 0006 0020     		movs	r0, #0
 389              	.LVL28:
 390              		.loc 1 127 1 view .LVU87
 391 0008 7047     		bx	lr
 392              		.cfi_endproc
ARM GAS  /tmp/ccpWlwa9.s 			page 10


 393              	.LFE33:
 395              		.section	.text._isatty,"ax",%progbits
 396              		.align	1
 397              		.global	_isatty
 398              		.syntax unified
 399              		.thumb
 400              		.thumb_func
 402              	_isatty:
 403              	.LVL29:
 404              	.LFB34:
 128:Core/Src/syscalls.c **** 
 129:Core/Src/syscalls.c **** int _isatty(int file)
 130:Core/Src/syscalls.c **** {
 405              		.loc 1 130 1 is_stmt 1 view -0
 406              		.cfi_startproc
 407              		@ args = 0, pretend = 0, frame = 0
 408              		@ frame_needed = 0, uses_anonymous_args = 0
 409              		@ link register save eliminated.
 131:Core/Src/syscalls.c ****   (void)file;
 410              		.loc 1 131 3 view .LVU89
 132:Core/Src/syscalls.c ****   return 1;
 411              		.loc 1 132 3 view .LVU90
 133:Core/Src/syscalls.c **** }
 412              		.loc 1 133 1 is_stmt 0 view .LVU91
 413 0000 0120     		movs	r0, #1
 414              	.LVL30:
 415              		.loc 1 133 1 view .LVU92
 416 0002 7047     		bx	lr
 417              		.cfi_endproc
 418              	.LFE34:
 420              		.section	.text._lseek,"ax",%progbits
 421              		.align	1
 422              		.global	_lseek
 423              		.syntax unified
 424              		.thumb
 425              		.thumb_func
 427              	_lseek:
 428              	.LVL31:
 429              	.LFB35:
 134:Core/Src/syscalls.c **** 
 135:Core/Src/syscalls.c **** int _lseek(int file, int ptr, int dir)
 136:Core/Src/syscalls.c **** {
 430              		.loc 1 136 1 is_stmt 1 view -0
 431              		.cfi_startproc
 432              		@ args = 0, pretend = 0, frame = 0
 433              		@ frame_needed = 0, uses_anonymous_args = 0
 434              		@ link register save eliminated.
 137:Core/Src/syscalls.c ****   (void)file;
 435              		.loc 1 137 3 view .LVU94
 138:Core/Src/syscalls.c ****   (void)ptr;
 436              		.loc 1 138 3 view .LVU95
 139:Core/Src/syscalls.c ****   (void)dir;
 437              		.loc 1 139 3 view .LVU96
 140:Core/Src/syscalls.c ****   return 0;
 438              		.loc 1 140 3 view .LVU97
 141:Core/Src/syscalls.c **** }
 439              		.loc 1 141 1 is_stmt 0 view .LVU98
ARM GAS  /tmp/ccpWlwa9.s 			page 11


 440 0000 0020     		movs	r0, #0
 441              	.LVL32:
 442              		.loc 1 141 1 view .LVU99
 443 0002 7047     		bx	lr
 444              		.cfi_endproc
 445              	.LFE35:
 447              		.section	.text._open,"ax",%progbits
 448              		.align	1
 449              		.global	_open
 450              		.syntax unified
 451              		.thumb
 452              		.thumb_func
 454              	_open:
 455              	.LVL33:
 456              	.LFB36:
 142:Core/Src/syscalls.c **** 
 143:Core/Src/syscalls.c **** int _open(char *path, int flags, ...)
 144:Core/Src/syscalls.c **** {
 457              		.loc 1 144 1 is_stmt 1 view -0
 458              		.cfi_startproc
 459              		@ args = 4, pretend = 12, frame = 0
 460              		@ frame_needed = 0, uses_anonymous_args = 1
 461              		@ link register save eliminated.
 462              		.loc 1 144 1 is_stmt 0 view .LVU101
 463 0000 0EB4     		push	{r1, r2, r3}
 464              	.LCFI5:
 465              		.cfi_def_cfa_offset 12
 466              		.cfi_offset 1, -12
 467              		.cfi_offset 2, -8
 468              		.cfi_offset 3, -4
 145:Core/Src/syscalls.c ****   (void)path;
 469              		.loc 1 145 3 is_stmt 1 view .LVU102
 146:Core/Src/syscalls.c ****   (void)flags;
 470              		.loc 1 146 3 view .LVU103
 147:Core/Src/syscalls.c ****   /* Pretend like we always fail */
 148:Core/Src/syscalls.c ****   return -1;
 471              		.loc 1 148 3 view .LVU104
 149:Core/Src/syscalls.c **** }
 472              		.loc 1 149 1 is_stmt 0 view .LVU105
 473 0002 4FF0FF30 		mov	r0, #-1
 474              	.LVL34:
 475              		.loc 1 149 1 view .LVU106
 476 0006 03B0     		add	sp, sp, #12
 477              	.LCFI6:
 478              		.cfi_restore 3
 479              		.cfi_restore 2
 480              		.cfi_restore 1
 481              		.cfi_def_cfa_offset 0
 482 0008 7047     		bx	lr
 483              		.cfi_endproc
 484              	.LFE36:
 486              		.section	.text._wait,"ax",%progbits
 487              		.align	1
 488              		.global	_wait
 489              		.syntax unified
 490              		.thumb
 491              		.thumb_func
ARM GAS  /tmp/ccpWlwa9.s 			page 12


 493              	_wait:
 494              	.LVL35:
 495              	.LFB37:
 150:Core/Src/syscalls.c **** 
 151:Core/Src/syscalls.c **** int _wait(int *status)
 152:Core/Src/syscalls.c **** {
 496              		.loc 1 152 1 is_stmt 1 view -0
 497              		.cfi_startproc
 498              		@ args = 0, pretend = 0, frame = 0
 499              		@ frame_needed = 0, uses_anonymous_args = 0
 500              		.loc 1 152 1 is_stmt 0 view .LVU108
 501 0000 08B5     		push	{r3, lr}
 502              	.LCFI7:
 503              		.cfi_def_cfa_offset 8
 504              		.cfi_offset 3, -8
 505              		.cfi_offset 14, -4
 153:Core/Src/syscalls.c ****   (void)status;
 506              		.loc 1 153 3 is_stmt 1 view .LVU109
 154:Core/Src/syscalls.c ****   errno = ECHILD;
 507              		.loc 1 154 3 view .LVU110
 508 0002 FFF7FEFF 		bl	__errno
 509              	.LVL36:
 510              		.loc 1 154 9 is_stmt 0 discriminator 1 view .LVU111
 511 0006 0A23     		movs	r3, #10
 512 0008 0360     		str	r3, [r0]
 155:Core/Src/syscalls.c ****   return -1;
 513              		.loc 1 155 3 is_stmt 1 view .LVU112
 156:Core/Src/syscalls.c **** }
 514              		.loc 1 156 1 is_stmt 0 view .LVU113
 515 000a 4FF0FF30 		mov	r0, #-1
 516 000e 08BD     		pop	{r3, pc}
 517              		.cfi_endproc
 518              	.LFE37:
 520              		.section	.text._unlink,"ax",%progbits
 521              		.align	1
 522              		.global	_unlink
 523              		.syntax unified
 524              		.thumb
 525              		.thumb_func
 527              	_unlink:
 528              	.LVL37:
 529              	.LFB38:
 157:Core/Src/syscalls.c **** 
 158:Core/Src/syscalls.c **** int _unlink(char *name)
 159:Core/Src/syscalls.c **** {
 530              		.loc 1 159 1 is_stmt 1 view -0
 531              		.cfi_startproc
 532              		@ args = 0, pretend = 0, frame = 0
 533              		@ frame_needed = 0, uses_anonymous_args = 0
 534              		.loc 1 159 1 is_stmt 0 view .LVU115
 535 0000 08B5     		push	{r3, lr}
 536              	.LCFI8:
 537              		.cfi_def_cfa_offset 8
 538              		.cfi_offset 3, -8
 539              		.cfi_offset 14, -4
 160:Core/Src/syscalls.c ****   (void)name;
 540              		.loc 1 160 3 is_stmt 1 view .LVU116
ARM GAS  /tmp/ccpWlwa9.s 			page 13


 161:Core/Src/syscalls.c ****   errno = ENOENT;
 541              		.loc 1 161 3 view .LVU117
 542 0002 FFF7FEFF 		bl	__errno
 543              	.LVL38:
 544              		.loc 1 161 9 is_stmt 0 discriminator 1 view .LVU118
 545 0006 0223     		movs	r3, #2
 546 0008 0360     		str	r3, [r0]
 162:Core/Src/syscalls.c ****   return -1;
 547              		.loc 1 162 3 is_stmt 1 view .LVU119
 163:Core/Src/syscalls.c **** }
 548              		.loc 1 163 1 is_stmt 0 view .LVU120
 549 000a 4FF0FF30 		mov	r0, #-1
 550 000e 08BD     		pop	{r3, pc}
 551              		.cfi_endproc
 552              	.LFE38:
 554              		.section	.text._times,"ax",%progbits
 555              		.align	1
 556              		.global	_times
 557              		.syntax unified
 558              		.thumb
 559              		.thumb_func
 561              	_times:
 562              	.LVL39:
 563              	.LFB39:
 164:Core/Src/syscalls.c **** 
 165:Core/Src/syscalls.c **** int _times(struct tms *buf)
 166:Core/Src/syscalls.c **** {
 564              		.loc 1 166 1 is_stmt 1 view -0
 565              		.cfi_startproc
 566              		@ args = 0, pretend = 0, frame = 0
 567              		@ frame_needed = 0, uses_anonymous_args = 0
 568              		@ link register save eliminated.
 167:Core/Src/syscalls.c ****   (void)buf;
 569              		.loc 1 167 3 view .LVU122
 168:Core/Src/syscalls.c ****   return -1;
 570              		.loc 1 168 3 view .LVU123
 169:Core/Src/syscalls.c **** }
 571              		.loc 1 169 1 is_stmt 0 view .LVU124
 572 0000 4FF0FF30 		mov	r0, #-1
 573              	.LVL40:
 574              		.loc 1 169 1 view .LVU125
 575 0004 7047     		bx	lr
 576              		.cfi_endproc
 577              	.LFE39:
 579              		.section	.text._stat,"ax",%progbits
 580              		.align	1
 581              		.global	_stat
 582              		.syntax unified
 583              		.thumb
 584              		.thumb_func
 586              	_stat:
 587              	.LVL41:
 588              	.LFB40:
 170:Core/Src/syscalls.c **** 
 171:Core/Src/syscalls.c **** int _stat(char *file, struct stat *st)
 172:Core/Src/syscalls.c **** {
 589              		.loc 1 172 1 is_stmt 1 view -0
ARM GAS  /tmp/ccpWlwa9.s 			page 14


 590              		.cfi_startproc
 591              		@ args = 0, pretend = 0, frame = 0
 592              		@ frame_needed = 0, uses_anonymous_args = 0
 593              		@ link register save eliminated.
 173:Core/Src/syscalls.c ****   (void)file;
 594              		.loc 1 173 3 view .LVU127
 174:Core/Src/syscalls.c ****   st->st_mode = S_IFCHR;
 595              		.loc 1 174 3 view .LVU128
 596              		.loc 1 174 15 is_stmt 0 view .LVU129
 597 0000 4FF40053 		mov	r3, #8192
 598 0004 4B60     		str	r3, [r1, #4]
 175:Core/Src/syscalls.c ****   return 0;
 599              		.loc 1 175 3 is_stmt 1 view .LVU130
 176:Core/Src/syscalls.c **** }
 600              		.loc 1 176 1 is_stmt 0 view .LVU131
 601 0006 0020     		movs	r0, #0
 602              	.LVL42:
 603              		.loc 1 176 1 view .LVU132
 604 0008 7047     		bx	lr
 605              		.cfi_endproc
 606              	.LFE40:
 608              		.section	.text._link,"ax",%progbits
 609              		.align	1
 610              		.global	_link
 611              		.syntax unified
 612              		.thumb
 613              		.thumb_func
 615              	_link:
 616              	.LVL43:
 617              	.LFB41:
 177:Core/Src/syscalls.c **** 
 178:Core/Src/syscalls.c **** int _link(char *old, char *new)
 179:Core/Src/syscalls.c **** {
 618              		.loc 1 179 1 is_stmt 1 view -0
 619              		.cfi_startproc
 620              		@ args = 0, pretend = 0, frame = 0
 621              		@ frame_needed = 0, uses_anonymous_args = 0
 622              		.loc 1 179 1 is_stmt 0 view .LVU134
 623 0000 08B5     		push	{r3, lr}
 624              	.LCFI9:
 625              		.cfi_def_cfa_offset 8
 626              		.cfi_offset 3, -8
 627              		.cfi_offset 14, -4
 180:Core/Src/syscalls.c ****   (void)old;
 628              		.loc 1 180 3 is_stmt 1 view .LVU135
 181:Core/Src/syscalls.c ****   (void)new;
 629              		.loc 1 181 3 view .LVU136
 182:Core/Src/syscalls.c ****   errno = EMLINK;
 630              		.loc 1 182 3 view .LVU137
 631 0002 FFF7FEFF 		bl	__errno
 632              	.LVL44:
 633              		.loc 1 182 9 is_stmt 0 discriminator 1 view .LVU138
 634 0006 1F23     		movs	r3, #31
 635 0008 0360     		str	r3, [r0]
 183:Core/Src/syscalls.c ****   return -1;
 636              		.loc 1 183 3 is_stmt 1 view .LVU139
 184:Core/Src/syscalls.c **** }
ARM GAS  /tmp/ccpWlwa9.s 			page 15


 637              		.loc 1 184 1 is_stmt 0 view .LVU140
 638 000a 4FF0FF30 		mov	r0, #-1
 639 000e 08BD     		pop	{r3, pc}
 640              		.cfi_endproc
 641              	.LFE41:
 643              		.section	.text._fork,"ax",%progbits
 644              		.align	1
 645              		.global	_fork
 646              		.syntax unified
 647              		.thumb
 648              		.thumb_func
 650              	_fork:
 651              	.LFB42:
 185:Core/Src/syscalls.c **** 
 186:Core/Src/syscalls.c **** int _fork(void)
 187:Core/Src/syscalls.c **** {
 652              		.loc 1 187 1 is_stmt 1 view -0
 653              		.cfi_startproc
 654              		@ args = 0, pretend = 0, frame = 0
 655              		@ frame_needed = 0, uses_anonymous_args = 0
 656 0000 08B5     		push	{r3, lr}
 657              	.LCFI10:
 658              		.cfi_def_cfa_offset 8
 659              		.cfi_offset 3, -8
 660              		.cfi_offset 14, -4
 188:Core/Src/syscalls.c ****   errno = EAGAIN;
 661              		.loc 1 188 3 view .LVU142
 662 0002 FFF7FEFF 		bl	__errno
 663              	.LVL45:
 664              		.loc 1 188 9 is_stmt 0 discriminator 1 view .LVU143
 665 0006 0B23     		movs	r3, #11
 666 0008 0360     		str	r3, [r0]
 189:Core/Src/syscalls.c ****   return -1;
 667              		.loc 1 189 3 is_stmt 1 view .LVU144
 190:Core/Src/syscalls.c **** }
 668              		.loc 1 190 1 is_stmt 0 view .LVU145
 669 000a 4FF0FF30 		mov	r0, #-1
 670 000e 08BD     		pop	{r3, pc}
 671              		.cfi_endproc
 672              	.LFE42:
 674              		.section	.text._execve,"ax",%progbits
 675              		.align	1
 676              		.global	_execve
 677              		.syntax unified
 678              		.thumb
 679              		.thumb_func
 681              	_execve:
 682              	.LVL46:
 683              	.LFB43:
 191:Core/Src/syscalls.c **** 
 192:Core/Src/syscalls.c **** int _execve(char *name, char **argv, char **env)
 193:Core/Src/syscalls.c **** {
 684              		.loc 1 193 1 is_stmt 1 view -0
 685              		.cfi_startproc
 686              		@ args = 0, pretend = 0, frame = 0
 687              		@ frame_needed = 0, uses_anonymous_args = 0
 688              		.loc 1 193 1 is_stmt 0 view .LVU147
ARM GAS  /tmp/ccpWlwa9.s 			page 16


 689 0000 08B5     		push	{r3, lr}
 690              	.LCFI11:
 691              		.cfi_def_cfa_offset 8
 692              		.cfi_offset 3, -8
 693              		.cfi_offset 14, -4
 194:Core/Src/syscalls.c ****   (void)name;
 694              		.loc 1 194 3 is_stmt 1 view .LVU148
 195:Core/Src/syscalls.c ****   (void)argv;
 695              		.loc 1 195 3 view .LVU149
 196:Core/Src/syscalls.c ****   (void)env;
 696              		.loc 1 196 3 view .LVU150
 197:Core/Src/syscalls.c ****   errno = ENOMEM;
 697              		.loc 1 197 3 view .LVU151
 698 0002 FFF7FEFF 		bl	__errno
 699              	.LVL47:
 700              		.loc 1 197 9 is_stmt 0 discriminator 1 view .LVU152
 701 0006 0C23     		movs	r3, #12
 702 0008 0360     		str	r3, [r0]
 198:Core/Src/syscalls.c ****   return -1;
 703              		.loc 1 198 3 is_stmt 1 view .LVU153
 199:Core/Src/syscalls.c **** }
 704              		.loc 1 199 1 is_stmt 0 view .LVU154
 705 000a 4FF0FF30 		mov	r0, #-1
 706 000e 08BD     		pop	{r3, pc}
 707              		.cfi_endproc
 708              	.LFE43:
 710              		.section	.bss.heap_end.0,"aw",%nobits
 711              		.align	2
 714              	heap_end.0:
 715 0000 00000000 		.space	4
 716              		.global	environ
 717              		.section	.data.environ,"aw"
 718              		.align	2
 721              	environ:
 722 0000 00000000 		.word	__env
 723              		.global	__env
 724              		.section	.bss.__env,"aw",%nobits
 725              		.align	2
 728              	__env:
 729 0000 00000000 		.space	4
 730              		.weak	__io_putchar
 731              		.weak	__io_getchar
 732              		.text
 733              	.Letext0:
 734              		.file 2 "/usr/include/newlib/machine/_default_types.h"
 735              		.file 3 "/usr/include/newlib/sys/_types.h"
 736              		.file 4 "/usr/include/newlib/sys/_timeval.h"
 737              		.file 5 "/usr/include/newlib/sys/_timespec.h"
 738              		.file 6 "/usr/include/newlib/sys/types.h"
 739              		.file 7 "/usr/include/newlib/sys/stat.h"
 740              		.file 8 "/usr/include/newlib/sys/times.h"
 741              		.file 9 "/usr/include/newlib/sys/errno.h"
ARM GAS  /tmp/ccpWlwa9.s 			page 17


DEFINED SYMBOLS
                            *ABS*:00000000 syscalls.c
     /tmp/ccpWlwa9.s:21     .text.initialise_monitor_handles:00000000 $t
     /tmp/ccpWlwa9.s:27     .text.initialise_monitor_handles:00000000 initialise_monitor_handles
     /tmp/ccpWlwa9.s:40     .text._getpid:00000000 $t
     /tmp/ccpWlwa9.s:46     .text._getpid:00000000 _getpid
     /tmp/ccpWlwa9.s:61     .text._kill:00000000 $t
     /tmp/ccpWlwa9.s:67     .text._kill:00000000 _kill
     /tmp/ccpWlwa9.s:96     .text._exit:00000000 $t
     /tmp/ccpWlwa9.s:102    .text._exit:00000000 _exit
     /tmp/ccpWlwa9.s:129    .text._read:00000000 $t
     /tmp/ccpWlwa9.s:135    .text._read:00000000 _read
     /tmp/ccpWlwa9.s:191    .text._write:00000000 $t
     /tmp/ccpWlwa9.s:197    .text._write:00000000 _write
     /tmp/ccpWlwa9.s:247    .text._sbrk:00000000 $t
     /tmp/ccpWlwa9.s:253    .text._sbrk:00000000 _sbrk
     /tmp/ccpWlwa9.s:334    .text._sbrk:0000003c $d
     /tmp/ccpWlwa9.s:714    .bss.heap_end.0:00000000 heap_end.0
     /tmp/ccpWlwa9.s:342    .text._close:00000000 $t
     /tmp/ccpWlwa9.s:348    .text._close:00000000 _close
     /tmp/ccpWlwa9.s:367    .text._fstat:00000000 $t
     /tmp/ccpWlwa9.s:373    .text._fstat:00000000 _fstat
     /tmp/ccpWlwa9.s:396    .text._isatty:00000000 $t
     /tmp/ccpWlwa9.s:402    .text._isatty:00000000 _isatty
     /tmp/ccpWlwa9.s:421    .text._lseek:00000000 $t
     /tmp/ccpWlwa9.s:427    .text._lseek:00000000 _lseek
     /tmp/ccpWlwa9.s:448    .text._open:00000000 $t
     /tmp/ccpWlwa9.s:454    .text._open:00000000 _open
     /tmp/ccpWlwa9.s:487    .text._wait:00000000 $t
     /tmp/ccpWlwa9.s:493    .text._wait:00000000 _wait
     /tmp/ccpWlwa9.s:521    .text._unlink:00000000 $t
     /tmp/ccpWlwa9.s:527    .text._unlink:00000000 _unlink
     /tmp/ccpWlwa9.s:555    .text._times:00000000 $t
     /tmp/ccpWlwa9.s:561    .text._times:00000000 _times
     /tmp/ccpWlwa9.s:580    .text._stat:00000000 $t
     /tmp/ccpWlwa9.s:586    .text._stat:00000000 _stat
     /tmp/ccpWlwa9.s:609    .text._link:00000000 $t
     /tmp/ccpWlwa9.s:615    .text._link:00000000 _link
     /tmp/ccpWlwa9.s:644    .text._fork:00000000 $t
     /tmp/ccpWlwa9.s:650    .text._fork:00000000 _fork
     /tmp/ccpWlwa9.s:675    .text._execve:00000000 $t
     /tmp/ccpWlwa9.s:681    .text._execve:00000000 _execve
     /tmp/ccpWlwa9.s:711    .bss.heap_end.0:00000000 $d
     /tmp/ccpWlwa9.s:721    .data.environ:00000000 environ
     /tmp/ccpWlwa9.s:718    .data.environ:00000000 $d
     /tmp/ccpWlwa9.s:728    .bss.__env:00000000 __env
     /tmp/ccpWlwa9.s:725    .bss.__env:00000000 $d

UNDEFINED SYMBOLS
__errno
__io_getchar
__io_putchar
_Min_Stack_Size
_estack
end
