Archive member included to satisfy reference by file (symbol)

C:/ST/STM32CubeIDE_1.16.0/STM32CubeIDE/plugins/com.st.stm32cube.ide.mcu.externaltools.gnu-tools-for-stm32.12.3.rel1.win32_1.0.200.202406191623/tools/bin/../lib/gcc/arm-none-eabi/12.3.1/../../../../arm-none-eabi/lib/thumb/v7e-m+fp/hard\libc_nano.a(libc_a-exit.o)
                              C:/ST/STM32CubeIDE_1.16.0/STM32CubeIDE/plugins/com.st.stm32cube.ide.mcu.externaltools.gnu-tools-for-stm32.12.3.rel1.win32_1.0.200.202406191623/tools/bin/../lib/gcc/arm-none-eabi/12.3.1/../../../../arm-none-eabi/lib/thumb/v7e-m+fp/hard/crt0.o (exit)
C:/ST/STM32CubeIDE_1.16.0/STM32CubeIDE/plugins/com.st.stm32cube.ide.mcu.externaltools.gnu-tools-for-stm32.12.3.rel1.win32_1.0.200.202406191623/tools/bin/../lib/gcc/arm-none-eabi/12.3.1/../../../../arm-none-eabi/lib/thumb/v7e-m+fp/hard\libc_nano.a(libc_a-nano-vfprintf_float.o)
                              (_printf_float)
C:/ST/STM32CubeIDE_1.16.0/STM32CubeIDE/plugins/com.st.stm32cube.ide.mcu.externaltools.gnu-tools-for-stm32.12.3.rel1.win32_1.0.200.202406191623/tools/bin/../lib/gcc/arm-none-eabi/12.3.1/../../../../arm-none-eabi/lib/thumb/v7e-m+fp/hard\libc_nano.a(libc_a-nano-vfprintf_i.o)
                              C:/ST/STM32CubeIDE_1.16.0/STM32CubeIDE/plugins/com.st.stm32cube.ide.mcu.externaltools.gnu-tools-for-stm32.12.3.rel1.win32_1.0.200.202406191623/tools/bin/../lib/gcc/arm-none-eabi/12.3.1/../../../../arm-none-eabi/lib/thumb/v7e-m+fp/hard\libc_nano.a(libc_a-nano-vfprintf_float.o) (_printf_common)
C:/ST/STM32CubeIDE_1.16.0/STM32CubeIDE/plugins/com.st.stm32cube.ide.mcu.externaltools.gnu-tools-for-stm32.12.3.rel1.win32_1.0.200.202406191623/tools/bin/../lib/gcc/arm-none-eabi/12.3.1/../../../../arm-none-eabi/lib/thumb/v7e-m+fp/hard\libc_nano.a(libc_a-findfp.o)
                              C:/ST/STM32CubeIDE_1.16.0/STM32CubeIDE/plugins/com.st.stm32cube.ide.mcu.externaltools.gnu-tools-for-stm32.12.3.rel1.win32_1.0.200.202406191623/tools/bin/../lib/gcc/arm-none-eabi/12.3.1/../../../../arm-none-eabi/lib/thumb/v7e-m+fp/hard\libc_nano.a(libc_a-exit.o) (__stdio_exit_handler)
C:/ST/STM32CubeIDE_1.16.0/STM32CubeIDE/plugins/com.st.stm32cube.ide.mcu.externaltools.gnu-tools-for-stm32.12.3.rel1.win32_1.0.200.202406191623/tools/bin/../lib/gcc/arm-none-eabi/12.3.1/../../../../arm-none-eabi/lib/thumb/v7e-m+fp/hard\libc_nano.a(libc_a-fwalk.o)
                              C:/ST/STM32CubeIDE_1.16.0/STM32CubeIDE/plugins/com.st.stm32cube.ide.mcu.externaltools.gnu-tools-for-stm32.12.3.rel1.win32_1.0.200.202406191623/tools/bin/../lib/gcc/arm-none-eabi/12.3.1/../../../../arm-none-eabi/lib/thumb/v7e-m+fp/hard\libc_nano.a(libc_a-findfp.o) (_fwalk_sglue)
C:/ST/STM32CubeIDE_1.16.0/STM32CubeIDE/plugins/com.st.stm32cube.ide.mcu.externaltools.gnu-tools-for-stm32.12.3.rel1.win32_1.0.200.202406191623/tools/bin/../lib/gcc/arm-none-eabi/12.3.1/../../../../arm-none-eabi/lib/thumb/v7e-m+fp/hard\libc_nano.a(libc_a-snprintf.o)
                              ./Soniclib/invn/soniclib/ch_log.o (snprintf)
C:/ST/STM32CubeIDE_1.16.0/STM32CubeIDE/plugins/com.st.stm32cube.ide.mcu.externaltools.gnu-tools-for-stm32.12.3.rel1.win32_1.0.200.202406191623/tools/bin/../lib/gcc/arm-none-eabi/12.3.1/../../../../arm-none-eabi/lib/thumb/v7e-m+fp/hard\libc_nano.a(libc_a-sprintf.o)
                              ./Common/Src/obstacle_detection.o (sprintf)
C:/ST/STM32CubeIDE_1.16.0/STM32CubeIDE/plugins/com.st.stm32cube.ide.mcu.externaltools.gnu-tools-for-stm32.12.3.rel1.win32_1.0.200.202406191623/tools/bin/../lib/gcc/arm-none-eabi/12.3.1/../../../../arm-none-eabi/lib/thumb/v7e-m+fp/hard\libc_nano.a(libc_a-stdio.o)
                              C:/ST/STM32CubeIDE_1.16.0/STM32CubeIDE/plugins/com.st.stm32cube.ide.mcu.externaltools.gnu-tools-for-stm32.12.3.rel1.win32_1.0.200.202406191623/tools/bin/../lib/gcc/arm-none-eabi/12.3.1/../../../../arm-none-eabi/lib/thumb/v7e-m+fp/hard\libc_nano.a(libc_a-findfp.o) (__sread)
C:/ST/STM32CubeIDE_1.16.0/STM32CubeIDE/plugins/com.st.stm32cube.ide.mcu.externaltools.gnu-tools-for-stm32.12.3.rel1.win32_1.0.200.202406191623/tools/bin/../lib/gcc/arm-none-eabi/12.3.1/../../../../arm-none-eabi/lib/thumb/v7e-m+fp/hard\libc_nano.a(libc_a-vsnprintf.o)
                              ./Soniclib/invn/soniclib/ch_log.o (vsnprintf)
C:/ST/STM32CubeIDE_1.16.0/STM32CubeIDE/plugins/com.st.stm32cube.ide.mcu.externaltools.gnu-tools-for-stm32.12.3.rel1.win32_1.0.200.202406191623/tools/bin/../lib/gcc/arm-none-eabi/12.3.1/../../../../arm-none-eabi/lib/thumb/v7e-m+fp/hard\libc_nano.a(libc_a-memset.o)
                              C:/ST/STM32CubeIDE_1.16.0/STM32CubeIDE/plugins/com.st.stm32cube.ide.mcu.externaltools.gnu-tools-for-stm32.12.3.rel1.win32_1.0.200.202406191623/tools/bin/../lib/gcc/arm-none-eabi/12.3.1/../../../../arm-none-eabi/lib/thumb/v7e-m+fp/hard/crt0.o (memset)
[...]
Memory Configuration

Name             Origin             Length             Attributes
CCMRAM           0x10000000         0x00004000         xrw
RAM              0x20000000         0x00010000         xrw
FLASH            0x08000000         0x00080000         xr
*default*        0x00000000         0xffffffff

Linker script and memory map

LOAD C:/ST/STM32CubeIDE_1.16.0/STM32CubeIDE/plugins/com.st.stm32cube.ide.mcu.externaltools.gnu-tools-for-stm32.12.3.rel1.win32_1.0.200.202406191623/tools/bin/../lib/gcc/arm-none-eabi/12.3.1/thumb/v7e-m+fp/hard/crti.o
LOAD C:/ST/STM32CubeIDE_1.16.0/STM32CubeIDE/plugins/com.st.stm32cube.ide.mcu.externaltools.gnu-tools-for-stm32.12.3.rel1.win32_1.0.200.202406191623/tools/bin/../lib/gcc/arm-none-eabi/12.3.1/thumb/v7e-m+fp/hard/crtbegin.o
LOAD C:/ST/STM32CubeIDE_1.16.0/STM32CubeIDE/plugins/com.st.stm32cube.ide.mcu.externaltools.gnu-tools-for-stm32.12.3.rel1.win32_1.0.200.202406191623/tools/bin/../lib/gcc/arm-none-eabi/12.3.1/../../../../arm-none-eabi/lib/thumb/v7e-m+fp/hard/crt0.o
LOAD ./Common/Src/measurement_config.o
LOAD ./Common/Src/obstacle_detection.o
LOAD ./Common/Src/sensor.o
LOAD ./Core/Src/GPIO.o
LOAD ./Core/Src/main.o
LOAD ./Core/Src/spi.o
LOAD ./Core/Src/stm32f3xx_hal_msp.o
LOAD ./Core/Src/stm32f3xx_it.o
LOAD ./Core/Src/syscalls.o
LOAD ./Core/Src/sysmem.o
LOAD ./Core/Src/system_clock.o
LOAD ./Core/Src/system_stm32f3xx.o
LOAD ./Core/Src/tim.o
LOAD ./Core/Src/uart.o
LOAD ./Core/Startup/startup_stm32f303retx.o
LOAD ./Drivers/STM32F3xx_HAL_Driver/Src/stm32f3xx_hal.o
LOAD ./Drivers/STM32F3xx_HAL_Driver/Src/stm32f3xx_hal_cortex.o
LOAD ./Drivers/STM32F3xx_HAL_Driver/Src/stm32f3xx_hal_dma.o
LOAD ./Drivers/STM32F3xx_HAL_Driver/Src/stm32f3xx_hal_exti.o
LOAD ./Drivers/STM32F3xx_HAL_Driver/Src/stm32f3xx_hal_flash.o
LOAD ./Drivers/STM32F3xx_HAL_Driver/Src/stm32f3xx_hal_flash_ex.o
LOAD ./Drivers/STM32F3xx_HAL_Driver/Src/stm32f3xx_hal_gpio.o
LOAD ./Drivers/STM32F3xx_HAL_Driver/Src/stm32f3xx_hal_i2c.o
LOAD ./Drivers/STM32F3xx_HAL_Driver/Src/stm32f3xx_hal_i2c_ex.o
LOAD ./Drivers/STM32F3xx_HAL_Driver/Src/stm32f3xx_hal_pwr.o
LOAD ./Drivers/STM32F3xx_HAL_Driver/Src/stm32f3xx_hal_pwr_ex.o
LOAD ./Drivers/STM32F3xx_HAL_Driver/Src/stm32f3xx_hal_rcc.o
LOAD ./Drivers/STM32F3xx_HAL_Driver/Src/stm32f3xx_hal_rcc_ex.o
LOAD ./Drivers/STM32F3xx_HAL_Driver/Src/stm32f3xx_hal_spi.o
LOAD ./Drivers/STM32F3xx_HAL_Driver/Src/stm32f3xx_hal_spi_ex.o
LOAD ./Drivers/STM32F3xx_HAL_Driver/Src/stm32f3xx_hal_tim.o
LOAD ./Drivers/STM32F3xx_HAL_Driver/Src/stm32f3xx_hal_tim_ex.o
LOAD ./Drivers/STM32F3xx_HAL_Driver/Src/stm32f3xx_hal_uart.o
LOAD ./Drivers/STM32F3xx_HAL_Driver/Src/stm32f3xx_hal_uart_ex.o
LOAD ./Soniclib/invn/soniclib/ch_api.o
LOAD ./Soniclib/invn/soniclib/ch_common.o
LOAD ./Soniclib/invn/soniclib/ch_driver.o
LOAD ./Soniclib/invn/soniclib/ch_log.o
LOAD ./Soniclib/invn/soniclib/ch_math_utils.o
LOAD ./Soniclib/invn/soniclib/ch_rangefinder.o
LOAD ./Soniclib/invn/soniclib/extra/ch_extra_display_utils.o
LOAD ./Soniclib/invn/soniclib/sensor_fw/icu_gpt/_icu_gpt_plugin_version.o
LOAD ./Soniclib/invn/soniclib/sensor_fw/icu_gpt/icu_gpt.o
LOAD ./Soniclib/invn/soniclib/sensor_fw/icu_gpt/icu_gpt_fw.o
LOAD ./Soniclib/invn/soniclib/sensor_fw/icu_init/_icu_init_plugin_version.o
LOAD ./Soniclib/invn/soniclib/sensor_fw/icu_init/icu_init.o
LOAD ./Soniclib/invn/soniclib/sensor_fw/icu_init/icu_init_fw.o
LOAD ./Soniclib/invn/soniclib/sensor_fw/icu_init-no-txopt/_icu_init-no-txopt_plugin_version.o
LOAD ./Soniclib/invn/soniclib/sensor_fw/icu_init-no-txopt/icu_init-no-txopt.o
LOAD ./Soniclib/invn/soniclib/sensor_fw/icu_init-no-txopt/icu_init-no-txopt_fw.o
LOAD ./bsp/chirp_stm32.o
START GROUP
LOAD C:/ST/STM32CubeIDE_1.16.0/STM32CubeIDE/plugins/com.st.stm32cube.ide.mcu.externaltools.gnu-tools-for-stm32.12.3.rel1.win32_1.0.200.202406191623/tools/bin/../lib/gcc/arm-none-eabi/12.3.1/../../../../arm-none-eabi/lib/thumb/v7e-m+fp/hard\libc_nano.a
LOAD C:/ST/STM32CubeIDE_1.16.0/STM32CubeIDE/plugins/com.st.stm32cube.ide.mcu.externaltools.gnu-tools-for-stm32.12.3.rel1.win32_1.0.200.202406191623/tools/bin/../lib/gcc/arm-none-eabi/12.3.1/../../../../arm-none-eabi/lib/thumb/v7e-m+fp/hard\libm.a
END GROUP
START GROUP
LOAD C:/ST/STM32CubeIDE_1.16.0/STM32CubeIDE/plugins/com.st.stm32cube.ide.mcu.externaltools.gnu-tools-for-stm32.12.3.rel1.win32_1.0.200.202406191623/tools/bin/../lib/gcc/arm-none-eabi/12.3.1/thumb/v7e-m+fp/hard\libgcc.a
LOAD C:/ST/STM32CubeIDE_1.16.0/STM32CubeIDE/plugins/com.st.stm32cube.ide.mcu.externaltools.gnu-tools-for-stm32.12.3.rel1.win32_1.0.200.202406191623/tools/bin/../lib/gcc/arm-none-eabi/12.3.1/../../../../arm-none-eabi/lib/thumb/v7e-m+fp/hard\libc_nano.a
END GROUP
START GROUP
LOAD C:/ST/STM32CubeIDE_1.16.0/STM32CubeIDE/plugins/com.st.stm32cube.ide.mcu.externaltools.gnu-tools-for-stm32.12.3.rel1.win32_1.0.200.202406191623/tools/bin/../lib/gcc/arm-none-eabi/12.3.1/thumb/v7e-m+fp/hard\libgcc.a
LOAD C:/ST/STM32CubeIDE_1.16.0/STM32CubeIDE/plugins/com.st.stm32cube.ide.mcu.externaltools.gnu-tools-for-stm32.12.3.rel1.win32_1.0.200.202406191623/tools/bin/../lib/gcc/arm-none-eabi/12.3.1/../../../../arm-none-eabi/lib/thumb/v7e-m+fp/hard\libc_nano.a
LOAD C:/ST/STM32CubeIDE_1.16.0/STM32CubeIDE/plugins/com.st.stm32cube.ide.mcu.externaltools.gnu-tools-for-stm32.12.3.rel1.win32_1.0.200.202406191623/tools/bin/../lib/gcc/arm-none-eabi/12.3.1/../../../../arm-none-eabi/lib/thumb/v7e-m+fp/hard\libnosys.a
END GROUP
START GROUP
LOAD C:/ST/STM32CubeIDE_1.16.0/STM32CubeIDE/plugins/com.st.stm32cube.ide.mcu.externaltools.gnu-tools-for-stm32.12.3.rel1.win32_1.0.200.202406191623/tools/bin/../lib/gcc/arm-none-eabi/12.3.1/thumb/v7e-m+fp/hard\libgcc.a
LOAD C:/ST/STM32CubeIDE_1.16.0/STM32CubeIDE/plugins/com.st.stm32cube.ide.mcu.externaltools.gnu-tools-for-stm32.12.3.rel1.win32_1.0.200.202406191623/tools/bin/../lib/gcc/arm-none-eabi/12.3.1/../../../../arm-none-eabi/lib/thumb/v7e-m+fp/hard\libc_nano.a
LOAD C:/ST/STM32CubeIDE_1.16.0/STM32CubeIDE/plugins/com.st.stm32cube.ide.mcu.externaltools.gnu-tools-for-stm32.12.3.rel1.win32_1.0.200.202406191623/tools/bin/../lib/gcc/arm-none-eabi/12.3.1/../../../../arm-none-eabi/lib/thumb/v7e-m+fp/hard\libnosys.a
END GROUP
LOAD C:/ST/STM32CubeIDE_1.16.0/STM32CubeIDE/plugins/com.st.stm32cube.ide.mcu.externaltools.gnu-tools-for-stm32.12.3.rel1.win32_1.0.200.202406191623/tools/bin/../lib/gcc/arm-none-eabi/12.3.1/thumb/v7e-m+fp/hard/crtend.o
LOAD C:/ST/STM32CubeIDE_1.16.0/STM32CubeIDE/plugins/com.st.stm32cube.ide.mcu.externaltools.gnu-tools-for-stm32.12.3.rel1.win32_1.0.200.202406191623/tools/bin/../lib/gcc/arm-none-eabi/12.3.1/thumb/v7e-m+fp/hard/crtn.o
                0x20010000                        _estack = (ORIGIN (RAM) + LENGTH (RAM))
                0x00000200                        _Min_Heap_Size = 0x200
                0x00000400                        _Min_Stack_Size = 0x400

.isr_vector     0x08000000      0x194
                0x08000000                        . = ALIGN (0x4)
 *(.isr_vector)
 .isr_vector    0x08000000      0x194 ./Core/Startup/startup_stm32f303retx.o
                0x08000000                g_pfnVectors
                0x08000194                        . = ALIGN (0x4)

.text           0x080001a0     0xd824
                0x080001a0                        . = ALIGN (0x4)
 *(.text)
 .text          0x080001a0       0x40 C:/ST/STM32CubeIDE_1.16.0/STM32CubeIDE/plugins/com.st.stm32cube.ide.mcu.externaltools.gnu-tools-for-stm32.12.3.rel1.win32_1.0.200.202406191623/tools/bin/../lib/gcc/arm-none-eabi/12.3.1/thumb/v7e-m+fp/hard/crtbegin.o
 .text          0x080001e0       0xa0 C:/ST/STM32CubeIDE_1.16.0/STM32CubeIDE/plugins/com.st.stm32cube.ide.mcu.externaltools.gnu-tools-for-stm32.12.3.rel1.win32_1.0.200.202406191623/tools/bin/../lib/gcc/arm-none-eabi/12.3.1/../../../../arm-none-eabi/lib/thumb/v7e-m+fp/hard\libc_nano.a(libc_a-memchr.o)
                0x080001e0                memchr
 .text          0x08000280       0x10 C:/ST/STM32CubeIDE_1.16.0/STM32CubeIDE/plugins/com.st.stm32cube.ide.mcu.externaltools.gnu-tools-for-stm32.12.3.rel1.win32_1.0.200.202406191623/tools/bin/../lib/gcc/arm-none-eabi/12.3.1/../../../../arm-none-eabi/lib/thumb/v7e-m+fp/hard\libc_nano.a(libc_a-strlen.o)
                0x08000280                strlen
 .text          0x08000290      0x378 C:/ST/STM32CubeIDE_1.16.0/STM32CubeIDE/plugins/com.st.stm32cube.ide.mcu.externaltools.gnu-tools-for-stm32.12.3.rel1.win32_1.0.200.202406191623/tools/bin/../lib/gcc/arm-none-eabi/12.3.1/thumb/v7e-m+fp/hard\libgcc.a(_arm_addsubdf3.o)
                0x08000290                __aeabi_drsub
                0x08000298                __aeabi_dsub
                0x08000298                __subdf3
                0x0800029c                __aeabi_dadd
                0x0800029c                __adddf3
                0x08000514                __floatunsidf
                0x08000514                __aeabi_ui2d
                0x08000534                __floatsidf
                0x08000534                __aeabi_i2d
                0x08000558                __aeabi_f2d
                0x08000558                __extendsfdf2
                0x0800059c                __floatundidf
                0x0800059c                __aeabi_ul2d
                0x080005ac                __floatdidf
                0x080005ac                __aeabi_l2d
 .text          0x08000608      0x424 C:/ST/STM32CubeIDE_1.16.0/STM32CubeIDE/plugins/com.st.stm32cube.ide.mcu.externaltools.gnu-tools-for-stm32.12.3.rel1.win32_1.0.200.202406191623/tools/bin/../lib/gcc/arm-none-eabi/12.3.1/thumb/v7e-m+fp/hard\libgcc.a(_arm_muldivdf3.o)
                0x08000608                __aeabi_dmul
                0x08000608                __muldf3
                0x0800085c                __divdf3
                0x0800085c                __aeabi_ddiv
 .text          0x08000a2c      0x110 C:/ST/STM32CubeIDE_1.16.0/STM32CubeIDE/plugins/com.st.stm32cube.ide.mcu.externaltools.gnu-tools-for-stm32.12.3.rel1.win32_1.0.200.202406191623/tools/bin/../lib/gcc/arm-none-eabi/12.3.1/thumb/v7e-m+fp/hard\libgcc.a(_arm_cmpdf2.o)
                0x08000a2c                __gtdf2
                0x08000a2c                __gedf2
                0x08000a34                __ltdf2
                0x08000a34                __ledf2
                0x08000a3c                __nedf2
                0x08000a3c                __eqdf2
                0x08000a3c                __cmpdf2
                0x08000ab8                __aeabi_cdrcmple
                0x08000ac8                __aeabi_cdcmpeq
                0x08000ac8                __aeabi_cdcmple
                0x08000ad8                __aeabi_dcmpeq
                0x08000aec                __aeabi_dcmplt
                0x08000b00                __aeabi_dcmple
                0x08000b14                __aeabi_dcmpge
                0x08000b28                __aeabi_dcmpgt
 .text          0x08000b3c       0x2c C:/ST/STM32CubeIDE_1.16.0/STM32CubeIDE/plugins/com.st.stm32cube.ide.mcu.externaltools.gnu-tools-for-stm32.12.3.rel1.win32_1.0.200.202406191623/tools/bin/../lib/gcc/arm-none-eabi/12.3.1/thumb/v7e-m+fp/hard\libgcc.a(_arm_unorddf2.o)
                0x08000b3c                __unorddf2
                0x08000b3c                __aeabi_dcmpun
 .text          0x08000b68       0x50 C:/ST/STM32CubeIDE_1.16.0/STM32CubeIDE/plugins/com.st.stm32cube.ide.mcu.externaltools.gnu-tools-for-stm32.12.3.rel1.win32_1.0.200.202406191623/tools/bin/../lib/gcc/arm-none-eabi/12.3.1/thumb/v7e-m+fp/hard\libgcc.a(_arm_fixdfsi.o)
                0x08000b68                __aeabi_d2iz
                0x08000b68                __fixdfsi
 .text          0x08000bb8       0x40 C:/ST/STM32CubeIDE_1.16.0/STM32CubeIDE/plugins/com.st.stm32cube.ide.mcu.externaltools.gnu-tools-for-stm32.12.3.rel1.win32_1.0.200.202406191623/tools/bin/../lib/gcc/arm-none-eabi/12.3.1/thumb/v7e-m+fp/hard\libgcc.a(_arm_fixunsdfsi.o)
                0x08000bb8                __aeabi_d2uiz
                0x08000bb8                __fixunsdfsi
 .text          0x08000bf8       0x30 C:/ST/STM32CubeIDE_1.16.0/STM32CubeIDE/plugins/com.st.stm32cube.ide.mcu.externaltools.gnu-tools-for-stm32.12.3.rel1.win32_1.0.200.202406191623/tools/bin/../lib/gcc/arm-none-eabi/12.3.1/thumb/v7e-m+fp/hard\libgcc.a(_aeabi_uldivmod.o)
                0x08000bf8                __aeabi_uldivmod
 .text          0x08000c28      0x2bc C:/ST/STM32CubeIDE_1.16.0/STM32CubeIDE/plugins/com.st.stm32cube.ide.mcu.externaltools.gnu-tools-for-stm32.12.3.rel1.win32_1.0.200.202406191623/tools/bin/../lib/gcc/arm-none-eabi/12.3.1/thumb/v7e-m+fp/hard\libgcc.a(_udivmoddi4.o)
                0x08000c28                __udivmoddi4
 .text          0x08000ee4        0x4 C:/ST/STM32CubeIDE_1.16.0/STM32CubeIDE/plugins/com.st.stm32cube.ide.mcu.externaltools.gnu-tools-for-stm32.12.3.rel1.win32_1.0.200.202406191623/tools/bin/../lib/gcc/arm-none-eabi/12.3.1/thumb/v7e-m+fp/hard\libgcc.a(_dvmd_tls.o)
                0x08000ee4                __aeabi_idiv0
                0x08000ee4                __aeabi_ldiv0
 *(.text*)
 .text.sensor_group_init
                0x08000ee8      0x1c8 ./Common/Src/sensor.o
                0x08000ee8                sensor_group_init
 .text.sensor_init
                0x080010b0      0x5f0 ./Common/Src/sensor.o
                0x080010b0                sensor_init
 .text.HAL_GPIO_EXTI_Callback
                0x080016a0       0x60 ./Common/Src/sensor.o
                0x080016a0                HAL_GPIO_EXTI_Callback
 .text.io_int_callback
                0x08001700       0x4c ./Common/Src/sensor.o
                0x08001700                io_int_callback
 .text.MX_GPIO_Init
                0x0800174c      0x180 ./Core/Src/GPIO.o
                0x0800174c                MX_GPIO_Init
 .text.main     0x080018cc      0x284 ./Core/Src/main.o
                0x080018cc                main
 .text.reset_interrupt
                0x08001b50       0x34 ./Core/Src/main.o
                0x08001b50                reset_interrupt
 .text.Error_Handler
                0x08001b84        0xc ./Core/Src/main.o
                0x08001b84                Error_Handler
 .text.MX_SPI2_Init
                0x08001b90       0x7c ./Core/Src/spi.o
                0x08001b90                MX_SPI2_Init
 .text.HAL_MspInit
                0x08001c0c       0x48 ./Core/Src/stm32f3xx_hal_msp.o
                0x08001c0c                HAL_MspInit
 .text.HAL_SPI_MspInit
                0x08001c54       0x88 ./Core/Src/stm32f3xx_hal_msp.o
                0x08001c54                HAL_SPI_MspInit
 .text.HAL_UART_MspInit
                0x08001cdc       0x84 ./Core/Src/stm32f3xx_hal_msp.o
                0x08001cdc                HAL_UART_MspInit
 .text.EXTI15_10_IRQHandler
                0x08001d60       0x10 ./Core/Src/stm32f3xx_it.o
                0x08001d60                EXTI15_10_IRQHandler
 .text.EXTI9_5_IRQHandler
                0x08001d70        0xe ./Core/Src/stm32f3xx_it.o
                0x08001d70                EXTI9_5_IRQHandler
 .text.NMI_Handler
                0x08001d7e        0x8 ./Core/Src/stm32f3xx_it.o
                0x08001d7e                NMI_Handler
 .text.HardFault_Handler
                0x08001d86        0x8 ./Core/Src/stm32f3xx_it.o
                0x08001d86                HardFault_Handler
 .text.MemManage_Handler
                0x08001d8e        0x8 ./Core/Src/stm32f3xx_it.o
                0x08001d8e                MemManage_Handler
 .text.BusFault_Handler
                0x08001d96        0x8 ./Core/Src/stm32f3xx_it.o
                0x08001d96                BusFault_Handler
 .text.UsageFault_Handler
                0x08001d9e        0x8 ./Core/Src/stm32f3xx_it.o
                0x08001d9e                UsageFault_Handler
 .text.SVC_Handler
                0x08001da6        0xe ./Core/Src/stm32f3xx_it.o
                0x08001da6                SVC_Handler
 .text.DebugMon_Handler
                0x08001db4        0xe ./Core/Src/stm32f3xx_it.o
                0x08001db4                DebugMon_Handler
 .text.PendSV_Handler
                0x08001dc2        0xe ./Core/Src/stm32f3xx_it.o
                0x08001dc2                PendSV_Handler
 .text.SysTick_Handler
                0x08001dd0        0xc ./Core/Src/stm32f3xx_it.o
                0x08001dd0                SysTick_Handler
 .text._getpid  0x08001ddc       0x10 ./Core/Src/syscalls.o
                0x08001ddc                _getpid
 .text._kill    0x08001dec       0x20 ./Core/Src/syscalls.o
                0x08001dec                _kill
 .text._exit    0x08001e0c       0x16 ./Core/Src/syscalls.o
                0x08001e0c                _exit
 .text._read    0x08001e22       0x3a ./Core/Src/syscalls.o
                0x08001e22                _read
 .text._write   0x08001e5c       0x38 ./Core/Src/syscalls.o
                0x08001e5c                _write
 .text._close   0x08001e94       0x18 ./Core/Src/syscalls.o
                0x08001e94                _close
 .text._fstat   0x08001eac       0x20 ./Core/Src/syscalls.o
                0x08001eac                _fstat
 .text._isatty  0x08001ecc       0x16 ./Core/Src/syscalls.o
                0x08001ecc                _isatty
 .text._lseek   0x08001ee2       0x1a ./Core/Src/syscalls.o
                0x08001ee2                _lseek
 .text._sbrk    0x08001efc       0x6c ./Core/Src/sysmem.o
                0x08001efc                _sbrk
 .text.SystemClock_Config
                0x08001f68       0xbc ./Core/Src/system_clock.o
                0x08001f68                SystemClock_Config
 .text.SystemInit
                0x08002024       0x24 ./Core/Src/system_stm32f3xx.o
                0x08002024                SystemInit
 .text.MX_USART2_UART_Init
                0x08002048       0x60 ./Core/Src/uart.o
                0x08002048                MX_USART2_UART_Init
 .text.uart_print
                0x080020a8       0x28 ./Core/Src/uart.o
                0x080020a8                uart_print
 .text.Reset_Handler
                0x080020d0       0x50 ./Core/Startup/startup_stm32f303retx.o
                0x080020d0                Reset_Handler
 .text.Default_Handler
                0x08002120        0x2 ./Core/Startup/startup_stm32f303retx.o
                0x08002120                RTC_Alarm_IRQHandler
                0x08002120                TIM8_TRG_COM_IRQHandler
                0x08002120                TIM8_CC_IRQHandler
                0x08002120                SPI4_IRQHandler
                0x08002120                TIM1_CC_IRQHandler
                0x08002120                USB_HP_IRQHandler
                0x08002120                PVD_IRQHandler
                0x08002120                TAMP_STAMP_IRQHandler
                0x08002120                EXTI3_IRQHandler
                0x08002120                I2C3_ER_IRQHandler
                0x08002120                USB_HP_CAN_TX_IRQHandler
                0x08002120                EXTI0_IRQHandler
                0x08002120                I2C2_EV_IRQHandler
                0x08002120                FPU_IRQHandler
                0x08002120                TIM1_UP_TIM16_IRQHandler
                0x08002120                ADC1_2_IRQHandler
                0x08002120                SPI1_IRQHandler
                0x08002120                CAN_SCE_IRQHandler
                0x08002120                TIM6_DAC_IRQHandler
                0x08002120                TIM8_UP_IRQHandler
                0x08002120                DMA2_Channel2_IRQHandler
                0x08002120                DMA1_Channel4_IRQHandler
                0x08002120                TIM20_TRG_COM_IRQHandler
                0x08002120                USART3_IRQHandler
                0x08002120                DMA1_Channel7_IRQHandler
                0x08002120                UART5_IRQHandler
                0x08002120                ADC3_IRQHandler
                0x08002120                TIM4_IRQHandler
                0x08002120                CAN_RX1_IRQHandler
                0x08002120                DMA2_Channel1_IRQHandler
                0x08002120                I2C1_EV_IRQHandler
                0x08002120                DMA1_Channel6_IRQHandler
                0x08002120                UART4_IRQHandler
                0x08002120                DMA2_Channel4_IRQHandler
                0x08002120                TIM3_IRQHandler
                0x08002120                RCC_IRQHandler
                0x08002120                TIM20_UP_IRQHandler
                0x08002120                DMA1_Channel1_IRQHandler
                0x08002120                Default_Handler
                0x08002120                USBWakeUp_RMP_IRQHandler
                0x08002120                TIM7_IRQHandler
                0x08002120                I2C3_EV_IRQHandler
                0x08002120                RTC_WKUP_IRQHandler
                0x08002120                SPI2_IRQHandler
                0x08002120                USB_LP_CAN_RX0_IRQHandler
                0x08002120                DMA2_Channel5_IRQHandler
                0x08002120                DMA1_Channel5_IRQHandler
                0x08002120                USB_LP_IRQHandler
                0x08002120                EXTI4_IRQHandler
                0x08002120                TIM1_TRG_COM_TIM17_IRQHandler
                0x08002120                DMA1_Channel3_IRQHandler
                0x08002120                ADC4_IRQHandler
                0x08002120                WWDG_IRQHandler
                0x08002120                TIM2_IRQHandler
                0x08002120                COMP7_IRQHandler
                0x08002120                COMP1_2_3_IRQHandler
                0x08002120                EXTI1_IRQHandler
                0x08002120                USART2_IRQHandler
                0x08002120                COMP4_5_6_IRQHandler
                0x08002120                TIM20_BRK_IRQHandler
                0x08002120                I2C2_ER_IRQHandler
                0x08002120                DMA1_Channel2_IRQHandler
                0x08002120                TIM8_BRK_IRQHandler
                0x08002120                FLASH_IRQHandler
                0x08002120                TIM20_CC_IRQHandler
                0x08002120                USART1_IRQHandler
                0x08002120                SPI3_IRQHandler
                0x08002120                I2C1_ER_IRQHandler
                0x08002120                FMC_IRQHandler
                0x08002120                USBWakeUp_IRQHandler
                0x08002120                DMA2_Channel3_IRQHandler
                0x08002120                EXTI2_TSC_IRQHandler
                0x08002120                TIM1_BRK_TIM15_IRQHandler
 *fill*         0x08002122        0x2 
 .text.HAL_Init
                0x08002124       0x2c ./Drivers/STM32F3xx_HAL_Driver/Src/stm32f3xx_hal.o
                0x08002124                HAL_Init
 .text.HAL_InitTick
                0x08002150       0x60 ./Drivers/STM32F3xx_HAL_Driver/Src/stm32f3xx_hal.o
                0x08002150                HAL_InitTick
 .text.HAL_IncTick
                0x080021b0       0x28 ./Drivers/STM32F3xx_HAL_Driver/Src/stm32f3xx_hal.o
                0x080021b0                HAL_IncTick
 .text.HAL_GetTick
                0x080021d8       0x18 ./Drivers/STM32F3xx_HAL_Driver/Src/stm32f3xx_hal.o
                0x080021d8                HAL_GetTick
 .text.HAL_Delay
                0x080021f0       0x48 ./Drivers/STM32F3xx_HAL_Driver/Src/stm32f3xx_hal.o
                0x080021f0                HAL_Delay
 .text.__NVIC_SetPriorityGrouping
                0x08002238       0x48 ./Drivers/STM32F3xx_HAL_Driver/Src/stm32f3xx_hal_cortex.o
 .text.__NVIC_GetPriorityGrouping
                0x08002280       0x1c ./Drivers/STM32F3xx_HAL_Driver/Src/stm32f3xx_hal_cortex.o
 .text.__NVIC_EnableIRQ
                0x0800229c       0x3c ./Drivers/STM32F3xx_HAL_Driver/Src/stm32f3xx_hal_cortex.o
 .text.__NVIC_DisableIRQ
                0x080022d8       0x48 ./Drivers/STM32F3xx_HAL_Driver/Src/stm32f3xx_hal_cortex.o
 .text.__NVIC_ClearPendingIRQ
                0x08002320       0x3c ./Drivers/STM32F3xx_HAL_Driver/Src/stm32f3xx_hal_cortex.o
 .text.__NVIC_SetPriority
                0x0800235c       0x54 ./Drivers/STM32F3xx_HAL_Driver/Src/stm32f3xx_hal_cortex.o
 .text.NVIC_EncodePriority
                0x080023b0       0x66 ./Drivers/STM32F3xx_HAL_Driver/Src/stm32f3xx_hal_cortex.o
 *fill*         0x08002416        0x2 
 .text.SysTick_Config
                0x08002418       0x44 ./Drivers/STM32F3xx_HAL_Driver/Src/stm32f3xx_hal_cortex.o
 .text.HAL_NVIC_SetPriorityGrouping
                0x0800245c       0x16 ./Drivers/STM32F3xx_HAL_Driver/Src/stm32f3xx_hal_cortex.o
                0x0800245c                HAL_NVIC_SetPriorityGrouping
 .text.HAL_NVIC_SetPriority
                0x08002472       0x38 ./Drivers/STM32F3xx_HAL_Driver/Src/stm32f3xx_hal_cortex.o
                0x08002472                HAL_NVIC_SetPriority
 .text.HAL_NVIC_EnableIRQ
                0x080024aa       0x1c ./Drivers/STM32F3xx_HAL_Driver/Src/stm32f3xx_hal_cortex.o
                0x080024aa                HAL_NVIC_EnableIRQ
 .text.HAL_NVIC_DisableIRQ
                0x080024c6       0x1c ./Drivers/STM32F3xx_HAL_Driver/Src/stm32f3xx_hal_cortex.o
                0x080024c6                HAL_NVIC_DisableIRQ
 .text.HAL_SYSTICK_Config
                0x080024e2       0x18 ./Drivers/STM32F3xx_HAL_Driver/Src/stm32f3xx_hal_cortex.o
                0x080024e2                HAL_SYSTICK_Config
 .text.HAL_NVIC_ClearPendingIRQ
                0x080024fa       0x1c ./Drivers/STM32F3xx_HAL_Driver/Src/stm32f3xx_hal_cortex.o
                0x080024fa                HAL_NVIC_ClearPendingIRQ
 *fill*         0x08002516        0x2 
 .text.HAL_GPIO_Init
                0x08002518      0x314 ./Drivers/STM32F3xx_HAL_Driver/Src/stm32f3xx_hal_gpio.o
                0x08002518                HAL_GPIO_Init
 .text.HAL_GPIO_WritePin
                0x0800282c       0x30 ./Drivers/STM32F3xx_HAL_Driver/Src/stm32f3xx_hal_gpio.o
                0x0800282c                HAL_GPIO_WritePin
 .text.HAL_GPIO_EXTI_IRQHandler
                0x0800285c       0x30 ./Drivers/STM32F3xx_HAL_Driver/Src/stm32f3xx_hal_gpio.o
                0x0800285c                HAL_GPIO_EXTI_IRQHandler
 .text.HAL_RCC_OscConfig
                0x0800288c     0x10a8 ./Drivers/STM32F3xx_HAL_Driver/Src/stm32f3xx_hal_rcc.o
                0x0800288c                HAL_RCC_OscConfig
 .text.HAL_RCC_ClockConfig
                0x08003934      0x2f8 ./Drivers/STM32F3xx_HAL_Driver/Src/stm32f3xx_hal_rcc.o
                0x08003934                HAL_RCC_ClockConfig
 .text.HAL_RCC_GetSysClockFreq
                0x08003c2c       0xa8 ./Drivers/STM32F3xx_HAL_Driver/Src/stm32f3xx_hal_rcc.o
                0x08003c2c                HAL_RCC_GetSysClockFreq
 .text.HAL_RCC_GetHCLKFreq
                0x08003cd4       0x18 ./Drivers/STM32F3xx_HAL_Driver/Src/stm32f3xx_hal_rcc.o
                0x08003cd4                HAL_RCC_GetHCLKFreq
 .text.HAL_RCC_GetPCLK1Freq
                0x08003cec       0x44 ./Drivers/STM32F3xx_HAL_Driver/Src/stm32f3xx_hal_rcc.o
                0x08003cec                HAL_RCC_GetPCLK1Freq
 .text.HAL_RCC_GetPCLK2Freq
                0x08003d30       0x44 ./Drivers/STM32F3xx_HAL_Driver/Src/stm32f3xx_hal_rcc.o
                0x08003d30                HAL_RCC_GetPCLK2Freq
 .text.HAL_RCCEx_PeriphCLKConfig
                0x08003d74      0x43c ./Drivers/STM32F3xx_HAL_Driver/Src/stm32f3xx_hal_rcc_ex.o
                0x08003d74                HAL_RCCEx_PeriphCLKConfig
 .text.HAL_SPI_Init
                0x080041b0      0x156 ./Drivers/STM32F3xx_HAL_Driver/Src/stm32f3xx_hal_spi.o
                0x080041b0                HAL_SPI_Init
 .text.HAL_SPI_Transmit
                0x08004306      0x2ea ./Drivers/STM32F3xx_HAL_Driver/Src/stm32f3xx_hal_spi.o
                0x08004306                HAL_SPI_Transmit
 .text.HAL_SPI_Receive
                0x080045f0      0x26e ./Drivers/STM32F3xx_HAL_Driver/Src/stm32f3xx_hal_spi.o
                0x080045f0                HAL_SPI_Receive
 .text.HAL_SPI_TransmitReceive
                0x0800485e      0x444 ./Drivers/STM32F3xx_HAL_Driver/Src/stm32f3xx_hal_spi.o
                0x0800485e                HAL_SPI_TransmitReceive
 *fill*         0x08004ca2        0x2 
 .text.SPI_WaitFlagStateUntilTimeout
                0x08004ca4      0x110 ./Drivers/STM32F3xx_HAL_Driver/Src/stm32f3xx_hal_spi.o
 .text.SPI_WaitFifoStateUntilTimeout
                0x08004db4      0x12c ./Drivers/STM32F3xx_HAL_Driver/Src/stm32f3xx_hal_spi.o
 .text.SPI_EndRxTransaction
                0x08004ee0       0xb0 ./Drivers/STM32F3xx_HAL_Driver/Src/stm32f3xx_hal_spi.o
 .text.SPI_EndRxTxTransaction
                0x08004f90       0x8c ./Drivers/STM32F3xx_HAL_Driver/Src/stm32f3xx_hal_spi.o
 .text.HAL_UART_Init
                0x0800501c       0x9c ./Drivers/STM32F3xx_HAL_Driver/Src/stm32f3xx_hal_uart.o
                0x0800501c                HAL_UART_Init
 .text.HAL_UART_Transmit
                0x080050b8      0x112 ./Drivers/STM32F3xx_HAL_Driver/Src/stm32f3xx_hal_uart.o
                0x080050b8                HAL_UART_Transmit
 *fill*         0x080051ca        0x2 
 .text.UART_SetConfig
                0x080051cc      0x3a8 ./Drivers/STM32F3xx_HAL_Driver/Src/stm32f3xx_hal_uart.o
                0x080051cc                UART_SetConfig
 .text.UART_AdvFeatureConfig
                0x08005574      0x144 ./Drivers/STM32F3xx_HAL_Driver/Src/stm32f3xx_hal_uart.o
                0x08005574                UART_AdvFeatureConfig
 .text.UART_CheckIdleState
                0x080056b8      0x150 ./Drivers/STM32F3xx_HAL_Driver/Src/stm32f3xx_hal_uart.o
                0x080056b8                UART_CheckIdleState
 .text.UART_WaitOnFlagUntilTimeout
                0x08005808       0xda ./Drivers/STM32F3xx_HAL_Driver/Src/stm32f3xx_hal_uart.o
                0x08005808                UART_WaitOnFlagUntilTimeout
 .text.UART_EndRxTransfer
                0x080058e2       0xc8 ./Drivers/STM32F3xx_HAL_Driver/Src/stm32f3xx_hal_uart.o
 .text.ch_group_init
                0x080059aa       0x56 ./Soniclib/invn/soniclib/ch_api.o
                0x080059aa                ch_group_init
 .text.ch_init  0x08005a00       0x6e ./Soniclib/invn/soniclib/ch_api.o
                0x08005a00                ch_init
 .text.ch_group_start
                0x08005a6e       0x18 ./Soniclib/invn/soniclib/ch_api.o
                0x08005a6e                ch_group_start
 .text.ch_trigger
                0x08005a86       0x28 ./Soniclib/invn/soniclib/ch_api.o
                0x08005a86                ch_trigger
 .text.ch_trigger_soft
                0x08005aae       0x20 ./Soniclib/invn/soniclib/ch_api.o
                0x08005aae                ch_trigger_soft
 .text.ch_sensor_is_connected
                0x08005ace       0x1a ./Soniclib/invn/soniclib/ch_api.o
                0x08005ace                ch_sensor_is_connected
 .text.ch_get_part_number
                0x08005ae8       0x1a ./Soniclib/invn/soniclib/ch_api.o
                0x08005ae8                ch_get_part_number
 .text.ch_get_dev_ptr
                0x08005b02       0x32 ./Soniclib/invn/soniclib/ch_api.o
                0x08005b02                ch_get_dev_ptr
 .text.ch_get_bus
                0x08005b34       0x1a ./Soniclib/invn/soniclib/ch_api.o
                0x08005b34                ch_get_bus
 .text.ch_get_num_ports
                0x08005b4e       0x18 ./Soniclib/invn/soniclib/ch_api.o
                0x08005b4e                ch_get_num_ports
 .text.ch_get_fw_version_string
                0x08005b66       0x1a ./Soniclib/invn/soniclib/ch_api.o
                0x08005b66                ch_get_fw_version_string
 .text.ch_set_mode
                0x08005b80       0x32 ./Soniclib/invn/soniclib/ch_api.o
                0x08005b80                ch_set_mode
 .text.ch_get_amplitude_data
                0x08005bb2       0x4e ./Soniclib/invn/soniclib/ch_api.o
                0x08005bb2                ch_get_amplitude_data
 .text.ch_get_frequency
                0x08005c00       0x18 ./Soniclib/invn/soniclib/ch_api.o
                0x08005c00                ch_get_frequency
 .text.ch_get_rtc_cal_result
                0x08005c18       0x18 ./Soniclib/invn/soniclib/ch_api.o
                0x08005c18                ch_get_rtc_cal_result
 .text.ch_get_iq_data
                0x08005c30       0x4e ./Soniclib/invn/soniclib/ch_api.o
                0x08005c30                ch_get_iq_data
 .text.ch_mm_to_samples
                0x08005c7e       0x3a ./Soniclib/invn/soniclib/ch_api.o
                0x08005c7e                ch_mm_to_samples
 .text.ch_iq_to_amplitude
                0x08005cb8       0x4c ./Soniclib/invn/soniclib/ch_api.o
                0x08005cb8                ch_iq_to_amplitude
 .text.ch_interrupt
                0x08005d04       0x1e ./Soniclib/invn/soniclib/ch_api.o
                0x08005d04                ch_interrupt
 .text.ch_io_int_callback_set
                0x08005d22       0x1c ./Soniclib/invn/soniclib/ch_api.o
                0x08005d22                ch_io_int_callback_set
 .text.ch_meas_import
                0x08005d3e       0x20 ./Soniclib/invn/soniclib/ch_api.o
                0x08005d3e                ch_meas_import
 .text.ch_meas_get_last_num
                0x08005d5e       0x18 ./Soniclib/invn/soniclib/ch_api.o
                0x08005d5e                ch_meas_get_last_num
 .text.ch_meas_write_config
                0x08005d76       0x18 ./Soniclib/invn/soniclib/ch_api.o
                0x08005d76                ch_meas_write_config
 .text.ch_meas_get_odr
                0x08005d8e       0x20 ./Soniclib/invn/soniclib/ch_api.o
                0x08005d8e                ch_meas_get_odr
 .text.ch_meas_get_num_samples
                0x08005dae       0x20 ./Soniclib/invn/soniclib/ch_api.o
                0x08005dae                ch_meas_get_num_samples
 .text.ch_meas_get_iq_output
                0x08005dce       0x34 ./Soniclib/invn/soniclib/ch_api.o
                0x08005dce                ch_meas_get_iq_output
 .text.ch_meas_set_iq_output
                0x08005e02       0x38 ./Soniclib/invn/soniclib/ch_api.o
                0x08005e02                ch_meas_set_iq_output
 .text.ch_init_algo
                0x08005e3a       0x18 ./Soniclib/invn/soniclib/ch_api.o
                0x08005e3a                ch_init_algo
 .text.ch_cycles_to_usec
                0x08005e52       0x1c ./Soniclib/invn/soniclib/ch_api.o
                0x08005e52                ch_cycles_to_usec
 .text.ch_common_init
                0x08005e6e       0xa8 ./Soniclib/invn/soniclib/ch_common.o
                0x08005e6e                ch_common_init
 .text.ch_common_group_start
                0x08005f16       0xb2 ./Soniclib/invn/soniclib/ch_common.o
                0x08005f16                ch_common_group_start
 .text.ch_common_set_mode
                0x08005fc8       0xd6 ./Soniclib/invn/soniclib/ch_common.o
                0x08005fc8                ch_common_set_mode
 .text.ch_common_fw_load
                0x0800609e      0x122 ./Soniclib/invn/soniclib/ch_common.o
                0x0800609e                ch_common_fw_load
 .text.ch_common_set_freerun_interval_us
                0x080061c0       0x64 ./Soniclib/invn/soniclib/ch_common.o
                0x080061c0                ch_common_set_freerun_interval_us
 .text.is_time_hopping_enabled
                0x08006224       0x28 ./Soniclib/invn/soniclib/ch_common.o
 .text.get_rtc_measure_period
                0x0800624c       0x36 ./Soniclib/invn/soniclib/ch_common.o
 .text.update_rtc_measure_period
                0x08006282       0x40 ./Soniclib/invn/soniclib/ch_common.o
 .text.set_interval_ticks
                0x080062c2       0x2e ./Soniclib/invn/soniclib/ch_common.o
 .text.ch_common_set_num_samples
                0x080062f0       0x2a ./Soniclib/invn/soniclib/ch_common.o
                0x080062f0                ch_common_set_num_samples
 .text.ch_common_mm_to_samples
                0x0800631a      0x124 ./Soniclib/invn/soniclib/ch_common.o
                0x0800631a                ch_common_mm_to_samples
 *fill*         0x0800643e        0x2 
 .text.ch_common_range_lsb_to_mm
                0x08006440       0xc4 ./Soniclib/invn/soniclib/ch_common.o
                0x08006440                ch_common_range_lsb_to_mm
 .text.ch_common_get_locked_state
                0x08006504       0x1a ./Soniclib/invn/soniclib/ch_common.o
                0x08006504                ch_common_get_locked_state
 .text.ch_common_prepare_pulse_timer
                0x0800651e       0x22 ./Soniclib/invn/soniclib/ch_common.o
                0x0800651e                ch_common_prepare_pulse_timer
 .text.ch_common_store_pt_result
                0x08006540       0x76 ./Soniclib/invn/soniclib/ch_common.o
                0x08006540                ch_common_store_pt_result
 *fill*         0x080065b6        0x2 
 .text.ch_common_measure_pmut_frequency
                0x080065b8       0xc8 ./Soniclib/invn/soniclib/ch_common.o
                0x080065b8                ch_common_measure_pmut_frequency
 .text.ch_common_store_op_freq
                0x08006680       0x34 ./Soniclib/invn/soniclib/ch_common.o
                0x08006680                ch_common_store_op_freq
 .text.ch_common_store_bandwidth
                0x080066b4      0x134 ./Soniclib/invn/soniclib/ch_common.o
                0x080066b4                ch_common_store_bandwidth
 .text.ch_common_store_scale_factor
                0x080067e8       0x1a ./Soniclib/invn/soniclib/ch_common.o
                0x080067e8                ch_common_store_scale_factor
 .text.get_sample_data
                0x08006802       0xa2 ./Soniclib/invn/soniclib/ch_common.o
 .text.ch_common_set_sample_window
                0x080068a4       0x50 ./Soniclib/invn/soniclib/ch_common.o
                0x080068a4                ch_common_set_sample_window
 .text.ch_common_get_amplitude_avg
                0x080068f4       0xb8 ./Soniclib/invn/soniclib/ch_common.o
                0x080068f4                ch_common_get_amplitude_avg
 .text.ch_common_get_iq_data
                0x080069ac       0x64 ./Soniclib/invn/soniclib/ch_common.o
                0x080069ac                ch_common_get_iq_data
 .text.ch_common_get_amplitude_data
                0x08006a10       0x60 ./Soniclib/invn/soniclib/ch_common.o
                0x08006a10                ch_common_get_amplitude_data
 .text.ch_common_set_tx_length
                0x08006a70       0x76 ./Soniclib/invn/soniclib/ch_common.o
                0x08006a70                ch_common_set_tx_length
 .text.ch_common_get_tx_length
                0x08006ae6       0x7c ./Soniclib/invn/soniclib/ch_common.o
                0x08006ae6                ch_common_get_tx_length
 .text.ch_common_samples_to_cycles
                0x08006b62       0x30 ./Soniclib/invn/soniclib/ch_common.o
                0x08006b62                ch_common_samples_to_cycles
 .text.ch_common_cycles_to_samples
                0x08006b92       0x50 ./Soniclib/invn/soniclib/ch_common.o
                0x08006b92                ch_common_cycles_to_samples
 .text.ch_common_cycles_to_usec
                0x08006be2       0x44 ./Soniclib/invn/soniclib/ch_common.o
                0x08006be2                ch_common_cycles_to_usec
 *fill*         0x08006c26        0x2 
 .text.ch_common_ticks_to_usec
                0x08006c28       0x64 ./Soniclib/invn/soniclib/ch_common.o
                0x08006c28                ch_common_ticks_to_usec
 .text.ch_common_meas_init_queue
                0x08006c8c       0xfc ./Soniclib/invn/soniclib/ch_common.o
                0x08006c8c                ch_common_meas_init_queue
 .text.ch_common_meas_import
                0x08006d88      0x110 ./Soniclib/invn/soniclib/ch_common.o
                0x08006d88                ch_common_meas_import
 .text.ch_common_meas_reset
                0x08006e98       0x88 ./Soniclib/invn/soniclib/ch_common.o
                0x08006e98                ch_common_meas_reset
 .text.ch_common_meas_write_config
                0x08006f20       0x74 ./Soniclib/invn/soniclib/ch_common.o
                0x08006f20                ch_common_meas_write_config
 .text.ch_common_meas_get_last_num
                0x08006f94       0x1a ./Soniclib/invn/soniclib/ch_common.o
                0x08006f94                ch_common_meas_get_last_num
 .text.ch_common_meas_update_counts
                0x08006fae      0x1b6 ./Soniclib/invn/soniclib/ch_common.o
                0x08006fae                ch_common_meas_update_counts
 .text.ch_common_meas_set_interval_ticks
                0x08007164       0x76 ./Soniclib/invn/soniclib/ch_common.o
                0x08007164                ch_common_meas_set_interval_ticks
 .text.ch_common_meas_get_odr
                0x080071da       0x2c ./Soniclib/invn/soniclib/ch_common.o
                0x080071da                ch_common_meas_get_odr
 .text.ch_common_meas_set_num_samples
                0x08007206      0x1dc ./Soniclib/invn/soniclib/ch_common.o
                0x08007206                ch_common_meas_set_num_samples
 .text.ch_common_meas_get_num_samples
                0x080073e2       0x22 ./Soniclib/invn/soniclib/ch_common.o
                0x080073e2                ch_common_meas_get_num_samples
 .text.ch_common_meas_samples_to_mm
                0x08007404       0x58 ./Soniclib/invn/soniclib/ch_common.o
                0x08007404                ch_common_meas_samples_to_mm
 .text.ch_common_read_meas_config
                0x0800745c      0x102 ./Soniclib/invn/soniclib/ch_common.o
                0x0800745c                ch_common_read_meas_config
 .text.ch_common_set_target_interrupt
                0x0800755e       0x70 ./Soniclib/invn/soniclib/ch_common.o
                0x0800755e                ch_common_set_target_interrupt
 .text.ch_common_get_target_interrupt
                0x080075ce       0x1a ./Soniclib/invn/soniclib/ch_common.o
                0x080075ce                ch_common_get_target_interrupt
 .text.ch_common_init_algo
                0x080075e8       0x20 ./Soniclib/invn/soniclib/ch_common.o
                0x080075e8                ch_common_init_algo
 .text.ch_common_set_algo_config
                0x08007608       0x2a ./Soniclib/invn/soniclib/ch_common.o
                0x08007608                ch_common_set_algo_config
 *fill*         0x08007632        0x2 
 .text.print_connected_sensors
                0x08007634       0x34 ./Soniclib/invn/soniclib/ch_driver.o
 .text.print_rtc_cal_result
                0x08007668       0x3c ./Soniclib/invn/soniclib/ch_driver.o
 .text.write_firmware
                0x080076a4       0x48 ./Soniclib/invn/soniclib/ch_driver.o
 .text.init_ram
                0x080076ec       0x5e ./Soniclib/invn/soniclib/ch_driver.o
 .text.reset_and_halt
                0x0800774a       0x3a ./Soniclib/invn/soniclib/ch_driver.o
 .text.chdrv_int_group_deassert
                0x08007784       0x2e ./Soniclib/invn/soniclib/ch_driver.o
                0x08007784                chdrv_int_group_deassert
 .text.chdrv_int_set_dir_in
                0x080077b2       0x32 ./Soniclib/invn/soniclib/ch_driver.o
                0x080077b2                chdrv_int_set_dir_in
 .text.chdrv_int_group_set_dir_out
                0x080077e4       0x2e ./Soniclib/invn/soniclib/ch_driver.o
                0x080077e4                chdrv_int_group_set_dir_out
 .text.chdrv_int_interrupt_enable
                0x08007812       0x32 ./Soniclib/invn/soniclib/ch_driver.o
                0x08007812                chdrv_int_interrupt_enable
 .text.chdrv_int_interrupt_disable
                0x08007844       0x32 ./Soniclib/invn/soniclib/ch_driver.o
                0x08007844                chdrv_int_interrupt_disable
 .text.chdrv_trig_assert
                0x08007876       0x32 ./Soniclib/invn/soniclib/ch_driver.o
                0x08007876                chdrv_trig_assert
 .text.chdrv_trig_deassert
                0x080078a8       0x32 ./Soniclib/invn/soniclib/ch_driver.o
                0x080078a8                chdrv_trig_deassert
 .text.chdrv_trig_group_assert
                0x080078da       0x2e ./Soniclib/invn/soniclib/ch_driver.o
                0x080078da                chdrv_trig_group_assert
 .text.chdrv_trig_group_deassert
                0x08007908       0x2e ./Soniclib/invn/soniclib/ch_driver.o
                0x08007908                chdrv_trig_group_deassert
 .text.chdrv_trig_set_dir_out
                0x08007936       0x32 ./Soniclib/invn/soniclib/ch_driver.o
                0x08007936                chdrv_trig_set_dir_out
 .text.chdrv_trig_group_set_dir_out
                0x08007968       0x2e ./Soniclib/invn/soniclib/ch_driver.o
                0x08007968                chdrv_trig_group_set_dir_out
 .text.chdrv_trig_group_set_dir_in
                0x08007996       0x2e ./Soniclib/invn/soniclib/ch_driver.o
 .text.chdrv_write_byte
                0x080079c4       0x28 ./Soniclib/invn/soniclib/ch_driver.o
                0x080079c4                chdrv_write_byte
 .text.chdrv_burst_write
                0x080079ec       0x8e ./Soniclib/invn/soniclib/ch_driver.o
                0x080079ec                chdrv_burst_write
 .text.chdrv_write_word
                0x08007a7a       0x28 ./Soniclib/invn/soniclib/ch_driver.o
                0x08007a7a                chdrv_write_word
 .text.chdrv_read_byte
                0x08007aa2       0x28 ./Soniclib/invn/soniclib/ch_driver.o
                0x08007aa2                chdrv_read_byte
 .text.chdrv_burst_read
                0x08007aca       0x98 ./Soniclib/invn/soniclib/ch_driver.o
                0x08007aca                chdrv_burst_read
 .text.chdrv_read_word
                0x08007b62       0x28 ./Soniclib/invn/soniclib/ch_driver.o
                0x08007b62                chdrv_read_word
 .text.chdrv_event_trigger
                0x08007b8a       0x32 ./Soniclib/invn/soniclib/ch_driver.o
                0x08007b8a                chdrv_event_trigger
 .text.event_wait
                0x08007bbc       0x48 ./Soniclib/invn/soniclib/ch_driver.o
 .text.chdrv_event_trigger_and_wait
                0x08007c04       0x92 ./Soniclib/invn/soniclib/ch_driver.o
                0x08007c04                chdrv_event_trigger_and_wait
 .text.chdrv_int_callback
                0x08007c96       0x40 ./Soniclib/invn/soniclib/ch_driver.o
                0x08007c96                chdrv_int_callback
 .text.chdrv_int_callback_deferred
                0x08007cd6       0xfa ./Soniclib/invn/soniclib/ch_driver.o
                0x08007cd6                chdrv_int_callback_deferred
 .text.chdrv_sys_ctrl_read
                0x08007dd0       0x5a ./Soniclib/invn/soniclib/ch_driver.o
                0x08007dd0                chdrv_sys_ctrl_read
 .text.chdrv_sys_ctrl_write
                0x08007e2a       0x58 ./Soniclib/invn/soniclib/ch_driver.o
                0x08007e2a                chdrv_sys_ctrl_write
 .text.chdrv_dbg_reg_read
                0x08007e82       0x84 ./Soniclib/invn/soniclib/ch_driver.o
                0x08007e82                chdrv_dbg_reg_read
 .text.chdrv_dbg_reg_write
                0x08007f06       0x86 ./Soniclib/invn/soniclib/ch_driver.o
                0x08007f06                chdrv_dbg_reg_write
 .text.chdrv_otpmem_read
                0x08007f8c      0x166 ./Soniclib/invn/soniclib/ch_driver.o
                0x08007f8c                chdrv_otpmem_read
 .text.chdrv_otpmem_copy
                0x080080f2       0xa6 ./Soniclib/invn/soniclib/ch_driver.o
                0x080080f2                chdrv_otpmem_copy
 .text.clear_interrupts
                0x08008198       0xf6 ./Soniclib/invn/soniclib/ch_driver.o
 .text.remove_from_start
                0x0800828e       0x48 ./Soniclib/invn/soniclib/ch_driver.o
 .text.copy_instructions
                0x080082d6       0x44 ./Soniclib/invn/soniclib/ch_driver.o
 .text.limit_rx_len
                0x0800831a       0xaa ./Soniclib/invn/soniclib/ch_driver.o
 .text.chdrv_adjust_rx_len
                0x080083c4       0xa0 ./Soniclib/invn/soniclib/ch_driver.o
                0x080083c4                chdrv_adjust_rx_len
 .text.adjust_rx_len
                0x08008464       0x28 ./Soniclib/invn/soniclib/ch_driver.o
 .text.chdrv_is_mq_sanitize_enabled
                0x0800848c       0x1a ./Soniclib/invn/soniclib/ch_driver.o
                0x0800848c                chdrv_is_mq_sanitize_enabled
 .text.meas_queue_sanitize
                0x080084a6      0x344 ./Soniclib/invn/soniclib/ch_driver.o
 .text.chdrv_meas_queue_write
                0x080087ea       0x62 ./Soniclib/invn/soniclib/ch_driver.o
                0x080087ea                chdrv_meas_queue_write
 .text.chdrv_algo_init
                0x0800884c       0x26 ./Soniclib/invn/soniclib/ch_driver.o
                0x0800884c                chdrv_algo_init
 .text.chdrv_algo_info_read
                0x08008872       0x30 ./Soniclib/invn/soniclib/ch_driver.o
                0x08008872                chdrv_algo_info_read
 .text.chdrv_algo_cfg_write
                0x080088a2       0x32 ./Soniclib/invn/soniclib/ch_driver.o
                0x080088a2                chdrv_algo_cfg_write
 .text.chdrv_algo_out_read
                0x080088d4       0x34 ./Soniclib/invn/soniclib/ch_driver.o
                0x080088d4                chdrv_algo_out_read
 .text.clock_init
                0x08008908      0x130 ./Soniclib/invn/soniclib/ch_driver.o
 .text.chdrv_cpu_freq_adjust
                0x08008a38      0x148 ./Soniclib/invn/soniclib/ch_driver.o
                0x08008a38                chdrv_cpu_freq_adjust
 .text.chdrv_cpu_freq_calculate
                0x08008b80       0x9c ./Soniclib/invn/soniclib/ch_driver.o
                0x08008b80                chdrv_cpu_freq_calculate
 .text.chdrv_run_bist
                0x08008c1c       0x78 ./Soniclib/invn/soniclib/ch_driver.o
                0x08008c1c                chdrv_run_bist
 .text.chdrv_group_measure_rtc
                0x08008c94       0xfa ./Soniclib/invn/soniclib/ch_driver.o
                0x08008c94                chdrv_group_measure_rtc
 .text.chdrv_group_measure_rtc_no_pulse
                0x08008d8e       0x92 ./Soniclib/invn/soniclib/ch_driver.o
                0x08008d8e                chdrv_group_measure_rtc_no_pulse
 .text.chdrv_group_measure_pmut
                0x08008e20       0x8c ./Soniclib/invn/soniclib/ch_driver.o
                0x08008e20                chdrv_group_measure_pmut
 .text.chdrv_group_queue
                0x08008eac       0x94 ./Soniclib/invn/soniclib/ch_driver.o
                0x08008eac                chdrv_group_queue
 .text.chdrv_hw_trigger
                0x08008f40       0x76 ./Soniclib/invn/soniclib/ch_driver.o
                0x08008f40                chdrv_hw_trigger
 .text.reset_and_run
                0x08008fb6       0x4e ./Soniclib/invn/soniclib/ch_driver.o
 .text.exit_debug
                0x08009004       0x48 ./Soniclib/invn/soniclib/ch_driver.o
 .text.chdrv_read_buf_addr
                0x0800904c       0x50 ./Soniclib/invn/soniclib/ch_driver.o
                0x0800904c                chdrv_read_buf_addr
 .text.shasta_detect_and_program
                0x0800909c      0x214 ./Soniclib/invn/soniclib/ch_driver.o
 .text.chdrv_prog_ping
                0x080092b0       0xc0 ./Soniclib/invn/soniclib/ch_driver.o
                0x080092b0                chdrv_prog_ping
 .text.chdrv_detect_and_program
                0x08009370       0x2a ./Soniclib/invn/soniclib/ch_driver.o
                0x08009370                chdrv_detect_and_program
 .text.chdrv_group_detect_and_program
                0x0800939a       0x68 ./Soniclib/invn/soniclib/ch_driver.o
                0x0800939a                chdrv_group_detect_and_program
 .text.chdrv_group_prepare
                0x08009402       0xa2 ./Soniclib/invn/soniclib/ch_driver.o
                0x08009402                chdrv_group_prepare
 .text.calibrate_rtc
                0x080094a4       0x98 ./Soniclib/invn/soniclib/ch_driver.o
 .text.init_int_pins_config
                0x0800953c       0x26 ./Soniclib/invn/soniclib/ch_driver.o
 .text.shasta_group_start
                0x08009562      0x104 ./Soniclib/invn/soniclib/ch_driver.o
 .text.chdrv_group_start
                0x08009666       0x36 ./Soniclib/invn/soniclib/ch_driver.o
                0x08009666                chdrv_group_start
 .text.chdrv_restart
                0x0800969c       0x40 ./Soniclib/invn/soniclib/ch_driver.o
                0x0800969c                chdrv_restart
 .text.chdrv_soft_reset
                0x080096dc       0x28 ./Soniclib/invn/soniclib/ch_driver.o
                0x080096dc                chdrv_soft_reset
 .text.print    0x08009704       0x1c ./Soniclib/invn/soniclib/ch_log.o
 .text.print_to_buf
                0x08009720       0x84 ./Soniclib/invn/soniclib/ch_log.o
 .text.add_header
                0x080097a4       0xa8 ./Soniclib/invn/soniclib/ch_log.o
 .text.add_eof  0x0800984c       0x50 ./Soniclib/invn/soniclib/ch_log.o
 .text.ch_log_prefix_printf
                0x0800989c       0x4c ./Soniclib/invn/soniclib/ch_log.o
                0x0800989c                ch_log_prefix_printf
 .text.FP_sqrt  0x080098e8       0x5e ./Soniclib/invn/soniclib/ch_math_utils.o
                0x080098e8                FP_sqrt
 .text.FP_log2  0x08009946       0x98 ./Soniclib/invn/soniclib/ch_math_utils.o
                0x08009946                FP_log2
 .text.FP_log   0x080099de       0x2c ./Soniclib/invn/soniclib/ch_math_utils.o
                0x080099de                FP_log
 .text.sqrt_int32
                0x08009a0a       0x58 ./Soniclib/invn/soniclib/ch_math_utils.o
                0x08009a0a                sqrt_int32
 .text.ch_set_rx_holdoff
                0x08009a62       0x3e ./Soniclib/invn/soniclib/ch_rangefinder.o
                0x08009a62                ch_set_rx_holdoff
 .text.ch_get_rx_holdoff
                0x08009aa0       0x36 ./Soniclib/invn/soniclib/ch_rangefinder.o
                0x08009aa0                ch_get_rx_holdoff
 .text.get_amplitude
                0x08009ad6       0x1a ./Soniclib/invn/soniclib/sensor_fw/icu_gpt/icu_gpt.o
 .text.get_tof_us
                0x08009af0       0x1a ./Soniclib/invn/soniclib/sensor_fw/icu_gpt/icu_gpt.o
 .text.set_thresholds
                0x08009b0a       0x34 ./Soniclib/invn/soniclib/sensor_fw/icu_gpt/icu_gpt.o
 .text.get_thresholds
                0x08009b3e       0x32 ./Soniclib/invn/soniclib/sensor_fw/icu_gpt/icu_gpt.o
 .text.set_rx_holdoff
                0x08009b70       0x22 ./Soniclib/invn/soniclib/sensor_fw/icu_gpt/icu_gpt.o
 .text.get_rx_holdoff
                0x08009b92       0x1a ./Soniclib/invn/soniclib/sensor_fw/icu_gpt/icu_gpt.o
 .text.set_static_range
                0x08009bac       0x38 ./Soniclib/invn/soniclib/sensor_fw/icu_gpt/icu_gpt.o
 .text.get_range
                0x08009be4       0x22 ./Soniclib/invn/soniclib/sensor_fw/icu_gpt/icu_gpt.o
 .text.thresh_lib_to_sensor
                0x08009c06       0x7a ./Soniclib/invn/soniclib/sensor_fw/icu_gpt/icu_gpt.o
 .text.thresh_sensor_to_lib
                0x08009c80       0x7c ./Soniclib/invn/soniclib/sensor_fw/icu_gpt/icu_gpt.o
 .text.read_target_list
                0x08009cfc       0x3c ./Soniclib/invn/soniclib/sensor_fw/icu_gpt/icu_gpt.o
 .text.get_n_delay_cic
                0x08009d38       0x94 ./Soniclib/invn/soniclib/sensor_fw/icu_gpt/icu_gpt.o
 .text.get_tof_offset_lsb
                0x08009dcc       0x86 ./Soniclib/invn/soniclib/sensor_fw/icu_gpt/icu_gpt.o
 *fill*         0x08009e52        0x2 
 .text.icu_gpt_init
                0x08009e54       0x74 ./Soniclib/invn/soniclib/sensor_fw/icu_gpt/icu_gpt.o
                0x08009e54                icu_gpt_init
 .text.icu_gpt_algo_init
                0x08009ec8       0x26 ./Soniclib/invn/soniclib/sensor_fw/icu_gpt/icu_gpt.o
                0x08009ec8                icu_gpt_algo_init
 .text.icu_gpt_algo_get_iq_output
                0x08009eee       0x3e ./Soniclib/invn/soniclib/sensor_fw/icu_gpt/icu_gpt.o
                0x08009eee                icu_gpt_algo_get_iq_output
 .text.icu_gpt_algo_set_iq_output
                0x08009f2c       0x4e ./Soniclib/invn/soniclib/sensor_fw/icu_gpt/icu_gpt.o
                0x08009f2c                icu_gpt_algo_set_iq_output
 .text.icu_gpt_algo_get_num_targets
                0x08009f7a       0x32 ./Soniclib/invn/soniclib/sensor_fw/icu_gpt/icu_gpt.o
                0x08009f7a                icu_gpt_algo_get_num_targets
 .text.icu_gpt_algo_get_target_amplitude
                0x08009fac       0x58 ./Soniclib/invn/soniclib/sensor_fw/icu_gpt/icu_gpt.o
                0x08009fac                icu_gpt_algo_get_target_amplitude
 .text.icu_gpt_algo_get_target_range
                0x0800a004       0x9c ./Soniclib/invn/soniclib/sensor_fw/icu_gpt/icu_gpt.o
                0x0800a004                icu_gpt_algo_get_target_range
 .text.icu_gpt_algo_get_target_tof_us
                0x0800a0a0       0x84 ./Soniclib/invn/soniclib/sensor_fw/icu_gpt/icu_gpt.o
                0x0800a0a0                icu_gpt_algo_get_target_tof_us
 .text.icu_gpt_algo_update_odr
                0x0800a124      0x12e ./Soniclib/invn/soniclib/sensor_fw/icu_gpt/icu_gpt.o
                0x0800a124                icu_gpt_algo_update_odr
 *fill*         0x0800a252        0x2 
 .text.icu_gpt_algo_set_data_output
                0x0800a254       0xc8 ./Soniclib/invn/soniclib/sensor_fw/icu_gpt/icu_gpt.o
                0x0800a254                icu_gpt_algo_set_data_output
 .text.icu_gpt_set_thresholds
                0x0800a31c       0x82 ./Soniclib/invn/soniclib/sensor_fw/icu_gpt/icu_gpt.o
                0x0800a31c                icu_gpt_set_thresholds
 .text.icu_gpt_get_thresholds
                0x0800a39e       0x86 ./Soniclib/invn/soniclib/sensor_fw/icu_gpt/icu_gpt.o
                0x0800a39e                icu_gpt_get_thresholds
 .text.icu_gpt_set_rx_holdoff
                0x0800a424      0x19a ./Soniclib/invn/soniclib/sensor_fw/icu_gpt/icu_gpt.o
                0x0800a424                icu_gpt_set_rx_holdoff
 .text.icu_gpt_get_rx_holdoff
                0x0800a5be       0x54 ./Soniclib/invn/soniclib/sensor_fw/icu_gpt/icu_gpt.o
                0x0800a5be                icu_gpt_get_rx_holdoff
 .text.icu_gpt_set_ringdown_cancel
                0x0800a612       0x3e ./Soniclib/invn/soniclib/sensor_fw/icu_gpt/icu_gpt.o
                0x0800a612                icu_gpt_set_ringdown_cancel
 .text.icu_gpt_set_static_filter
                0x0800a650       0x40 ./Soniclib/invn/soniclib/sensor_fw/icu_gpt/icu_gpt.o
                0x0800a650                icu_gpt_set_static_filter
 .text.get_icu_gpt_fw_ram_init_addr
                0x0800a690       0x12 ./Soniclib/invn/soniclib/sensor_fw/icu_gpt/icu_gpt_fw.o
                0x0800a690                get_icu_gpt_fw_ram_init_addr
 .text.get_icu_gpt_fw_ram_init_size
                0x0800a6a2       0x12 ./Soniclib/invn/soniclib/sensor_fw/icu_gpt/icu_gpt_fw.o
                0x0800a6a2                get_icu_gpt_fw_ram_init_size
 .text.get_ram_icu_gpt_init_ptr
                0x0800a6b4       0x14 ./Soniclib/invn/soniclib/sensor_fw/icu_gpt/icu_gpt_fw.o
                0x0800a6b4                get_ram_icu_gpt_init_ptr
 .text.int1_dir_in
                0x0800a6c8       0x5c ./bsp/chirp_stm32.o
 .text.int1_dir_out
                0x0800a724       0x5e ./bsp/chirp_stm32.o
 .text.chbsp_set_int1_dir_in
                0x0800a782       0x16 ./bsp/chirp_stm32.o
                0x0800a782                chbsp_set_int1_dir_in
 .text.chbsp_set_int1_dir_out
                0x0800a798       0x16 ./bsp/chirp_stm32.o
                0x0800a798                chbsp_set_int1_dir_out
 .text.chbsp_group_set_int1_dir_in
                0x0800a7ae       0x40 ./bsp/chirp_stm32.o
                0x0800a7ae                chbsp_group_set_int1_dir_in
 .text.chbsp_group_set_int1_dir_out
                0x0800a7ee       0x40 ./bsp/chirp_stm32.o
                0x0800a7ee                chbsp_group_set_int1_dir_out
 .text.chbsp_int1_clear
                0x0800a82e       0x36 ./bsp/chirp_stm32.o
                0x0800a82e                chbsp_int1_clear
 .text.chbsp_group_int1_clear
                0x0800a864       0x2a ./bsp/chirp_stm32.o
                0x0800a864                chbsp_group_int1_clear
 .text.chbsp_int1_set
                0x0800a88e       0x36 ./bsp/chirp_stm32.o
                0x0800a88e                chbsp_int1_set
 .text.chbsp_group_int1_set
                0x0800a8c4       0x2a ./bsp/chirp_stm32.o
                0x0800a8c4                chbsp_group_int1_set
 .text.chbsp_int1_interrupt_enable
                0x0800a8ee       0x28 ./bsp/chirp_stm32.o
                0x0800a8ee                chbsp_int1_interrupt_enable
 .text.chbsp_int1_interrupt_disable
                0x0800a916       0x28 ./bsp/chirp_stm32.o
                0x0800a916                chbsp_int1_interrupt_disable
 .text.chbsp_delay_ms
                0x0800a93e       0x16 ./bsp/chirp_stm32.o
                0x0800a93e                chbsp_delay_ms
 .text.chbsp_timestamp_ms
                0x0800a954        0xe ./bsp/chirp_stm32.o
                0x0800a954                chbsp_timestamp_ms
 *fill*         0x0800a962        0x2 
 .text.chbsp_event_notify
                0x0800a964       0x24 ./bsp/chirp_stm32.o
                0x0800a964                chbsp_event_notify
 .text.chbsp_event_wait
                0x0800a988       0x54 ./bsp/chirp_stm32.o
                0x0800a988                chbsp_event_wait
 .text.chbsp_event_wait_setup
                0x0800a9dc       0x28 ./bsp/chirp_stm32.o
                0x0800a9dc                chbsp_event_wait_setup
 .text.chbsp_spi_cs_on
                0x0800aa04       0x36 ./bsp/chirp_stm32.o
                0x0800aa04                chbsp_spi_cs_on
 .text.chbsp_spi_cs_off
                0x0800aa3a       0x36 ./bsp/chirp_stm32.o
                0x0800aa3a                chbsp_spi_cs_off
 .text.chbsp_spi_write
                0x0800aa70       0x34 ./bsp/chirp_stm32.o
                0x0800aa70                chbsp_spi_write
 .text.chbsp_spi_read
                0x0800aaa4       0x34 ./bsp/chirp_stm32.o
                0x0800aaa4                chbsp_spi_read
 .text.chbsp_group_set_int2_dir_out
                0x0800aad8       0x14 ./bsp/chirp_stm32.o
                0x0800aad8                chbsp_group_set_int2_dir_out
 .text.chbsp_set_int2_dir_out
                0x0800aaec       0x14 ./bsp/chirp_stm32.o
                0x0800aaec                chbsp_set_int2_dir_out
 .text.chbsp_group_set_int2_dir_in
                0x0800ab00       0x14 ./bsp/chirp_stm32.o
                0x0800ab00                chbsp_group_set_int2_dir_in
 .text.chbsp_set_int2_dir_in
                0x0800ab14       0x14 ./bsp/chirp_stm32.o
                0x0800ab14                chbsp_set_int2_dir_in
 .text.chbsp_group_int2_clear
                0x0800ab28       0x14 ./bsp/chirp_stm32.o
                0x0800ab28                chbsp_group_int2_clear
 .text.chbsp_int2_clear
                0x0800ab3c       0x14 ./bsp/chirp_stm32.o
                0x0800ab3c                chbsp_int2_clear
 .text.chbsp_group_int2_set
                0x0800ab50       0x14 ./bsp/chirp_stm32.o
                0x0800ab50                chbsp_group_int2_set
 .text.chbsp_int2_set
                0x0800ab64       0x14 ./bsp/chirp_stm32.o
                0x0800ab64                chbsp_int2_set
 .text.chbsp_int2_interrupt_enable
                0x0800ab78       0x14 ./bsp/chirp_stm32.o
                0x0800ab78                chbsp_int2_interrupt_enable
 .text.chbsp_int2_interrupt_disable
                0x0800ab8c       0x14 ./bsp/chirp_stm32.o
                0x0800ab8c                chbsp_int2_interrupt_disable
 .text.dwt_delay_init
                0x0800aba0       0x34 ./bsp/chirp_stm32.o
                0x0800aba0                dwt_delay_init
 .text.chbsp_delay_us
                0x0800abd4       0x48 ./bsp/chirp_stm32.o
                0x0800abd4                chbsp_delay_us
 .text.chbsp_pulse_len_hint_us
                0x0800ac1c       0x16 ./bsp/chirp_stm32.o
                0x0800ac1c                chbsp_pulse_len_hint_us
 .text.chbsp_print_str
                0x0800ac32       0x14 ./bsp/chirp_stm32.o
                0x0800ac32                chbsp_print_str
 .text.__cvt    0x0800ac46       0xca C:/ST/STM32CubeIDE_1.16.0/STM32CubeIDE/plugins/com.st.stm32cube.ide.mcu.externaltools.gnu-tools-for-stm32.12.3.rel1.win32_1.0.200.202406191623/tools/bin/../lib/gcc/arm-none-eabi/12.3.1/../../../../arm-none-eabi/lib/thumb/v7e-m+fp/hard\libc_nano.a(libc_a-nano-vfprintf_float.o)
                0x0800ac46                __cvt
 .text.__exponent
                0x0800ad10       0x74 C:/ST/STM32CubeIDE_1.16.0/STM32CubeIDE/plugins/com.st.stm32cube.ide.mcu.externaltools.gnu-tools-for-stm32.12.3.rel1.win32_1.0.200.202406191623/tools/bin/../lib/gcc/arm-none-eabi/12.3.1/../../../../arm-none-eabi/lib/thumb/v7e-m+fp/hard\libc_nano.a(libc_a-nano-vfprintf_float.o)
                0x0800ad10                __exponent
 .text._printf_float
                0x0800ad84      0x454 C:/ST/STM32CubeIDE_1.16.0/STM32CubeIDE/plugins/com.st.stm32cube.ide.mcu.externaltools.gnu-tools-for-stm32.12.3.rel1.win32_1.0.200.202406191623/tools/bin/../lib/gcc/arm-none-eabi/12.3.1/../../../../arm-none-eabi/lib/thumb/v7e-m+fp/hard\libc_nano.a(libc_a-nano-vfprintf_float.o)
                0x0800ad84                _printf_float
 .text._printf_common
                0x0800b1d8       0xda C:/ST/STM32CubeIDE_1.16.0/STM32CubeIDE/plugins/com.st.stm32cube.ide.mcu.externaltools.gnu-tools-for-stm32.12.3.rel1.win32_1.0.200.202406191623/tools/bin/../lib/gcc/arm-none-eabi/12.3.1/../../../../arm-none-eabi/lib/thumb/v7e-m+fp/hard\libc_nano.a(libc_a-nano-vfprintf_i.o)
                0x0800b1d8                _printf_common
 *fill*         0x0800b2b2        0x2 
 .text._printf_i
                0x0800b2b4      0x240 C:/ST/STM32CubeIDE_1.16.0/STM32CubeIDE/plugins/com.st.stm32cube.ide.mcu.externaltools.gnu-tools-for-stm32.12.3.rel1.win32_1.0.200.202406191623/tools/bin/../lib/gcc/arm-none-eabi/12.3.1/../../../../arm-none-eabi/lib/thumb/v7e-m+fp/hard\libc_nano.a(libc_a-nano-vfprintf_i.o)
                0x0800b2b4                _printf_i
 .text.std      0x0800b4f4       0x6c C:/ST/STM32CubeIDE_1.16.0/STM32CubeIDE/plugins/com.st.stm32cube.ide.mcu.externaltools.gnu-tools-for-stm32.12.3.rel1.win32_1.0.200.202406191623/tools/bin/../lib/gcc/arm-none-eabi/12.3.1/../../../../arm-none-eabi/lib/thumb/v7e-m+fp/hard\libc_nano.a(libc_a-findfp.o)
 .text.stdio_exit_handler
                0x0800b560       0x18 C:/ST/STM32CubeIDE_1.16.0/STM32CubeIDE/plugins/com.st.stm32cube.ide.mcu.externaltools.gnu-tools-for-stm32.12.3.rel1.win32_1.0.200.202406191623/tools/bin/../lib/gcc/arm-none-eabi/12.3.1/../../../../arm-none-eabi/lib/thumb/v7e-m+fp/hard\libc_nano.a(libc_a-findfp.o)
 .text.cleanup_stdio
                0x0800b578       0x40 C:/ST/STM32CubeIDE_1.16.0/STM32CubeIDE/plugins/com.st.stm32cube.ide.mcu.externaltools.gnu-tools-for-stm32.12.3.rel1.win32_1.0.200.202406191623/tools/bin/../lib/gcc/arm-none-eabi/12.3.1/../../../../arm-none-eabi/lib/thumb/v7e-m+fp/hard\libc_nano.a(libc_a-findfp.o)
 .text.global_stdio_init.part.0
                0x0800b5b8       0x3c C:/ST/STM32CubeIDE_1.16.0/STM32CubeIDE/plugins/com.st.stm32cube.ide.mcu.externaltools.gnu-tools-for-stm32.12.3.rel1.win32_1.0.200.202406191623/tools/bin/../lib/gcc/arm-none-eabi/12.3.1/../../../../arm-none-eabi/lib/thumb/v7e-m+fp/hard\libc_nano.a(libc_a-findfp.o)
 .text.__sfp_lock_acquire
                0x0800b5f4        0xc C:/ST/STM32CubeIDE_1.16.0/STM32CubeIDE/plugins/com.st.stm32cube.ide.mcu.externaltools.gnu-tools-for-stm32.12.3.rel1.win32_1.0.200.202406191623/tools/bin/../lib/gcc/arm-none-eabi/12.3.1/../../../../arm-none-eabi/lib/thumb/v7e-m+fp/hard\libc_nano.a(libc_a-findfp.o)
                0x0800b5f4                __sfp_lock_acquire
 .text.__sfp_lock_release
                0x0800b600        0xc C:/ST/STM32CubeIDE_1.16.0/STM32CubeIDE/plugins/com.st.stm32cube.ide.mcu.externaltools.gnu-tools-for-stm32.12.3.rel1.win32_1.0.200.202406191623/tools/bin/../lib/gcc/arm-none-eabi/12.3.1/../../../../arm-none-eabi/lib/thumb/v7e-m+fp/hard\libc_nano.a(libc_a-findfp.o)
                0x0800b600                __sfp_lock_release
 .text.__sinit  0x0800b60c       0x30 C:/ST/STM32CubeIDE_1.16.0/STM32CubeIDE/plugins/com.st.stm32cube.ide.mcu.externaltools.gnu-tools-for-stm32.12.3.rel1.win32_1.0.200.202406191623/tools/bin/../lib/gcc/arm-none-eabi/12.3.1/../../../../arm-none-eabi/lib/thumb/v7e-m+fp/hard\libc_nano.a(libc_a-findfp.o)
                0x0800b60c                __sinit
 .text._fwalk_sglue
                0x0800b63c       0x3c C:/ST/STM32CubeIDE_1.16.0/STM32CubeIDE/plugins/com.st.stm32cube.ide.mcu.externaltools.gnu-tools-for-stm32.12.3.rel1.win32_1.0.200.202406191623/tools/bin/../lib/gcc/arm-none-eabi/12.3.1/../../../../arm-none-eabi/lib/thumb/v7e-m+fp/hard\libc_nano.a(libc_a-fwalk.o)
                0x0800b63c                _fwalk_sglue
 .text.snprintf
                0x0800b678       0x68 C:/ST/STM32CubeIDE_1.16.0/STM32CubeIDE/plugins/com.st.stm32cube.ide.mcu.externaltools.gnu-tools-for-stm32.12.3.rel1.win32_1.0.200.202406191623/tools/bin/../lib/gcc/arm-none-eabi/12.3.1/../../../../arm-none-eabi/lib/thumb/v7e-m+fp/hard\libc_nano.a(libc_a-snprintf.o)
                0x0800b678                sniprintf
                0x0800b678                snprintf
 .text.sprintf  0x0800b6e0       0x40 C:/ST/STM32CubeIDE_1.16.0/STM32CubeIDE/plugins/com.st.stm32cube.ide.mcu.externaltools.gnu-tools-for-stm32.12.3.rel1.win32_1.0.200.202406191623/tools/bin/../lib/gcc/arm-none-eabi/12.3.1/../../../../arm-none-eabi/lib/thumb/v7e-m+fp/hard\libc_nano.a(libc_a-sprintf.o)
                0x0800b6e0                siprintf
                0x0800b6e0                sprintf
 .text.__sread  0x0800b720       0x22 C:/ST/STM32CubeIDE_1.16.0/STM32CubeIDE/plugins/com.st.stm32cube.ide.mcu.externaltools.gnu-tools-for-stm32.12.3.rel1.win32_1.0.200.202406191623/tools/bin/../lib/gcc/arm-none-eabi/12.3.1/../../../../arm-none-eabi/lib/thumb/v7e-m+fp/hard\libc_nano.a(libc_a-stdio.o)
                0x0800b720                __sread
 .text.__swrite
                0x0800b742       0x38 C:/ST/STM32CubeIDE_1.16.0/STM32CubeIDE/plugins/com.st.stm32cube.ide.mcu.externaltools.gnu-tools-for-stm32.12.3.rel1.win32_1.0.200.202406191623/tools/bin/../lib/gcc/arm-none-eabi/12.3.1/../../../../arm-none-eabi/lib/thumb/v7e-m+fp/hard\libc_nano.a(libc_a-stdio.o)
                0x0800b742                __swrite
 .text.__sseek  0x0800b77a       0x24 C:/ST/STM32CubeIDE_1.16.0/STM32CubeIDE/plugins/com.st.stm32cube.ide.mcu.externaltools.gnu-tools-for-stm32.12.3.rel1.win32_1.0.200.202406191623/tools/bin/../lib/gcc/arm-none-eabi/12.3.1/../../../../arm-none-eabi/lib/thumb/v7e-m+fp/hard\libc_nano.a(libc_a-stdio.o)
                0x0800b77a                __sseek
 .text.__sclose
                0x0800b79e        0x8 C:/ST/STM32CubeIDE_1.16.0/STM32CubeIDE/plugins/com.st.stm32cube.ide.mcu.externaltools.gnu-tools-for-stm32.12.3.rel1.win32_1.0.200.202406191623/tools/bin/../lib/gcc/arm-none-eabi/12.3.1/../../../../arm-none-eabi/lib/thumb/v7e-m+fp/hard\libc_nano.a(libc_a-stdio.o)
                0x0800b79e                __sclose
 .text._vsnprintf_r
                0x0800b7a6       0x56 C:/ST/STM32CubeIDE_1.16.0/STM32CubeIDE/plugins/com.st.stm32cube.ide.mcu.externaltools.gnu-tools-for-stm32.12.3.rel1.win32_1.0.200.202406191623/tools/bin/../lib/gcc/arm-none-eabi/12.3.1/../../../../arm-none-eabi/lib/thumb/v7e-m+fp/hard\libc_nano.a(libc_a-vsnprintf.o)
                0x0800b7a6                _vsniprintf_r
                0x0800b7a6                _vsnprintf_r
 .text.vsnprintf
                0x0800b7fc       0x1c C:/ST/STM32CubeIDE_1.16.0/STM32CubeIDE/plugins/com.st.stm32cube.ide.mcu.externaltools.gnu-tools-for-stm32.12.3.rel1.win32_1.0.200.202406191623/tools/bin/../lib/gcc/arm-none-eabi/12.3.1/../../../../arm-none-eabi/lib/thumb/v7e-m+fp/hard\libc_nano.a(libc_a-vsnprintf.o)
                0x0800b7fc                vsniprintf
                0x0800b7fc                vsnprintf
 .text.memset   0x0800b818       0x10 C:/ST/STM32CubeIDE_1.16.0/STM32CubeIDE/plugins/com.st.stm32cube.ide.mcu.externaltools.gnu-tools-for-stm32.12.3.rel1.win32_1.0.200.202406191623/tools/bin/../lib/gcc/arm-none-eabi/12.3.1/../../../../arm-none-eabi/lib/thumb/v7e-m+fp/hard\libc_nano.a(libc_a-memset.o)
                0x0800b818                memset
 .text._localeconv_r
                0x0800b828        0x8 C:/ST/STM32CubeIDE_1.16.0/STM32CubeIDE/plugins/com.st.stm32cube.ide.mcu.externaltools.gnu-tools-for-stm32.12.3.rel1.win32_1.0.200.202406191623/tools/bin/../lib/gcc/arm-none-eabi/12.3.1/../../../../arm-none-eabi/lib/thumb/v7e-m+fp/hard\libc_nano.a(libc_a-localeconv.o)
                0x0800b828                _localeconv_r
 .text._close_r
                0x0800b830       0x20 C:/ST/STM32CubeIDE_1.16.0/STM32CubeIDE/plugins/com.st.stm32cube.ide.mcu.externaltools.gnu-tools-for-stm32.12.3.rel1.win32_1.0.200.202406191623/tools/bin/../lib/gcc/arm-none-eabi/12.3.1/../../../../arm-none-eabi/lib/thumb/v7e-m+fp/hard\libc_nano.a(libc_a-closer.o)
                0x0800b830                _close_r
 .text._lseek_r
                0x0800b850       0x24 C:/ST/STM32CubeIDE_1.16.0/STM32CubeIDE/plugins/com.st.stm32cube.ide.mcu.externaltools.gnu-tools-for-stm32.12.3.rel1.win32_1.0.200.202406191623/tools/bin/../lib/gcc/arm-none-eabi/12.3.1/../../../../arm-none-eabi/lib/thumb/v7e-m+fp/hard\libc_nano.a(libc_a-lseekr.o)
                0x0800b850                _lseek_r
 .text._read_r  0x0800b874       0x24 C:/ST/STM32CubeIDE_1.16.0/STM32CubeIDE/plugins/com.st.stm32cube.ide.mcu.externaltools.gnu-tools-for-stm32.12.3.rel1.win32_1.0.200.202406191623/tools/bin/../lib/gcc/arm-none-eabi/12.3.1/../../../../arm-none-eabi/lib/thumb/v7e-m+fp/hard\libc_nano.a(libc_a-readr.o)
                0x0800b874                _read_r
 .text._write_r
                0x0800b898       0x24 C:/ST/STM32CubeIDE_1.16.0/STM32CubeIDE/plugins/com.st.stm32cube.ide.mcu.externaltools.gnu-tools-for-stm32.12.3.rel1.win32_1.0.200.202406191623/tools/bin/../lib/gcc/arm-none-eabi/12.3.1/../../../../arm-none-eabi/lib/thumb/v7e-m+fp/hard\libc_nano.a(libc_a-writer.o)
                0x0800b898                _write_r
 .text.__errno  0x0800b8bc        0xc C:/ST/STM32CubeIDE_1.16.0/STM32CubeIDE/plugins/com.st.stm32cube.ide.mcu.externaltools.gnu-tools-for-stm32.12.3.rel1.win32_1.0.200.202406191623/tools/bin/../lib/gcc/arm-none-eabi/12.3.1/../../../../arm-none-eabi/lib/thumb/v7e-m+fp/hard\libc_nano.a(libc_a-errno.o)
                0x0800b8bc                __errno
 .text.__libc_init_array
                0x0800b8c8       0x48 C:/ST/STM32CubeIDE_1.16.0/STM32CubeIDE/plugins/com.st.stm32cube.ide.mcu.externaltools.gnu-tools-for-stm32.12.3.rel1.win32_1.0.200.202406191623/tools/bin/../lib/gcc/arm-none-eabi/12.3.1/../../../../arm-none-eabi/lib/thumb/v7e-m+fp/hard\libc_nano.a(libc_a-init.o)
                0x0800b8c8                __libc_init_array
 .text.__retarget_lock_init_recursive
                0x0800b910        0x2 C:/ST/STM32CubeIDE_1.16.0/STM32CubeIDE/plugins/com.st.stm32cube.ide.mcu.externaltools.gnu-tools-for-stm32.12.3.rel1.win32_1.0.200.202406191623/tools/bin/../lib/gcc/arm-none-eabi/12.3.1/../../../../arm-none-eabi/lib/thumb/v7e-m+fp/hard\libc_nano.a(libc_a-lock.o)
                0x0800b910                __retarget_lock_init_recursive
 .text.__retarget_lock_acquire_recursive
                0x0800b912        0x2 C:/ST/STM32CubeIDE_1.16.0/STM32CubeIDE/plugins/com.st.stm32cube.ide.mcu.externaltools.gnu-tools-for-stm32.12.3.rel1.win32_1.0.200.202406191623/tools/bin/../lib/gcc/arm-none-eabi/12.3.1/../../../../arm-none-eabi/lib/thumb/v7e-m+fp/hard\libc_nano.a(libc_a-lock.o)
                0x0800b912                __retarget_lock_acquire_recursive
 .text.__retarget_lock_release_recursive
                0x0800b914        0x2 C:/ST/STM32CubeIDE_1.16.0/STM32CubeIDE/plugins/com.st.stm32cube.ide.mcu.externaltools.gnu-tools-for-stm32.12.3.rel1.win32_1.0.200.202406191623/tools/bin/../lib/gcc/arm-none-eabi/12.3.1/../../../../arm-none-eabi/lib/thumb/v7e-m+fp/hard\libc_nano.a(libc_a-lock.o)
                0x0800b914                __retarget_lock_release_recursive
 .text.memcpy   0x0800b916       0x1c C:/ST/STM32CubeIDE_1.16.0/STM32CubeIDE/plugins/com.st.stm32cube.ide.mcu.externaltools.gnu-tools-for-stm32.12.3.rel1.win32_1.0.200.202406191623/tools/bin/../lib/gcc/arm-none-eabi/12.3.1/../../../../arm-none-eabi/lib/thumb/v7e-m+fp/hard\libc_nano.a(libc_a-memcpy-stub.o)
                0x0800b916                memcpy
 .text.quorem   0x0800b932      0x110 C:/ST/STM32CubeIDE_1.16.0/STM32CubeIDE/plugins/com.st.stm32cube.ide.mcu.externaltools.gnu-tools-for-stm32.12.3.rel1.win32_1.0.200.202406191623/tools/bin/../lib/gcc/arm-none-eabi/12.3.1/../../../../arm-none-eabi/lib/thumb/v7e-m+fp/hard\libc_nano.a(libc_a-dtoa.o)
 *fill*         0x0800ba42        0x6 
 .text._dtoa_r  0x0800ba48      0xb88 C:/ST/STM32CubeIDE_1.16.0/STM32CubeIDE/plugins/com.st.stm32cube.ide.mcu.externaltools.gnu-tools-for-stm32.12.3.rel1.win32_1.0.200.202406191623/tools/bin/../lib/gcc/arm-none-eabi/12.3.1/../../../../arm-none-eabi/lib/thumb/v7e-m+fp/hard\libc_nano.a(libc_a-dtoa.o)
                0x0800ba48                _dtoa_r
 .text._free_r  0x0800c5d0       0x94 C:/ST/STM32CubeIDE_1.16.0/STM32CubeIDE/plugins/com.st.stm32cube.ide.mcu.externaltools.gnu-tools-for-stm32.12.3.rel1.win32_1.0.200.202406191623/tools/bin/../lib/gcc/arm-none-eabi/12.3.1/../../../../arm-none-eabi/lib/thumb/v7e-m+fp/hard\libc_nano.a(libc_a-freer.o)
                0x0800c5d0                _free_r
 .text.malloc   0x0800c664       0x10 C:/ST/STM32CubeIDE_1.16.0/STM32CubeIDE/plugins/com.st.stm32cube.ide.mcu.externaltools.gnu-tools-for-stm32.12.3.rel1.win32_1.0.200.202406191623/tools/bin/../lib/gcc/arm-none-eabi/12.3.1/../../../../arm-none-eabi/lib/thumb/v7e-m+fp/hard\libc_nano.a(libc_a-malloc.o)
                0x0800c664                malloc
 .text.sbrk_aligned
                0x0800c674       0x44 C:/ST/STM32CubeIDE_1.16.0/STM32CubeIDE/plugins/com.st.stm32cube.ide.mcu.externaltools.gnu-tools-for-stm32.12.3.rel1.win32_1.0.200.202406191623/tools/bin/../lib/gcc/arm-none-eabi/12.3.1/../../../../arm-none-eabi/lib/thumb/v7e-m+fp/hard\libc_nano.a(libc_a-mallocr.o)
 .text._malloc_r
                0x0800c6b8      0x100 C:/ST/STM32CubeIDE_1.16.0/STM32CubeIDE/plugins/com.st.stm32cube.ide.mcu.externaltools.gnu-tools-for-stm32.12.3.rel1.win32_1.0.200.202406191623/tools/bin/../lib/gcc/arm-none-eabi/12.3.1/../../../../arm-none-eabi/lib/thumb/v7e-m+fp/hard\libc_nano.a(libc_a-mallocr.o)
                0x0800c6b8                _malloc_r
 .text.__malloc_lock
                0x0800c7b8        0xc C:/ST/STM32CubeIDE_1.16.0/STM32CubeIDE/plugins/com.st.stm32cube.ide.mcu.externaltools.gnu-tools-for-stm32.12.3.rel1.win32_1.0.200.202406191623/tools/bin/../lib/gcc/arm-none-eabi/12.3.1/../../../../arm-none-eabi/lib/thumb/v7e-m+fp/hard\libc_nano.a(libc_a-mlock.o)
                0x0800c7b8                __malloc_lock
 .text.__malloc_unlock
                0x0800c7c4        0xc C:/ST/STM32CubeIDE_1.16.0/STM32CubeIDE/plugins/com.st.stm32cube.ide.mcu.externaltools.gnu-tools-for-stm32.12.3.rel1.win32_1.0.200.202406191623/tools/bin/../lib/gcc/arm-none-eabi/12.3.1/../../../../arm-none-eabi/lib/thumb/v7e-m+fp/hard\libc_nano.a(libc_a-mlock.o)
                0x0800c7c4                __malloc_unlock
 .text._Balloc  0x0800c7d0       0x80 C:/ST/STM32CubeIDE_1.16.0/STM32CubeIDE/plugins/com.st.stm32cube.ide.mcu.externaltools.gnu-tools-for-stm32.12.3.rel1.win32_1.0.200.202406191623/tools/bin/../lib/gcc/arm-none-eabi/12.3.1/../../../../arm-none-eabi/lib/thumb/v7e-m+fp/hard\libc_nano.a(libc_a-mprec.o)
                0x0800c7d0                _Balloc
 .text._Bfree   0x0800c850       0x44 C:/ST/STM32CubeIDE_1.16.0/STM32CubeIDE/plugins/com.st.stm32cube.ide.mcu.externaltools.gnu-tools-for-stm32.12.3.rel1.win32_1.0.200.202406191623/tools/bin/../lib/gcc/arm-none-eabi/12.3.1/../../../../arm-none-eabi/lib/thumb/v7e-m+fp/hard\libc_nano.a(libc_a-mprec.o)
                0x0800c850                _Bfree
 .text.__multadd
                0x0800c894       0x8c C:/ST/STM32CubeIDE_1.16.0/STM32CubeIDE/plugins/com.st.stm32cube.ide.mcu.externaltools.gnu-tools-for-stm32.12.3.rel1.win32_1.0.200.202406191623/tools/bin/../lib/gcc/arm-none-eabi/12.3.1/../../../../arm-none-eabi/lib/thumb/v7e-m+fp/hard\libc_nano.a(libc_a-mprec.o)
                0x0800c894                __multadd
 .text.__hi0bits
                0x0800c920       0x3e C:/ST/STM32CubeIDE_1.16.0/STM32CubeIDE/plugins/com.st.stm32cube.ide.mcu.externaltools.gnu-tools-for-stm32.12.3.rel1.win32_1.0.200.202406191623/tools/bin/../lib/gcc/arm-none-eabi/12.3.1/../../../../arm-none-eabi/lib/thumb/v7e-m+fp/hard\libc_nano.a(libc_a-mprec.o)
                0x0800c920                __hi0bits
 .text.__lo0bits
                0x0800c95e       0x5a C:/ST/STM32CubeIDE_1.16.0/STM32CubeIDE/plugins/com.st.stm32cube.ide.mcu.externaltools.gnu-tools-for-stm32.12.3.rel1.win32_1.0.200.202406191623/tools/bin/../lib/gcc/arm-none-eabi/12.3.1/../../../../arm-none-eabi/lib/thumb/v7e-m+fp/hard\libc_nano.a(libc_a-mprec.o)
                0x0800c95e                __lo0bits
 .text.__i2b    0x0800c9b8       0x2c C:/ST/STM32CubeIDE_1.16.0/STM32CubeIDE/plugins/com.st.stm32cube.ide.mcu.externaltools.gnu-tools-for-stm32.12.3.rel1.win32_1.0.200.202406191623/tools/bin/../lib/gcc/arm-none-eabi/12.3.1/../../../../arm-none-eabi/lib/thumb/v7e-m+fp/hard\libc_nano.a(libc_a-mprec.o)
                0x0800c9b8                __i2b
 .text.__multiply
                0x0800c9e4      0x154 C:/ST/STM32CubeIDE_1.16.0/STM32CubeIDE/plugins/com.st.stm32cube.ide.mcu.externaltools.gnu-tools-for-stm32.12.3.rel1.win32_1.0.200.202406191623/tools/bin/../lib/gcc/arm-none-eabi/12.3.1/../../../../arm-none-eabi/lib/thumb/v7e-m+fp/hard\libc_nano.a(libc_a-mprec.o)
                0x0800c9e4                __multiply
 .text.__pow5mult
                0x0800cb38       0xb4 C:/ST/STM32CubeIDE_1.16.0/STM32CubeIDE/plugins/com.st.stm32cube.ide.mcu.externaltools.gnu-tools-for-stm32.12.3.rel1.win32_1.0.200.202406191623/tools/bin/../lib/gcc/arm-none-eabi/12.3.1/../../../../arm-none-eabi/lib/thumb/v7e-m+fp/hard\libc_nano.a(libc_a-mprec.o)
                0x0800cb38                __pow5mult
 .text.__lshift
                0x0800cbec       0xd8 C:/ST/STM32CubeIDE_1.16.0/STM32CubeIDE/plugins/com.st.stm32cube.ide.mcu.externaltools.gnu-tools-for-stm32.12.3.rel1.win32_1.0.200.202406191623/tools/bin/../lib/gcc/arm-none-eabi/12.3.1/../../../../arm-none-eabi/lib/thumb/v7e-m+fp/hard\libc_nano.a(libc_a-mprec.o)
                0x0800cbec                __lshift
 .text.__mcmp   0x0800ccc4       0x36 C:/ST/STM32CubeIDE_1.16.0/STM32CubeIDE/plugins/com.st.stm32cube.ide.mcu.externaltools.gnu-tools-for-stm32.12.3.rel1.win32_1.0.200.202406191623/tools/bin/../lib/gcc/arm-none-eabi/12.3.1/../../../../arm-none-eabi/lib/thumb/v7e-m+fp/hard\libc_nano.a(libc_a-mprec.o)
                0x0800ccc4                __mcmp
 *fill*         0x0800ccfa        0x2 
 .text.__mdiff  0x0800ccfc      0x128 C:/ST/STM32CubeIDE_1.16.0/STM32CubeIDE/plugins/com.st.stm32cube.ide.mcu.externaltools.gnu-tools-for-stm32.12.3.rel1.win32_1.0.200.202406191623/tools/bin/../lib/gcc/arm-none-eabi/12.3.1/../../../../arm-none-eabi/lib/thumb/v7e-m+fp/hard\libc_nano.a(libc_a-mprec.o)
                0x0800ccfc                __mdiff
 .text.__d2b    0x0800ce24       0xb0 C:/ST/STM32CubeIDE_1.16.0/STM32CubeIDE/plugins/com.st.stm32cube.ide.mcu.externaltools.gnu-tools-for-stm32.12.3.rel1.win32_1.0.200.202406191623/tools/bin/../lib/gcc/arm-none-eabi/12.3.1/../../../../arm-none-eabi/lib/thumb/v7e-m+fp/hard\libc_nano.a(libc_a-mprec.o)
                0x0800ce24                __d2b
 .text.__ssputs_r
                0x0800ced4       0xb6 C:/ST/STM32CubeIDE_1.16.0/STM32CubeIDE/plugins/com.st.stm32cube.ide.mcu.externaltools.gnu-tools-for-stm32.12.3.rel1.win32_1.0.200.202406191623/tools/bin/../lib/gcc/arm-none-eabi/12.3.1/../../../../arm-none-eabi/lib/thumb/v7e-m+fp/hard\libc_nano.a(libc_a-nano-svfprintf.o)
                0x0800ced4                __ssputs_r
 *fill*         0x0800cf8a        0x2 
 .text._svfprintf_r
                0x0800cf8c      0x1f8 C:/ST/STM32CubeIDE_1.16.0/STM32CubeIDE/plugins/com.st.stm32cube.ide.mcu.externaltools.gnu-tools-for-stm32.12.3.rel1.win32_1.0.200.202406191623/tools/bin/../lib/gcc/arm-none-eabi/12.3.1/../../../../arm-none-eabi/lib/thumb/v7e-m+fp/hard\libc_nano.a(libc_a-nano-svfprintf.o)
                0x0800cf8c                _svfiprintf_r
                0x0800cf8c                _svfprintf_r
 .text.__sflush_r
                0x0800d184      0x108 C:/ST/STM32CubeIDE_1.16.0/STM32CubeIDE/plugins/com.st.stm32cube.ide.mcu.externaltools.gnu-tools-for-stm32.12.3.rel1.win32_1.0.200.202406191623/tools/bin/../lib/gcc/arm-none-eabi/12.3.1/../../../../arm-none-eabi/lib/thumb/v7e-m+fp/hard\libc_nano.a(libc_a-fflush.o)
                0x0800d184                __sflush_r
 .text._fflush_r
                0x0800d28c       0x50 C:/ST/STM32CubeIDE_1.16.0/STM32CubeIDE/plugins/com.st.stm32cube.ide.mcu.externaltools.gnu-tools-for-stm32.12.3.rel1.win32_1.0.200.202406191623/tools/bin/../lib/gcc/arm-none-eabi/12.3.1/../../../../arm-none-eabi/lib/thumb/v7e-m+fp/hard\libc_nano.a(libc_a-fflush.o)
                0x0800d28c                _fflush_r
 .text.memmove  0x0800d2dc       0x34 C:/ST/STM32CubeIDE_1.16.0/STM32CubeIDE/plugins/com.st.stm32cube.ide.mcu.externaltools.gnu-tools-for-stm32.12.3.rel1.win32_1.0.200.202406191623/tools/bin/../lib/gcc/arm-none-eabi/12.3.1/../../../../arm-none-eabi/lib/thumb/v7e-m+fp/hard\libc_nano.a(libc_a-memmove.o)
                0x0800d2dc                memmove
 .text._sbrk_r  0x0800d310       0x20 C:/ST/STM32CubeIDE_1.16.0/STM32CubeIDE/plugins/com.st.stm32cube.ide.mcu.externaltools.gnu-tools-for-stm32.12.3.rel1.win32_1.0.200.202406191623/tools/bin/../lib/gcc/arm-none-eabi/12.3.1/../../../../arm-none-eabi/lib/thumb/v7e-m+fp/hard\libc_nano.a(libc_a-sbrkr.o)
                0x0800d310                _sbrk_r
 .text.__assert_func
                0x0800d330       0x3c C:/ST/STM32CubeIDE_1.16.0/STM32CubeIDE/plugins/com.st.stm32cube.ide.mcu.externaltools.gnu-tools-for-stm32.12.3.rel1.win32_1.0.200.202406191623/tools/bin/../lib/gcc/arm-none-eabi/12.3.1/../../../../arm-none-eabi/lib/thumb/v7e-m+fp/hard\libc_nano.a(libc_a-assert.o)
                0x0800d330                __assert_func
 .text._calloc_r
                0x0800d36c       0x28 C:/ST/STM32CubeIDE_1.16.0/STM32CubeIDE/plugins/com.st.stm32cube.ide.mcu.externaltools.gnu-tools-for-stm32.12.3.rel1.win32_1.0.200.202406191623/tools/bin/../lib/gcc/arm-none-eabi/12.3.1/../../../../arm-none-eabi/lib/thumb/v7e-m+fp/hard\libc_nano.a(libc_a-callocr.o)
                0x0800d36c                _calloc_r
 .text.__ascii_mbtowc
                0x0800d394       0x24 C:/ST/STM32CubeIDE_1.16.0/STM32CubeIDE/plugins/com.st.stm32cube.ide.mcu.externaltools.gnu-tools-for-stm32.12.3.rel1.win32_1.0.200.202406191623/tools/bin/../lib/gcc/arm-none-eabi/12.3.1/../../../../arm-none-eabi/lib/thumb/v7e-m+fp/hard\libc_nano.a(libc_a-mbtowc_r.o)
                0x0800d394                __ascii_mbtowc
 .text._realloc_r
                0x0800d3b8       0x5c C:/ST/STM32CubeIDE_1.16.0/STM32CubeIDE/plugins/com.st.stm32cube.ide.mcu.externaltools.gnu-tools-for-stm32.12.3.rel1.win32_1.0.200.202406191623/tools/bin/../lib/gcc/arm-none-eabi/12.3.1/../../../../arm-none-eabi/lib/thumb/v7e-m+fp/hard\libc_nano.a(libc_a-reallocr.o)
                0x0800d3b8                _realloc_r
 .text.__ascii_wctomb
                0x0800d414       0x1a C:/ST/STM32CubeIDE_1.16.0/STM32CubeIDE/plugins/com.st.stm32cube.ide.mcu.externaltools.gnu-tools-for-stm32.12.3.rel1.win32_1.0.200.202406191623/tools/bin/../lib/gcc/arm-none-eabi/12.3.1/../../../../arm-none-eabi/lib/thumb/v7e-m+fp/hard\libc_nano.a(libc_a-wctomb_r.o)
                0x0800d414                __ascii_wctomb
 *fill*         0x0800d42e        0x2 
 .text.fprintf  0x0800d430       0x24 C:/ST/STM32CubeIDE_1.16.0/STM32CubeIDE/plugins/com.st.stm32cube.ide.mcu.externaltools.gnu-tools-for-stm32.12.3.rel1.win32_1.0.200.202406191623/tools/bin/../lib/gcc/arm-none-eabi/12.3.1/../../../../arm-none-eabi/lib/thumb/v7e-m+fp/hard\libc_nano.a(libc_a-fprintf.o)
                0x0800d430                fiprintf
                0x0800d430                fprintf
 .text.abort    0x0800d454        0xe C:/ST/STM32CubeIDE_1.16.0/STM32CubeIDE/plugins/com.st.stm32cube.ide.mcu.externaltools.gnu-tools-for-stm32.12.3.rel1.win32_1.0.200.202406191623/tools/bin/../lib/gcc/arm-none-eabi/12.3.1/../../../../arm-none-eabi/lib/thumb/v7e-m+fp/hard\libc_nano.a(libc_a-abort.o)
                0x0800d454                abort
 .text._malloc_usable_size_r
                0x0800d462       0x10 C:/ST/STM32CubeIDE_1.16.0/STM32CubeIDE/plugins/com.st.stm32cube.ide.mcu.externaltools.gnu-tools-for-stm32.12.3.rel1.win32_1.0.200.202406191623/tools/bin/../lib/gcc/arm-none-eabi/12.3.1/../../../../arm-none-eabi/lib/thumb/v7e-m+fp/hard\libc_nano.a(libc_a-msizer.o)
                0x0800d462                _malloc_usable_size_r
 .text.__sfputc_r
                0x0800d472       0x2e C:/ST/STM32CubeIDE_1.16.0/STM32CubeIDE/plugins/com.st.stm32cube.ide.mcu.externaltools.gnu-tools-for-stm32.12.3.rel1.win32_1.0.200.202406191623/tools/bin/../lib/gcc/arm-none-eabi/12.3.1/../../../../arm-none-eabi/lib/thumb/v7e-m+fp/hard\libc_nano.a(libc_a-nano-vfprintf.o)
 .text.__sfputs_r
                0x0800d4a0       0x24 C:/ST/STM32CubeIDE_1.16.0/STM32CubeIDE/plugins/com.st.stm32cube.ide.mcu.externaltools.gnu-tools-for-stm32.12.3.rel1.win32_1.0.200.202406191623/tools/bin/../lib/gcc/arm-none-eabi/12.3.1/../../../../arm-none-eabi/lib/thumb/v7e-m+fp/hard\libc_nano.a(libc_a-nano-vfprintf.o)
                0x0800d4a0                __sfputs_r
 .text._vfprintf_r
                0x0800d4c4      0x230 C:/ST/STM32CubeIDE_1.16.0/STM32CubeIDE/plugins/com.st.stm32cube.ide.mcu.externaltools.gnu-tools-for-stm32.12.3.rel1.win32_1.0.200.202406191623/tools/bin/../lib/gcc/arm-none-eabi/12.3.1/../../../../arm-none-eabi/lib/thumb/v7e-m+fp/hard\libc_nano.a(libc_a-nano-vfprintf.o)
                0x0800d4c4                _vfprintf_r
                0x0800d4c4                _vfiprintf_r
 .text.__swbuf_r
                0x0800d6f4       0x7c C:/ST/STM32CubeIDE_1.16.0/STM32CubeIDE/plugins/com.st.stm32cube.ide.mcu.externaltools.gnu-tools-for-stm32.12.3.rel1.win32_1.0.200.202406191623/tools/bin/../lib/gcc/arm-none-eabi/12.3.1/../../../../arm-none-eabi/lib/thumb/v7e-m+fp/hard\libc_nano.a(libc_a-wbuf.o)
                0x0800d6f4                __swbuf_r
 .text.__swsetup_r
                0x0800d770       0xac C:/ST/STM32CubeIDE_1.16.0/STM32CubeIDE/plugins/com.st.stm32cube.ide.mcu.externaltools.gnu-tools-for-stm32.12.3.rel1.win32_1.0.200.202406191623/tools/bin/../lib/gcc/arm-none-eabi/12.3.1/../../../../arm-none-eabi/lib/thumb/v7e-m+fp/hard\libc_nano.a(libc_a-wsetup.o)
                0x0800d770                __swsetup_r
 .text._raise_r
                0x0800d81c       0x50 C:/ST/STM32CubeIDE_1.16.0/STM32CubeIDE/plugins/com.st.stm32cube.ide.mcu.externaltools.gnu-tools-for-stm32.12.3.rel1.win32_1.0.200.202406191623/tools/bin/../lib/gcc/arm-none-eabi/12.3.1/../../../../arm-none-eabi/lib/thumb/v7e-m+fp/hard\libc_nano.a(libc_a-signal.o)
                0x0800d81c                _raise_r
 .text.raise    0x0800d86c       0x10 C:/ST/STM32CubeIDE_1.16.0/STM32CubeIDE/plugins/com.st.stm32cube.ide.mcu.externaltools.gnu-tools-for-stm32.12.3.rel1.win32_1.0.200.202406191623/tools/bin/../lib/gcc/arm-none-eabi/12.3.1/../../../../arm-none-eabi/lib/thumb/v7e-m+fp/hard\libc_nano.a(libc_a-signal.o)
                0x0800d86c                raise
 .text._kill_r  0x0800d87c       0x24 C:/ST/STM32CubeIDE_1.16.0/STM32CubeIDE/plugins/com.st.stm32cube.ide.mcu.externaltools.gnu-tools-for-stm32.12.3.rel1.win32_1.0.200.202406191623/tools/bin/../lib/gcc/arm-none-eabi/12.3.1/../../../../arm-none-eabi/lib/thumb/v7e-m+fp/hard\libc_nano.a(libc_a-signalr.o)
                0x0800d87c                _kill_r
 .text._getpid_r
                0x0800d8a0        0x4 C:/ST/STM32CubeIDE_1.16.0/STM32CubeIDE/plugins/com.st.stm32cube.ide.mcu.externaltools.gnu-tools-for-stm32.12.3.rel1.win32_1.0.200.202406191623/tools/bin/../lib/gcc/arm-none-eabi/12.3.1/../../../../arm-none-eabi/lib/thumb/v7e-m+fp/hard\libc_nano.a(libc_a-signalr.o)
                0x0800d8a0                _getpid_r
 .text.__swhatbuf_r
                0x0800d8a4       0x4c C:/ST/STM32CubeIDE_1.16.0/STM32CubeIDE/plugins/com.st.stm32cube.ide.mcu.externaltools.gnu-tools-for-stm32.12.3.rel1.win32_1.0.200.202406191623/tools/bin/../lib/gcc/arm-none-eabi/12.3.1/../../../../arm-none-eabi/lib/thumb/v7e-m+fp/hard\libc_nano.a(libc_a-makebuf.o)
                0x0800d8a4                __swhatbuf_r
 .text.__smakebuf_r
                0x0800d8f0       0x78 C:/ST/STM32CubeIDE_1.16.0/STM32CubeIDE/plugins/com.st.stm32cube.ide.mcu.externaltools.gnu-tools-for-stm32.12.3.rel1.win32_1.0.200.202406191623/tools/bin/../lib/gcc/arm-none-eabi/12.3.1/../../../../arm-none-eabi/lib/thumb/v7e-m+fp/hard\libc_nano.a(libc_a-makebuf.o)
                0x0800d8f0                __smakebuf_r
 .text._fstat_r
                0x0800d968       0x24 C:/ST/STM32CubeIDE_1.16.0/STM32CubeIDE/plugins/com.st.stm32cube.ide.mcu.externaltools.gnu-tools-for-stm32.12.3.rel1.win32_1.0.200.202406191623/tools/bin/../lib/gcc/arm-none-eabi/12.3.1/../../../../arm-none-eabi/lib/thumb/v7e-m+fp/hard\libc_nano.a(libc_a-fstatr.o)
                0x0800d968                _fstat_r
 .text._isatty_r
                0x0800d98c       0x20 C:/ST/STM32CubeIDE_1.16.0/STM32CubeIDE/plugins/com.st.stm32cube.ide.mcu.externaltools.gnu-tools-for-stm32.12.3.rel1.win32_1.0.200.202406191623/tools/bin/../lib/gcc/arm-none-eabi/12.3.1/../../../../arm-none-eabi/lib/thumb/v7e-m+fp/hard\libc_nano.a(libc_a-isattyr.o)
                0x0800d98c                _isatty_r
 *(.glue_7)
 .glue_7        0x0800d9ac        0x0 linker stubs
 *(.glue_7t)
 .glue_7t       0x0800d9ac        0x0 linker stubs
 *(.eh_frame)
 .eh_frame      0x0800d9ac        0x0 C:/ST/STM32CubeIDE_1.16.0/STM32CubeIDE/plugins/com.st.stm32cube.ide.mcu.externaltools.gnu-tools-for-stm32.12.3.rel1.win32_1.0.200.202406191623/tools/bin/../lib/gcc/arm-none-eabi/12.3.1/thumb/v7e-m+fp/hard/crtbegin.o
 *(.init)
 .init          0x0800d9ac        0x4 C:/ST/STM32CubeIDE_1.16.0/STM32CubeIDE/plugins/com.st.stm32cube.ide.mcu.externaltools.gnu-tools-for-stm32.12.3.rel1.win32_1.0.200.202406191623/tools/bin/../lib/gcc/arm-none-eabi/12.3.1/thumb/v7e-m+fp/hard/crti.o