../bsp/chirp_stm32.c:10:13:int1_dir_in	40	static
../bsp/chirp_stm32.c:23:13:int1_dir_out	40	static
../bsp/chirp_stm32.c:37:6:chbsp_set_int1_dir_in	16	static
../bsp/chirp_stm32.c:38:6:chbsp_set_int1_dir_out	16	static
../bsp/chirp_stm32.c:40:6:chbsp_group_set_int1_dir_in	24	static
../bsp/chirp_stm32.c:45:6:chbsp_group_set_int1_dir_out	24	static
../bsp/chirp_stm32.c:50:6:chbsp_int1_clear	16	static
../bsp/chirp_stm32.c:57:6:chbsp_group_int1_clear	16	static
../bsp/chirp_stm32.c:62:6:chbsp_int1_set	16	static
../bsp/chirp_stm32.c:69:6:chbsp_group_int1_set	16	static
../bsp/chirp_stm32.c:74:6:chbsp_int1_interrupt_enable	16	static
../bsp/chirp_stm32.c:81:6:chbsp_group_int1_interrupt_enable	16	static
../bsp/chirp_stm32.c:86:6:chbsp_int1_interrupt_disable	16	static
../bsp/chirp_stm32.c:93:6:chbsp_group_int1_interrupt_disable	16	static
../bsp/chirp_stm32.c:98:6:chbsp_delay_ms	16	static
../bsp/chirp_stm32.c:99:10:chbsp_timestamp_ms	8	static
../bsp/chirp_stm32.c:101:6:chbsp_event_notify	16	static
../bsp/chirp_stm32.c:105:9:chbsp_event_wait	24	static,ignoring_inline_asm
../bsp/chirp_stm32.c:117:6:chbsp_event_wait_setup	16	static
../bsp/chirp_stm32.c:122:6:chbsp_spi_cs_on	16	static
../bsp/chirp_stm32.c:130:6:chbsp_spi_cs_off	16	static
../bsp/chirp_stm32.c:138:5:chbsp_spi_write	24	static
../bsp/chirp_stm32.c:142:5:chbsp_spi_read	24	static
../bsp/chirp_stm32.c:147:6:chbsp_debug_toggle	16	static
../bsp/chirp_stm32.c:148:6:chbsp_debug_on	16	static
../bsp/chirp_stm32.c:149:6:chbsp_program_disable	16	static
../bsp/chirp_stm32.c:151:6:chbsp_group_set_int2_dir_out	16	static
../bsp/chirp_stm32.c:152:6:chbsp_set_int2_dir_out	16	static
../bsp/chirp_stm32.c:153:6:chbsp_group_set_int2_dir_in	16	static
../bsp/chirp_stm32.c:154:6:chbsp_set_int2_dir_in	16	static
../bsp/chirp_stm32.c:155:6:chbsp_group_int2_clear	16	static
../bsp/chirp_stm32.c:156:6:chbsp_int2_clear	16	static
../bsp/chirp_stm32.c:157:6:chbsp_group_int2_set	16	static
../bsp/chirp_stm32.c:158:6:chbsp_int2_set	16	static
../bsp/chirp_stm32.c:159:6:chbsp_group_int2_interrupt_enable	16	static
../bsp/chirp_stm32.c:160:6:chbsp_int2_interrupt_enable	16	static
../bsp/chirp_stm32.c:161:6:chbsp_group_int2_interrupt_disable	16	static
../bsp/chirp_stm32.c:162:6:chbsp_int2_interrupt_disable	16	static
../bsp/chirp_stm32.c:164:6:dwt_delay_init	4	static
../bsp/chirp_stm32.c:171:6:chbsp_delay_us	24	static
../bsp/chirp_stm32.c:180:6:chbsp_pulse_len_hint_us	16	static
../bsp/chirp_stm32.c:185:5:chbsp_i2c_mem_read_nb	24	static
../bsp/chirp_stm32.c:186:6:chbsp_i2c_reset	16	static
../bsp/chirp_stm32.c:187:5:chbsp_spi_mem_read_nb	24	static
../bsp/chirp_stm32.c:188:6:chbsp_print_str	16	static
