running egg_info
writing ../../build/ultrasonic_nav/ultrasonic_nav.egg-info/PKG-INFO
writing dependency_links to ../../build/ultrasonic_nav/ultrasonic_nav.egg-info/dependency_links.txt
writing entry points to ../../build/ultrasonic_nav/ultrasonic_nav.egg-info/entry_points.txt
writing requirements to ../../build/ultrasonic_nav/ultrasonic_nav.egg-info/requires.txt
writing top-level names to ../../build/ultrasonic_nav/ultrasonic_nav.egg-info/top_level.txt
reading manifest file '../../build/ultrasonic_nav/ultrasonic_nav.egg-info/SOURCES.txt'
writing manifest file '../../build/ultrasonic_nav/ultrasonic_nav.egg-info/SOURCES.txt'
running build
running build_py
copying ultrasonic_nav/obstacle_avoidance_node.py -> /home/aleks/Joe-thesis-2026-Sensor-integration/semubot_ros2_collision_avoidance_ws/build/ultrasonic_nav/build/lib/ultrasonic_nav
running install
running install_lib
copying /home/aleks/Joe-thesis-2026-Sensor-integration/semubot_ros2_collision_avoidance_ws/build/ultrasonic_nav/build/lib/ultrasonic_nav/obstacle_avoidance_node.py -> /home/aleks/Joe-thesis-2026-Sensor-integration/semubot_ros2_collision_avoidance_ws/install/ultrasonic_nav/lib/python3.12/site-packages/ultrasonic_nav
byte-compiling /home/aleks/Joe-thesis-2026-Sensor-integration/semubot_ros2_collision_avoidance_ws/install/ultrasonic_nav/lib/python3.12/site-packages/ultrasonic_nav/obstacle_avoidance_node.py to obstacle_avoidance_node.cpython-312.pyc
running install_data
copying package.xml -> /home/aleks/Joe-thesis-2026-Sensor-integration/semubot_ros2_collision_avoidance_ws/install/ultrasonic_nav/share/ultrasonic_nav
copying launch/obstacle_avoidance.launch.py -> /home/aleks/Joe-thesis-2026-Sensor-integration/semubot_ros2_collision_avoidance_ws/install/ultrasonic_nav/share/ultrasonic_nav/launch
copying config/params.yaml -> /home/aleks/Joe-thesis-2026-Sensor-integration/semubot_ros2_collision_avoidance_ws/install/ultrasonic_nav/share/ultrasonic_nav/config
running install_egg_info
removing '/home/aleks/Joe-thesis-2026-Sensor-integration/semubot_ros2_collision_avoidance_ws/install/ultrasonic_nav/lib/python3.12/site-packages/ultrasonic_nav-0.1.0-py3.12.egg-info' (and everything under it)
Copying ../../build/ultrasonic_nav/ultrasonic_nav.egg-info to /home/aleks/Joe-thesis-2026-Sensor-integration/semubot_ros2_collision_avoidance_ws/install/ultrasonic_nav/lib/python3.12/site-packages/ultrasonic_nav-0.1.0-py3.12.egg-info
running install_scripts
Installing obstacle_avoidance_node script to /home/aleks/Joe-thesis-2026-Sensor-integration/semubot_ros2_collision_avoidance_ws/install/ultrasonic_nav/lib/ultrasonic_nav
writing list of installed files to '/home/aleks/Joe-thesis-2026-Sensor-integration/semubot_ros2_collision_avoidance_ws/build/ultrasonic_nav/install.log'
