[1.004s] Invoking command in '/home/aleks/Joe-thesis-2026-Sensor-integration/semubot_ros2_collision_avoidance_ws/src/ultrasonic_nav': DEBUGINFOD_URLS=https://debuginfod.ubuntu.com PYTHONPATH=/home/aleks/Joe-thesis-2026-Sensor-integration/semubot_ros2_collision_avoidance_ws/build/ultrasonic_nav/prefix_override:/usr/lib/python3/dist-packages/colcon_core/task/python/colcon_distutils_commands:/home/aleks/Joe-thesis-2026-Sensor-integration/semubot_ros2_collision_avoidance_ws/install/ultrasonic_nav/lib/python3.12/site-packages:${PYTHONPATH} /usr/bin/python3 -W ignore:setup.py install is deprecated -W ignore:easy_install command is deprecated setup.py egg_info --egg-base ../../build/ultrasonic_nav build --build-base /home/aleks/Joe-thesis-2026-Sensor-integration/semubot_ros2_collision_avoidance_ws/build/ultrasonic_nav/build install --record /home/aleks/Joe-thesis-2026-Sensor-integration/semubot_ros2_collision_avoidance_ws/build/ultrasonic_nav/install.log --single-version-externally-managed install_data
[1.348s] running egg_info
[1.374s] writing ../../build/ultrasonic_nav/ultrasonic_nav.egg-info/PKG-INFO
[1.374s] writing dependency_links to ../../build/ultrasonic_nav/ultrasonic_nav.egg-info/dependency_links.txt
[1.374s] writing entry points to ../../build/ultrasonic_nav/ultrasonic_nav.egg-info/entry_points.txt
[1.374s] writing requirements to ../../build/ultrasonic_nav/ultrasonic_nav.egg-info/requires.txt
[1.374s] writing top-level names to ../../build/ultrasonic_nav/ultrasonic_nav.egg-info/top_level.txt
[1.427s] reading manifest file '../../build/ultrasonic_nav/ultrasonic_nav.egg-info/SOURCES.txt'
[1.428s] writing manifest file '../../build/ultrasonic_nav/ultrasonic_nav.egg-info/SOURCES.txt'
[1.428s] running build
[1.429s] running build_py
[1.429s] copying ultrasonic_nav/obstacle_avoidance_node.py -> /home/aleks/Joe-thesis-2026-Sensor-integration/semubot_ros2_collision_avoidance_ws/build/ultrasonic_nav/build/lib/ultrasonic_nav
[1.429s] running install
[1.437s] running install_lib
[1.466s] copying /home/aleks/Joe-thesis-2026-Sensor-integration/semubot_ros2_collision_avoidance_ws/build/ultrasonic_nav/build/lib/ultrasonic_nav/obstacle_avoidance_node.py -> /home/aleks/Joe-thesis-2026-Sensor-integration/semubot_ros2_collision_avoidance_ws/install/ultrasonic_nav/lib/python3.12/site-packages/ultrasonic_nav
[1.466s] byte-compiling /home/aleks/Joe-thesis-2026-Sensor-integration/semubot_ros2_collision_avoidance_ws/install/ultrasonic_nav/lib/python3.12/site-packages/ultrasonic_nav/obstacle_avoidance_node.py to obstacle_avoidance_node.cpython-312.pyc
[1.469s] running install_data
[1.469s] copying package.xml -> /home/aleks/Joe-thesis-2026-Sensor-integration/semubot_ros2_collision_avoidance_ws/install/ultrasonic_nav/share/ultrasonic_nav
[1.469s] copying launch/obstacle_avoidance.launch.py -> /home/aleks/Joe-thesis-2026-Sensor-integration/semubot_ros2_collision_avoidance_ws/install/ultrasonic_nav/share/ultrasonic_nav/launch
[1.469s] copying config/params.yaml -> /home/aleks/Joe-thesis-2026-Sensor-integration/semubot_ros2_collision_avoidance_ws/install/ultrasonic_nav/share/ultrasonic_nav/config
[1.469s] running install_egg_info
[1.496s] removing '/home/aleks/Joe-thesis-2026-Sensor-integration/semubot_ros2_collision_avoidance_ws/install/ultrasonic_nav/lib/python3.12/site-packages/ultrasonic_nav-0.1.0-py3.12.egg-info' (and everything under it)
[1.496s] Copying ../../build/ultrasonic_nav/ultrasonic_nav.egg-info to /home/aleks/Joe-thesis-2026-Sensor-integration/semubot_ros2_collision_avoidance_ws/install/ultrasonic_nav/lib/python3.12/site-packages/ultrasonic_nav-0.1.0-py3.12.egg-info
[1.498s] running install_scripts
[1.691s] Installing obstacle_avoidance_node script to /home/aleks/Joe-thesis-2026-Sensor-integration/semubot_ros2_collision_avoidance_ws/install/ultrasonic_nav/lib/ultrasonic_nav
[1.691s] writing list of installed files to '/home/aleks/Joe-thesis-2026-Sensor-integration/semubot_ros2_collision_avoidance_ws/build/ultrasonic_nav/install.log'
[1.734s] Invoked command in '/home/aleks/Joe-thesis-2026-Sensor-integration/semubot_ros2_collision_avoidance_ws/src/ultrasonic_nav' returned '0': DEBUGINFOD_URLS=https://debuginfod.ubuntu.com PYTHONPATH=/home/aleks/Joe-thesis-2026-Sensor-integration/semubot_ros2_collision_avoidance_ws/build/ultrasonic_nav/prefix_override:/usr/lib/python3/dist-packages/colcon_core/task/python/colcon_distutils_commands:/home/aleks/Joe-thesis-2026-Sensor-integration/semubot_ros2_collision_avoidance_ws/install/ultrasonic_nav/lib/python3.12/site-packages:${PYTHONPATH} /usr/bin/python3 -W ignore:setup.py install is deprecated -W ignore:easy_install command is deprecated setup.py egg_info --egg-base ../../build/ultrasonic_nav build --build-base /home/aleks/Joe-thesis-2026-Sensor-integration/semubot_ros2_collision_avoidance_ws/build/ultrasonic_nav/build install --record /home/aleks/Joe-thesis-2026-Sensor-integration/semubot_ros2_collision_avoidance_ws/build/ultrasonic_nav/install.log --single-version-externally-managed install_data
