[0.010s] Invoking command in '/home/aleks/Joe-thesis-2026-Sensor-integration/rasp_pico/uart/hello_uart/build/hello_uart': DEBUGINFOD_URLS=https://debuginfod.ubuntu.com /home/aleks/.pico-sdk/cmake/v3.31.5/bin/cmake /home/aleks/Joe-thesis-2026-Sensor-integration/rasp_pico/uart/hello_uart -DCMAKE_INSTALL_PREFIX=/home/aleks/Joe-thesis-2026-Sensor-integration/rasp_pico/uart/hello_uart/install/hello_uart
[0.013s] [0mPICO_SDK_PATH is /home/aleks/.pico-sdk/sdk/2.2.0[0m
[0.013s] [0mTarget board (PICO_BOARD) is 'pico2_w'.[0m
[0.014s] [0mUsing board configuration from /home/aleks/.pico-sdk/sdk/2.2.0/src/boards/include/boards/pico2_w.h[0m
[0.019s] [0mAuto-converting non-specific PICO_PLATFORM='rp2350' to 'rp2350-arm-s'[0m
[0.019s] [0mDefaulting platform (PICO_PLATFORM) to 'rp2350-arm-s' based on PICO_BOARD setting.[0m
[0.019s] [0mDefaulting compiler (PICO_COMPILER) to 'pico_arm_cortex_m33_gcc' since not specified.[0m
[0.019s] -- Defaulting build type to 'Release' since not specified.
[0.020s] [0mConfiguring toolchain based on PICO_COMPILER 'pico_arm_cortex_m33_gcc'[0m
[0.025s] [0mDefaulting PICO_GCC_TRIPLE to 'arm-none-eabi'[0m
[0.097s] -- The C compiler identification is GNU 14.2.1
[0.195s] -- The CXX compiler identification is GNU 14.2.1
[0.213s] -- The ASM compiler identification is GNU
[0.215s] -- Found assembler: /home/aleks/.pico-sdk/toolchain/14_2_Rel1/bin/arm-none-eabi-gcc
[0.220s] -- Detecting C compiler ABI info
[0.272s] -- Detecting C compiler ABI info - done
[0.299s] -- Check for working C compiler: /home/aleks/.pico-sdk/toolchain/14_2_Rel1/bin/arm-none-eabi-gcc - skipped
[0.300s] -- Detecting C compile features
[0.300s] -- Detecting C compile features - done
[0.305s] -- Detecting CXX compiler ABI info
[0.361s] -- Detecting CXX compiler ABI info - done
[0.377s] -- Check for working CXX compiler: /home/aleks/.pico-sdk/toolchain/14_2_Rel1/bin/arm-none-eabi-g++ - skipped
[0.378s] -- Detecting CXX compile features
[0.379s] -- Detecting CXX compile features - done
[0.382s] [0mBuild type is Release[0m
[0.403s] [0mUsing picotool from /home/aleks/.pico-sdk/picotool/2.2.0-a4/picotool/picotool[0m
[0.527s] -- Found Python3: /usr/bin/python3.12 (found version "3.12.3") found components: Interpreter
[0.594s] [0mTinyUSB available at /home/aleks/.pico-sdk/sdk/2.2.0/lib/tinyusb/hw/bsp/rp2040; enabling build support for USB.[0m
[0.599s] [0mBTstack available at /home/aleks/.pico-sdk/sdk/2.2.0/lib/btstack[0m
[0.601s] [0mcyw43-driver available at /home/aleks/.pico-sdk/sdk/2.2.0/lib/cyw43-driver[0m
[0.603s] [0mPico W Bluetooth build support available.[0m
[0.604s] [0mmbedtls available at /home/aleks/.pico-sdk/sdk/2.2.0/lib/mbedtls[0m
[0.606s] [0mlwIP available at /home/aleks/.pico-sdk/sdk/2.2.0/lib/lwip[0m
[0.610s] [0mPico W Wi-Fi build support available.[0m
[0.646s] -- Configuring done (0.6s)
[0.750s] -- Generating done (0.1s)
[0.764s] -- Build files have been written to: /home/aleks/Joe-thesis-2026-Sensor-integration/rasp_pico/uart/hello_uart/build/hello_uart
[0.777s] Invoked command in '/home/aleks/Joe-thesis-2026-Sensor-integration/rasp_pico/uart/hello_uart/build/hello_uart' returned '0': DEBUGINFOD_URLS=https://debuginfod.ubuntu.com /home/aleks/.pico-sdk/cmake/v3.31.5/bin/cmake /home/aleks/Joe-thesis-2026-Sensor-integration/rasp_pico/uart/hello_uart -DCMAKE_INSTALL_PREFIX=/home/aleks/Joe-thesis-2026-Sensor-integration/rasp_pico/uart/hello_uart/install/hello_uart
[0.779s] Invoking command in '/home/aleks/Joe-thesis-2026-Sensor-integration/rasp_pico/uart/hello_uart/build/hello_uart': DEBUGINFOD_URLS=https://debuginfod.ubuntu.com /home/aleks/.pico-sdk/cmake/v3.31.5/bin/cmake --build /home/aleks/Joe-thesis-2026-Sensor-integration/rasp_pico/uart/hello_uart/build/hello_uart -- -j16 -l16
[0.808s] [  1%] [32mBuilding ASM object pico-sdk/src/rp2350/boot_stage2/CMakeFiles/bs2_default.dir/compile_time_choice.S.o[0m
[0.840s] [  3%] [32m[1mLinking ASM executable bs2_default.elf[0m
[0.862s] [  3%] Built target bs2_default
[0.866s] [  4%] [34m[1mGenerating bs2_default.bin[0m
[0.870s] [  6%] [34m[1mGenerating bs2_default_padded_checksummed.S[0m
[0.905s] [  7%] [32mBuilding ASM object pico-sdk/src/rp2350/boot_stage2/CMakeFiles/bs2_default_library.dir/bs2_default_padded_checksummed.S.o[0m
[0.929s] [  7%] Built target bs2_default_library
[0.966s] [  9%] [32mBuilding C object CMakeFiles/hello_uart.dir/hello_uart.c.o[0m
[0.967s] [ 11%] [32mBuilding C object CMakeFiles/hello_uart.dir/home/aleks/.pico-sdk/sdk/2.2.0/src/rp2_common/pico_stdlib/stdlib.c.o[0m
[0.967s] [ 12%] [32mBuilding C object CMakeFiles/hello_uart.dir/home/aleks/.pico-sdk/sdk/2.2.0/src/rp2_common/hardware_gpio/gpio.c.o[0m
[0.968s] [ 14%] [32mBuilding C object CMakeFiles/hello_uart.dir/home/aleks/.pico-sdk/sdk/2.2.0/src/rp2_common/pico_platform_common/common.c.o[0m
[0.968s] [ 15%] [32mBuilding C object CMakeFiles/hello_uart.dir/home/aleks/.pico-sdk/sdk/2.2.0/src/common/hardware_claim/claim.c.o[0m
[0.968s] [ 17%] [32mBuilding C object CMakeFiles/hello_uart.dir/home/aleks/.pico-sdk/sdk/2.2.0/src/rp2350/pico_platform/platform.c.o[0m
[0.969s] [ 19%] [32mBuilding C object CMakeFiles/hello_uart.dir/home/aleks/.pico-sdk/sdk/2.2.0/src/rp2_common/pico_platform_panic/panic.c.o[0m
[0.969s] [ 20%] [32mBuilding C object CMakeFiles/hello_uart.dir/home/aleks/.pico-sdk/sdk/2.2.0/src/rp2_common/hardware_sync/sync.c.o[0m
[0.969s] [ 22%] [32mBuilding C object CMakeFiles/hello_uart.dir/home/aleks/.pico-sdk/sdk/2.2.0/src/rp2_common/hardware_sync_spin_lock/sync_spin_lock.c.o[0m
[0.971s] [ 23%] [32mBuilding C object CMakeFiles/hello_uart.dir/home/aleks/.pico-sdk/sdk/2.2.0/src/rp2_common/hardware_irq/irq.c.o[0m
[0.972s] [ 25%] [32mBuilding ASM object CMakeFiles/hello_uart.dir/home/aleks/.pico-sdk/sdk/2.2.0/src/rp2_common/hardware_irq/irq_handler_chain.S.o[0m
[0.975s] [ 26%] [32mBuilding C object CMakeFiles/hello_uart.dir/home/aleks/.pico-sdk/sdk/2.2.0/src/common/pico_sync/sem.c.o[0m
[0.975s] [ 28%] [32mBuilding C object CMakeFiles/hello_uart.dir/home/aleks/.pico-sdk/sdk/2.2.0/src/common/pico_sync/lock_core.c.o[0m
[0.976s] [ 30%] [32mBuilding C object CMakeFiles/hello_uart.dir/home/aleks/.pico-sdk/sdk/2.2.0/src/common/pico_sync/mutex.c.o[0m
[0.977s] [ 31%] [32mBuilding C object CMakeFiles/hello_uart.dir/home/aleks/.pico-sdk/sdk/2.2.0/src/common/pico_sync/critical_section.c.o[0m
[0.977s] [ 33%] [32mBuilding C object CMakeFiles/hello_uart.dir/home/aleks/.pico-sdk/sdk/2.2.0/src/common/pico_time/time.c.o[0m
[0.995s] [ 34%] [32mBuilding C object CMakeFiles/hello_uart.dir/home/aleks/.pico-sdk/sdk/2.2.0/src/common/pico_time/timeout_helper.c.o[0m
[1.025s] [ 36%] [32mBuilding C object CMakeFiles/hello_uart.dir/home/aleks/.pico-sdk/sdk/2.2.0/src/rp2_common/hardware_timer/timer.c.o[0m
[1.050s] [ 38%] [32mBuilding C object CMakeFiles/hello_uart.dir/home/aleks/.pico-sdk/sdk/2.2.0/src/common/pico_util/datetime.c.o[0m
[1.058s] [ 39%] [32mBuilding C object CMakeFiles/hello_uart.dir/home/aleks/.pico-sdk/sdk/2.2.0/src/common/pico_util/pheap.c.o[0m
[1.060s] [ 41%] [32mBuilding C object CMakeFiles/hello_uart.dir/home/aleks/.pico-sdk/sdk/2.2.0/src/common/pico_util/queue.c.o[0m
[1.062s] [ 42%] [32mBuilding C object CMakeFiles/hello_uart.dir/home/aleks/.pico-sdk/sdk/2.2.0/src/rp2_common/hardware_uart/uart.c.o[0m
[1.062s] [ 44%] [32mBuilding C object CMakeFiles/hello_uart.dir/home/aleks/.pico-sdk/sdk/2.2.0/src/rp2_common/hardware_clocks/clocks.c.o[0m
[1.075s] [ 46%] [32mBuilding C object CMakeFiles/hello_uart.dir/home/aleks/.pico-sdk/sdk/2.2.0/src/rp2_common/hardware_pll/pll.c.o[0m
[1.087s] [ 47%] [32mBuilding C object CMakeFiles/hello_uart.dir/home/aleks/.pico-sdk/sdk/2.2.0/src/rp2_common/hardware_watchdog/watchdog.c.o[0m
[1.087s] [ 49%] [32mBuilding C object CMakeFiles/hello_uart.dir/home/aleks/.pico-sdk/sdk/2.2.0/src/rp2_common/hardware_vreg/vreg.c.o[0m
[1.098s] [ 50%] [32mBuilding C object CMakeFiles/hello_uart.dir/home/aleks/.pico-sdk/sdk/2.2.0/src/rp2_common/hardware_ticks/ticks.c.o[0m
[1.121s] [ 52%] [32mBuilding C object CMakeFiles/hello_uart.dir/home/aleks/.pico-sdk/sdk/2.2.0/src/rp2_common/pico_bootrom/bootrom.c.o[0m
[1.148s] [ 53%] [32mBuilding C object CMakeFiles/hello_uart.dir/home/aleks/.pico-sdk/sdk/2.2.0/src/rp2_common/pico_bootrom/bootrom_lock.c.o[0m
[1.170s] [ 55%] [32mBuilding C object CMakeFiles/hello_uart.dir/home/aleks/.pico-sdk/sdk/2.2.0/src/rp2_common/hardware_boot_lock/boot_lock.c.o[0m
[1.171s] [ 57%] [32mBuilding C object CMakeFiles/hello_uart.dir/home/aleks/.pico-sdk/sdk/2.2.0/src/rp2_common/pico_flash/flash.c.o[0m
[1.177s] [ 58%] [32mBuilding C object CMakeFiles/hello_uart.dir/home/aleks/.pico-sdk/sdk/2.2.0/src/rp2_common/hardware_xosc/xosc.c.o[0m
[1.182s] [ 60%] [32mBuilding C object CMakeFiles/hello_uart.dir/home/aleks/.pico-sdk/sdk/2.2.0/src/rp2_common/hardware_divider/divider.c.o[0m
[1.217s] [ 61%] [32mBuilding C object CMakeFiles/hello_uart.dir/home/aleks/.pico-sdk/sdk/2.2.0/src/rp2_common/pico_runtime/runtime.c.o[0m
[1.243s] [ 63%] [32mBuilding C object CMakeFiles/hello_uart.dir/home/aleks/.pico-sdk/sdk/2.2.0/src/rp2_common/pico_runtime_init/runtime_init.c.o[0m
[1.247s] [ 65%] [32mBuilding C object CMakeFiles/hello_uart.dir/home/aleks/.pico-sdk/sdk/2.2.0/src/rp2_common/pico_runtime_init/runtime_init_clocks.c.o[0m
[1.250s] [ 66%] [32mBuilding C object CMakeFiles/hello_uart.dir/home/aleks/.pico-sdk/sdk/2.2.0/src/rp2_common/pico_runtime_init/runtime_init_stack_guard.c.o[0m
[1.251s] [ 68%] [32mBuilding ASM object CMakeFiles/hello_uart.dir/home/aleks/.pico-sdk/sdk/2.2.0/src/rp2_common/pico_bit_ops/bit_ops_aeabi.S.o[0m
[1.256s] [ 69%] [32mBuilding C object CMakeFiles/hello_uart.dir/home/aleks/.pico-sdk/sdk/2.2.0/src/rp2_common/pico_divider/divider_compiler.c.o[0m
[1.263s] [ 71%] [32mBuilding C object CMakeFiles/hello_uart.dir/home/aleks/.pico-sdk/sdk/2.2.0/src/rp2_common/pico_double/double_math.c.o[0m
[1.274s] [ 73%] [32mBuilding ASM object CMakeFiles/hello_uart.dir/home/aleks/.pico-sdk/sdk/2.2.0/src/rp2_common/pico_double/double_aeabi_dcp.S.o[0m
[1.284s] [ 74%] [32mBuilding ASM object CMakeFiles/hello_uart.dir/home/aleks/.pico-sdk/sdk/2.2.0/src/rp2_common/pico_double/double_fma_dcp.S.o[0m
[1.285s] [ 76%] [32mBuilding ASM object CMakeFiles/hello_uart.dir/home/aleks/.pico-sdk/sdk/2.2.0/src/rp2_common/pico_double/double_sci_m33.S.o[0m
[1.299s] [ 77%] [32mBuilding ASM object CMakeFiles/hello_uart.dir/home/aleks/.pico-sdk/sdk/2.2.0/src/rp2_common/pico_double/double_conv_m33.S.o[0m
[1.299s] [ 79%] [32mBuilding C object CMakeFiles/hello_uart.dir/home/aleks/.pico-sdk/sdk/2.2.0/src/rp2_common/pico_float/float_math.c.o[0m
[1.309s] [ 80%] [32mBuilding ASM object CMakeFiles/hello_uart.dir/home/aleks/.pico-sdk/sdk/2.2.0/src/rp2_common/pico_float/float_conv32_vfp.S.o[0m
[1.315s] [ 82%] [32mBuilding ASM object CMakeFiles/hello_uart.dir/home/aleks/.pico-sdk/sdk/2.2.0/src/rp2_common/pico_float/float_common_m33.S.o[0m
[1.317s] [ 84%] [32mBuilding ASM object CMakeFiles/hello_uart.dir/home/aleks/.pico-sdk/sdk/2.2.0/src/rp2_common/pico_float/float_sci_m33_vfp.S.o[0m
[1.320s] [ 85%] [32mBuilding C object CMakeFiles/hello_uart.dir/home/aleks/.pico-sdk/sdk/2.2.0/src/rp2_common/pico_malloc/malloc.c.o[0m
[1.332s] [ 87%] [32mBuilding CXX object CMakeFiles/hello_uart.dir/home/aleks/.pico-sdk/sdk/2.2.0/src/rp2_common/pico_cxx_options/new_delete.cpp.o[0m
[1.332s] [ 88%] [32mBuilding C object CMakeFiles/hello_uart.dir/home/aleks/.pico-sdk/sdk/2.2.0/src/rp2_common/pico_atomic/atomic.c.o[0m
[1.345s] [ 90%] [32mBuilding C object CMakeFiles/hello_uart.dir/home/aleks/.pico-sdk/sdk/2.2.0/src/rp2_common/pico_standard_binary_info/standard_binary_info.c.o[0m
[1.346s] [ 92%] [32mBuilding C object CMakeFiles/hello_uart.dir/home/aleks/.pico-sdk/sdk/2.2.0/src/rp2_common/pico_printf/printf.c.o[0m
[1.348s] [ 93%] [32mBuilding ASM object CMakeFiles/hello_uart.dir/home/aleks/.pico-sdk/sdk/2.2.0/src/rp2_common/pico_crt0/crt0.S.o[0m
[1.353s] [ 95%] [32mBuilding C object CMakeFiles/hello_uart.dir/home/aleks/.pico-sdk/sdk/2.2.0/src/rp2_common/pico_clib_interface/newlib_interface.c.o[0m
[1.357s] [ 96%] [32mBuilding C object CMakeFiles/hello_uart.dir/home/aleks/.pico-sdk/sdk/2.2.0/src/rp2_common/pico_stdio/stdio.c.o[0m
[1.377s] [ 98%] [32mBuilding C object CMakeFiles/hello_uart.dir/home/aleks/.pico-sdk/sdk/2.2.0/src/rp2_common/pico_stdio_uart/stdio_uart.c.o[0m
[1.852s] [100%] [32m[1mLinking CXX executable hello_uart.elf[0m
[1.932s] [100%] Built target hello_uart
[1.940s] Invoked command in '/home/aleks/Joe-thesis-2026-Sensor-integration/rasp_pico/uart/hello_uart/build/hello_uart' returned '0': DEBUGINFOD_URLS=https://debuginfod.ubuntu.com /home/aleks/.pico-sdk/cmake/v3.31.5/bin/cmake --build /home/aleks/Joe-thesis-2026-Sensor-integration/rasp_pico/uart/hello_uart/build/hello_uart -- -j16 -l16
